Archive member included to satisfy reference by file (symbol)

c:/program files (x86)/atmel/studio/7.0/toolchain/arm/arm-gnu-toolchain/bin/../lib/gcc/arm-none-eabi/6.3.1/../../../../arm-none-eabi/lib/thumb/v7-m\libm.a(lib_a-w_sqrt.o)
                              src/tdoa.o (sqrt)
c:/program files (x86)/atmel/studio/7.0/toolchain/arm/arm-gnu-toolchain/bin/../lib/gcc/arm-none-eabi/6.3.1/../../../../arm-none-eabi/lib/thumb/v7-m\libm.a(lib_a-e_sqrt.o)
                              c:/program files (x86)/atmel/studio/7.0/toolchain/arm/arm-gnu-toolchain/bin/../lib/gcc/arm-none-eabi/6.3.1/../../../../arm-none-eabi/lib/thumb/v7-m\libm.a(lib_a-w_sqrt.o) (__ieee754_sqrt)
c:/program files (x86)/atmel/studio/7.0/toolchain/arm/arm-gnu-toolchain/bin/../lib/gcc/arm-none-eabi/6.3.1/../../../../arm-none-eabi/lib/thumb/v7-m\libm.a(lib_a-s_lib_ver.o)
                              c:/program files (x86)/atmel/studio/7.0/toolchain/arm/arm-gnu-toolchain/bin/../lib/gcc/arm-none-eabi/6.3.1/../../../../arm-none-eabi/lib/thumb/v7-m\libm.a(lib_a-w_sqrt.o) (__fdlib_version)
c:/program files (x86)/atmel/studio/7.0/toolchain/arm/arm-gnu-toolchain/bin/../lib/gcc/arm-none-eabi/6.3.1/../../../../arm-none-eabi/lib/thumb/v7-m\libm.a(lib_a-s_matherr.o)
                              c:/program files (x86)/atmel/studio/7.0/toolchain/arm/arm-gnu-toolchain/bin/../lib/gcc/arm-none-eabi/6.3.1/../../../../arm-none-eabi/lib/thumb/v7-m\libm.a(lib_a-w_sqrt.o) (matherr)
c:/program files (x86)/atmel/studio/7.0/toolchain/arm/arm-gnu-toolchain/bin/../lib/gcc/arm-none-eabi/6.3.1/thumb/v7-m\libgcc.a(_arm_addsubdf3.o)
                              src/tdoa.o (__aeabi_dsub)
c:/program files (x86)/atmel/studio/7.0/toolchain/arm/arm-gnu-toolchain/bin/../lib/gcc/arm-none-eabi/6.3.1/thumb/v7-m\libgcc.a(_arm_muldivdf3.o)
                              src/tdoa.o (__aeabi_dmul)
c:/program files (x86)/atmel/studio/7.0/toolchain/arm/arm-gnu-toolchain/bin/../lib/gcc/arm-none-eabi/6.3.1/thumb/v7-m\libgcc.a(_arm_cmpdf2.o)
                              c:/program files (x86)/atmel/studio/7.0/toolchain/arm/arm-gnu-toolchain/bin/../lib/gcc/arm-none-eabi/6.3.1/../../../../arm-none-eabi/lib/thumb/v7-m\libm.a(lib_a-w_sqrt.o) (__aeabi_dcmplt)
c:/program files (x86)/atmel/studio/7.0/toolchain/arm/arm-gnu-toolchain/bin/../lib/gcc/arm-none-eabi/6.3.1/thumb/v7-m\libgcc.a(_arm_unorddf2.o)
                              c:/program files (x86)/atmel/studio/7.0/toolchain/arm/arm-gnu-toolchain/bin/../lib/gcc/arm-none-eabi/6.3.1/../../../../arm-none-eabi/lib/thumb/v7-m\libm.a(lib_a-w_sqrt.o) (__aeabi_dcmpun)
c:/program files (x86)/atmel/studio/7.0/toolchain/arm/arm-gnu-toolchain/bin/../lib/gcc/arm-none-eabi/6.3.1/../../../../arm-none-eabi/lib/thumb/v7-m\libc.a(lib_a-errno.o)
                              c:/program files (x86)/atmel/studio/7.0/toolchain/arm/arm-gnu-toolchain/bin/../lib/gcc/arm-none-eabi/6.3.1/../../../../arm-none-eabi/lib/thumb/v7-m\libm.a(lib_a-w_sqrt.o) (__errno)
c:/program files (x86)/atmel/studio/7.0/toolchain/arm/arm-gnu-toolchain/bin/../lib/gcc/arm-none-eabi/6.3.1/../../../../arm-none-eabi/lib/thumb/v7-m\libc.a(lib_a-exit.o)
                              c:/program files (x86)/atmel/studio/7.0/toolchain/arm/arm-gnu-toolchain/bin/../lib/gcc/arm-none-eabi/6.3.1/../../../../arm-none-eabi/lib/thumb/v7-m/crt0.o (exit)
c:/program files (x86)/atmel/studio/7.0/toolchain/arm/arm-gnu-toolchain/bin/../lib/gcc/arm-none-eabi/6.3.1/../../../../arm-none-eabi/lib/thumb/v7-m\libc.a(lib_a-impure.o)
                              c:/program files (x86)/atmel/studio/7.0/toolchain/arm/arm-gnu-toolchain/bin/../lib/gcc/arm-none-eabi/6.3.1/../../../../arm-none-eabi/lib/thumb/v7-m\libc.a(lib_a-exit.o) (_global_impure_ptr)
c:/program files (x86)/atmel/studio/7.0/toolchain/arm/arm-gnu-toolchain/bin/../lib/gcc/arm-none-eabi/6.3.1/../../../../arm-none-eabi/lib/thumb/v7-m\libc.a(lib_a-init.o)
                              c:/program files (x86)/atmel/studio/7.0/toolchain/arm/arm-gnu-toolchain/bin/../lib/gcc/arm-none-eabi/6.3.1/../../../../arm-none-eabi/lib/thumb/v7-m/crt0.o (__libc_init_array)
c:/program files (x86)/atmel/studio/7.0/toolchain/arm/arm-gnu-toolchain/bin/../lib/gcc/arm-none-eabi/6.3.1/../../../../arm-none-eabi/lib/thumb/v7-m\libc.a(lib_a-iprintf.o)
                              src/console_functions.o (iprintf)
c:/program files (x86)/atmel/studio/7.0/toolchain/arm/arm-gnu-toolchain/bin/../lib/gcc/arm-none-eabi/6.3.1/../../../../arm-none-eabi/lib/thumb/v7-m\libc.a(lib_a-malloc.o)
                              src/dec_string.o (malloc)
c:/program files (x86)/atmel/studio/7.0/toolchain/arm/arm-gnu-toolchain/bin/../lib/gcc/arm-none-eabi/6.3.1/../../../../arm-none-eabi/lib/thumb/v7-m\libc.a(lib_a-mallocr.o)
                              c:/program files (x86)/atmel/studio/7.0/toolchain/arm/arm-gnu-toolchain/bin/../lib/gcc/arm-none-eabi/6.3.1/../../../../arm-none-eabi/lib/thumb/v7-m\libc.a(lib_a-malloc.o) (_malloc_r)
[...]
Memory Configuration

Name             Origin             Length             Attributes
rom              0x00080000         0x00080000         xr
sram0            0x20000000         0x00010000         xrw
sram1            0x20080000         0x00008000         xrw
ram              0x20070000         0x00018000         xrw
*default*        0x00000000         0xffffffff

Linker script and memory map

LOAD c:/program files (x86)/atmel/studio/7.0/toolchain/arm/arm-gnu-toolchain/bin/../lib/gcc/arm-none-eabi/6.3.1/thumb/v7-m/crti.o
LOAD c:/program files (x86)/atmel/studio/7.0/toolchain/arm/arm-gnu-toolchain/bin/../lib/gcc/arm-none-eabi/6.3.1/thumb/v7-m/crtbegin.o
LOAD c:/program files (x86)/atmel/studio/7.0/toolchain/arm/arm-gnu-toolchain/bin/../lib/gcc/arm-none-eabi/6.3.1/../../../../arm-none-eabi/lib/thumb/v7-m/crt0.o
LOAD src/ASF/common/utils/stdio/read.o
LOAD src/ASF/sam/drivers/usart/usart.o
LOAD src/ASF/thirdparty/wireless/addons/sio2host/uart/sio2host.o
LOAD src/console_functions.o
LOAD src/dec_string.o
LOAD src/tdoa.o
LOAD src/ASF/common/utils/stdio/write.o
LOAD src/ASF/common/services/serial/usart_serial.o
LOAD src/ASF/common/services/delay/sam/cycle_counter.o
LOAD src/ASF/sam/drivers/uart/uart.o
LOAD src/ASF/common/services/clock/sam3x/sysclk.o
LOAD src/ASF/common/utils/interrupt/interrupt_sam_nvic.o
LOAD src/ASF/sam/boards/arduino_due_x/init.o
LOAD src/ASF/sam/drivers/pio/pio.o
LOAD src/ASF/sam/drivers/pio/pio_handler.o
LOAD src/ASF/sam/drivers/pmc/pmc.o
LOAD src/ASF/sam/drivers/pmc/sleep.o
LOAD src/ASF/sam/utils/cmsis/sam3x/source/templates/exceptions.o
LOAD src/ASF/sam/utils/cmsis/sam3x/source/templates/gcc/startup_sam3x.o
LOAD src/ASF/sam/utils/cmsis/sam3x/source/templates/system_sam3x.o
LOAD src/ASF/sam/utils/syscalls/gcc/syscalls.o
LOAD src/main.o
START GROUP
LOAD ../src/ASF/thirdparty/CMSIS/Lib/GCC\libarm_cortexM3l_math.a
LOAD c:/program files (x86)/atmel/studio/7.0/toolchain/arm/arm-gnu-toolchain/bin/../lib/gcc/arm-none-eabi/6.3.1/../../../../arm-none-eabi/lib/thumb/v7-m\libm.a
END GROUP
START GROUP
LOAD c:/program files (x86)/atmel/studio/7.0/toolchain/arm/arm-gnu-toolchain/bin/../lib/gcc/arm-none-eabi/6.3.1/thumb/v7-m\libgcc.a
LOAD c:/program files (x86)/atmel/studio/7.0/toolchain/arm/arm-gnu-toolchain/bin/../lib/gcc/arm-none-eabi/6.3.1/../../../../arm-none-eabi/lib/thumb/v7-m\libc.a
END GROUP
LOAD c:/program files (x86)/atmel/studio/7.0/toolchain/arm/arm-gnu-toolchain/bin/../lib/gcc/arm-none-eabi/6.3.1/thumb/v7-m/crtend.o
LOAD c:/program files (x86)/atmel/studio/7.0/toolchain/arm/arm-gnu-toolchain/bin/../lib/gcc/arm-none-eabi/6.3.1/thumb/v7-m/crtn.o
                0x00002000                __stack_size__ = DEFINED (__stack_size__)?__stack_size__:0x2000
                0x20087ffc                __ram_end__ = ((ORIGIN (ram) + LENGTH (ram)) - 0x4)

.text           0x00080000     0x7e04
                0x00080000                . = ALIGN (0x4)
                0x00080000                _sfixed = .
 *(.vectors .vectors.*)
 .vectors       0x00080000       0xf4 src/ASF/sam/utils/cmsis/sam3x/source/templates/gcc/startup_sam3x.o
                0x00080000                exception_table
 *(.text .text.* .gnu.linkonce.t.*)
 .text          0x000800f4       0x6c c:/program files (x86)/atmel/studio/7.0/toolchain/arm/arm-gnu-toolchain/bin/../lib/gcc/arm-none-eabi/6.3.1/thumb/v7-m/crtbegin.o
 .text._read    0x00080160       0x3c src/ASF/common/utils/stdio/read.o
                0x00080160                _read
 .text.usart_write
                0x0008019c       0x14 src/ASF/sam/drivers/usart/usart.o
                0x0008019c                usart_write
 .text.usart_read
                0x000801b0       0x18 src/ASF/sam/drivers/usart/usart.o
                0x000801b0                usart_read
 .text.USART0_Handler
                0x000801c8       0x60 src/ASF/thirdparty/wireless/addons/sio2host/uart/sio2host.o
                0x000801c8                USART0_Handler
 .text.usart_serial_getchar
                0x00080228       0xac src/console_functions.o
 .text.usart_serial_putchar
                0x000802d4       0x9c src/console_functions.o
 .text.configure_console
                0x00080370       0x94 src/console_functions.o
                0x00080370                configure_console
 .text.get_decimal_string
                0x00080404       0x34 src/dec_string.o
                0x00080404                get_decimal_string
 .text.tdoa_init
                0x00080438       0x50 src/tdoa.o
                0x00080438                tdoa_init
 .text.set_sdoa
                0x00080488       0x90 src/tdoa.o
                0x00080488                set_sdoa
 .text.calculate_position
                0x00080518      0x6b4 src/tdoa.o
                0x00080518                calculate_position
 .text._write   0x00080bcc       0x50 src/ASF/common/utils/stdio/write.o
                0x00080bcc                _write
 .text.usart_serial_read_packet
                0x00080c1c       0xc8 src/ASF/common/services/serial/usart_serial.o
                0x00080c1c                usart_serial_read_packet
 .text.uart_init
                0x00080ce4       0x36 src/ASF/sam/drivers/uart/uart.o
                0x00080ce4                uart_init
 .text.uart_write
                0x00080d1a       0x10 src/ASF/sam/drivers/uart/uart.o
                0x00080d1a                uart_write
 .text.uart_read
                0x00080d2a       0x12 src/ASF/sam/drivers/uart/uart.o
                0x00080d2a                uart_read
 .text.sysclk_init
                0x00080d3c       0x64 src/ASF/common/services/clock/sam3x/sysclk.o
                0x00080d3c                sysclk_init
 .text.board_init
                0x00080da0       0x80 src/ASF/sam/boards/arduino_due_x/init.o
                0x00080da0                board_init
 .text.pio_set_peripheral
                0x00080e20       0x3e src/ASF/sam/drivers/pio/pio.o
                0x00080e20                pio_set_peripheral
 .text.pio_set_input
                0x00080e5e       0x32 src/ASF/sam/drivers/pio/pio.o
                0x00080e5e                pio_set_input
 .text.pio_set_output
                0x00080e90       0x26 src/ASF/sam/drivers/pio/pio.o
                0x00080e90                pio_set_output
 .text.pio_get_interrupt_status
                0x00080eb6        0x4 src/ASF/sam/drivers/pio/pio.o
                0x00080eb6                pio_get_interrupt_status
 .text.pio_get_interrupt_mask
                0x00080eba        0x4 src/ASF/sam/drivers/pio/pio.o
                0x00080eba                pio_get_interrupt_mask
 *fill*         0x00080ebe        0x2 
 .text.pio_configure_pin
                0x00080ec0       0xd0 src/ASF/sam/drivers/pio/pio.o
                0x00080ec0                pio_configure_pin
 .text.pio_configure_pin_group
                0x00080f90       0x9c src/ASF/sam/drivers/pio/pio.o
                0x00080f90                pio_configure_pin_group
 .text.pio_handler_process
                0x0008102c       0x50 src/ASF/sam/drivers/pio/pio_handler.o
                0x0008102c                pio_handler_process
 .text.PIOA_Handler
                0x0008107c       0x14 src/ASF/sam/drivers/pio/pio_handler.o
                0x0008107c                PIOA_Handler
 .text.PIOB_Handler
                0x00081090       0x14 src/ASF/sam/drivers/pio/pio_handler.o
                0x00081090                PIOB_Handler
 .text.PIOC_Handler
                0x000810a4       0x14 src/ASF/sam/drivers/pio/pio_handler.o
                0x000810a4                PIOC_Handler
 .text.PIOD_Handler
                0x000810b8       0x14 src/ASF/sam/drivers/pio/pio_handler.o
                0x000810b8                PIOD_Handler
 .text.pmc_switch_mck_to_pllack
                0x000810cc       0x64 src/ASF/sam/drivers/pmc/pmc.o
                0x000810cc                pmc_switch_mck_to_pllack
 .text.pmc_switch_mainck_to_xtal
                0x00081130       0x54 src/ASF/sam/drivers/pmc/pmc.o
                0x00081130                pmc_switch_mainck_to_xtal
 .text.pmc_osc_is_ready_mainck
                0x00081184       0x10 src/ASF/sam/drivers/pmc/pmc.o
                0x00081184                pmc_osc_is_ready_mainck
 .text.pmc_disable_pllack
                0x00081194       0x10 src/ASF/sam/drivers/pmc/pmc.o
                0x00081194                pmc_disable_pllack
 .text.pmc_is_locked_pllack
                0x000811a4       0x10 src/ASF/sam/drivers/pmc/pmc.o
                0x000811a4                pmc_is_locked_pllack
 .text.pmc_enable_periph_clk
                0x000811b4       0x54 src/ASF/sam/drivers/pmc/pmc.o
                0x000811b4                pmc_enable_periph_clk
 .text.Dummy_Handler
                0x00081208        0x2 src/ASF/sam/utils/cmsis/sam3x/source/templates/exceptions.o
                0x00081208                DACC_Handler
                0x00081208                DebugMon_Handler
                0x00081208                DMAC_Handler
                0x00081208                TRNG_Handler
                0x00081208                HardFault_Handler
                0x00081208                TC2_Handler
                0x00081208                SysTick_Handler
                0x00081208                USART3_Handler
                0x00081208                TWI1_Handler
                0x00081208                PendSV_Handler
                0x00081208                NMI_Handler
                0x00081208                TC7_Handler
                0x00081208                ADC_Handler
                0x00081208                SMC_Handler
                0x00081208                RTT_Handler
                0x00081208                EFC1_Handler
                0x00081208                RTC_Handler
                0x00081208                UsageFault_Handler
                0x00081208                TC6_Handler
                0x00081208                WDT_Handler
                0x00081208                CAN0_Handler
                0x00081208                TC4_Handler
                0x00081208                TC1_Handler
                0x00081208                HSMCI_Handler
                0x00081208                TC3_Handler
                0x00081208                Dummy_Handler
                0x00081208                TWI0_Handler
                0x00081208                USART1_Handler
                0x00081208                SSC_Handler
                0x00081208                EFC0_Handler
                0x00081208                PMC_Handler
                0x00081208                PWM_Handler
                0x00081208                CAN1_Handler
                0x00081208                MemManage_Handler
                0x00081208                SUPC_Handler
                0x00081208                SVC_Handler
                0x00081208                TC8_Handler
                0x00081208                USART2_Handler
                0x00081208                EMAC_Handler
                0x00081208                UART_Handler
                0x00081208                BusFault_Handler
                0x00081208                RSTC_Handler
                0x00081208                TC0_Handler
                0x00081208                TC5_Handler
                0x00081208                UOTGHS_Handler
                0x00081208                SPI0_Handler
 *fill*         0x0008120a        0x2 
 .text.Reset_Handler
                0x0008120c       0x98 src/ASF/sam/utils/cmsis/sam3x/source/templates/gcc/startup_sam3x.o
                0x0008120c                Reset_Handler
 .text.SystemCoreClockUpdate
                0x000812a4      0x118 src/ASF/sam/utils/cmsis/sam3x/source/templates/system_sam3x.o
                0x000812a4                SystemCoreClockUpdate
 .text._sbrk    0x000813bc       0x38 src/ASF/sam/utils/syscalls/gcc/syscalls.o
                0x000813bc                _sbrk
 .text._close   0x000813f4        0x6 src/ASF/sam/utils/syscalls/gcc/syscalls.o
                0x000813f4                _close
 .text._fstat   0x000813fa        0xa src/ASF/sam/utils/syscalls/gcc/syscalls.o
                0x000813fa                _fstat
 .text._isatty  0x00081404        0x4 src/ASF/sam/utils/syscalls/gcc/syscalls.o
                0x00081404                _isatty
 .text._lseek   0x00081408        0x4 src/ASF/sam/utils/syscalls/gcc/syscalls.o
                0x00081408                _lseek
 *fill*         0x0008140c        0x4 
 .text.main     0x00081410       0xc4 src/main.o
                0x00081410                main
 .text.sqrt     0x000814d4       0xbc c:/program files (x86)/atmel/studio/7.0/toolchain/arm/arm-gnu-toolchain/bin/../lib/gcc/arm-none-eabi/6.3.1/../../../../arm-none-eabi/lib/thumb/v7-m\libm.a(lib_a-w_sqrt.o)
                0x000814d4                sqrt
 .text.__ieee754_sqrt
                0x00081590      0x178 c:/program files (x86)/atmel/studio/7.0/toolchain/arm/arm-gnu-toolchain/bin/../lib/gcc/arm-none-eabi/6.3.1/../../../../arm-none-eabi/lib/thumb/v7-m\libm.a(lib_a-e_sqrt.o)
                0x00081590                __ieee754_sqrt
 .text.matherr  0x00081708        0x4 c:/program files (x86)/atmel/studio/7.0/toolchain/arm/arm-gnu-toolchain/bin/../lib/gcc/arm-none-eabi/6.3.1/../../../../arm-none-eabi/lib/thumb/v7-m\libm.a(lib_a-s_matherr.o)
                0x00081708                matherr
 .text          0x0008170c      0x370 c:/program files (x86)/atmel/studio/7.0/toolchain/arm/arm-gnu-toolchain/bin/../lib/gcc/arm-none-eabi/6.3.1/thumb/v7-m\libgcc.a(_arm_addsubdf3.o)
                0x0008170c                __aeabi_drsub
                0x00081714                __aeabi_dsub
                0x00081714                __subdf3
                0x00081718                __aeabi_dadd
                0x00081718                __adddf3
                0x00081990                __floatunsidf
                0x00081990                __aeabi_ui2d
                0x000819b0                __floatsidf
                0x000819b0                __aeabi_i2d
                0x000819d4                __aeabi_f2d
                0x000819d4                __extendsfdf2
                0x00081a10                __floatundidf
                0x00081a10                __aeabi_ul2d
                0x00081a20                __floatdidf
                0x00081a20                __aeabi_l2d
 .text          0x00081a7c      0x424 c:/program files (x86)/atmel/studio/7.0/toolchain/arm/arm-gnu-toolchain/bin/../lib/gcc/arm-none-eabi/6.3.1/thumb/v7-m\libgcc.a(_arm_muldivdf3.o)
                0x00081a7c                __aeabi_dmul
                0x00081a7c                __muldf3
                0x00081cd0                __divdf3
                0x00081cd0                __aeabi_ddiv
 .text          0x00081ea0      0x110 c:/program files (x86)/atmel/studio/7.0/toolchain/arm/arm-gnu-toolchain/bin/../lib/gcc/arm-none-eabi/6.3.1/thumb/v7-m\libgcc.a(_arm_cmpdf2.o)
                0x00081ea0                __gtdf2
                0x00081ea0                __gedf2
                0x00081ea8                __ltdf2
                0x00081ea8                __ledf2
                0x00081eb0                __nedf2
                0x00081eb0                __eqdf2
                0x00081eb0                __cmpdf2
                0x00081f2c                __aeabi_cdrcmple
                0x00081f3c                __aeabi_cdcmpeq
                0x00081f3c                __aeabi_cdcmple
                0x00081f4c                __aeabi_dcmpeq
                0x00081f60                __aeabi_dcmplt
                0x00081f74                __aeabi_dcmple
                0x00081f88                __aeabi_dcmpge
                0x00081f9c                __aeabi_dcmpgt
 .text          0x00081fb0       0x2c c:/program files (x86)/atmel/studio/7.0/toolchain/arm/arm-gnu-toolchain/bin/../lib/gcc/arm-none-eabi/6.3.1/thumb/v7-m\libgcc.a(_arm_unorddf2.o)
                0x00081fb0                __unorddf2
                0x00081fb0                __aeabi_dcmpun
 .text.__errno  0x00081fdc        0xc c:/program files (x86)/atmel/studio/7.0/toolchain/arm/arm-gnu-toolchain/bin/../lib/gcc/arm-none-eabi/6.3.1/../../../../arm-none-eabi/lib/thumb/v7-m\libc.a(lib_a-errno.o)
                0x00081fdc                __errno
 .text.__libc_init_array
                0x00081fe8       0x50 c:/program files (x86)/atmel/studio/7.0/toolchain/arm/arm-gnu-toolchain/bin/../lib/gcc/arm-none-eabi/6.3.1/../../../../arm-none-eabi/lib/thumb/v7-m\libc.a(lib_a-init.o)
                0x00081fe8                __libc_init_array
 .text.iprintf  0x00082038       0x28 c:/program files (x86)/atmel/studio/7.0/toolchain/arm/arm-gnu-toolchain/bin/../lib/gcc/arm-none-eabi/6.3.1/../../../../arm-none-eabi/lib/thumb/v7-m\libc.a(lib_a-iprintf.o)
                0x00082038                iprintf
 .text.malloc   0x00082060       0x10 c:/program files (x86)/atmel/studio/7.0/toolchain/arm/arm-gnu-toolchain/bin/../lib/gcc/arm-none-eabi/6.3.1/../../../../arm-none-eabi/lib/thumb/v7-m\libc.a(lib_a-malloc.o)
                0x00082060                malloc
 .text._malloc_r
                0x00082070      0x544 c:/program files (x86)/atmel/studio/7.0/toolchain/arm/arm-gnu-toolchain/bin/../lib/gcc/arm-none-eabi/6.3.1/../../../../arm-none-eabi/lib/thumb/v7-m\libc.a(lib_a-mallocr.o)
                0x00082070                _malloc_r
 .text.memset   0x000825b4       0x9c c:/program files (x86)/atmel/studio/7.0/toolchain/arm/arm-gnu-toolchain/bin/../lib/gcc/arm-none-eabi/6.3.1/../../../../arm-none-eabi/lib/thumb/v7-m\libc.a(lib_a-memset.o)
                0x000825b4                memset
 .text.__malloc_lock
                0x00082650        0xc c:/program files (x86)/atmel/studio/7.0/toolchain/arm/arm-gnu-toolchain/bin/../lib/gcc/arm-none-eabi/6.3.1/../../../../arm-none-eabi/lib/thumb/v7-m\libc.a(lib_a-mlock.o)
                0x00082650                __malloc_lock
 .text.__malloc_unlock
                0x0008265c        0xc c:/program files (x86)/atmel/studio/7.0/toolchain/arm/arm-gnu-toolchain/bin/../lib/gcc/arm-none-eabi/6.3.1/../../../../arm-none-eabi/lib/thumb/v7-m\libc.a(lib_a-mlock.o)
                0x0008265c                __malloc_unlock
 .text._sbrk_r  0x00082668       0x24 c:/program files (x86)/atmel/studio/7.0/toolchain/arm/arm-gnu-toolchain/bin/../lib/gcc/arm-none-eabi/6.3.1/../../../../arm-none-eabi/lib/thumb/v7-m\libc.a(lib_a-sbrkr.o)
                0x00082668                _sbrk_r
 .text.setbuf   0x0008268c       0x10 c:/program files (x86)/atmel/studio/7.0/toolchain/arm/arm-gnu-toolchain/bin/../lib/gcc/arm-none-eabi/6.3.1/../../../../arm-none-eabi/lib/thumb/v7-m\libc.a(lib_a-setbuf.o)
                0x0008268c                setbuf
 .text.setvbuf  0x0008269c      0x190 c:/program files (x86)/atmel/studio/7.0/toolchain/arm/arm-gnu-toolchain/bin/../lib/gcc/arm-none-eabi/6.3.1/../../../../arm-none-eabi/lib/thumb/v7-m\libc.a(lib_a-setvbuf.o)
                0x0008269c                setvbuf
 .text.sprintf  0x0008282c       0x4c c:/program files (x86)/atmel/studio/7.0/toolchain/arm/arm-gnu-toolchain/bin/../lib/gcc/arm-none-eabi/6.3.1/../../../../arm-none-eabi/lib/thumb/v7-m\libc.a(lib_a-sprintf.o)
                0x0008282c                sprintf
 .text._svfprintf_r
                0x00082878     0x1500 c:/program files (x86)/atmel/studio/7.0/toolchain/arm/arm-gnu-toolchain/bin/../lib/gcc/arm-none-eabi/6.3.1/../../../../arm-none-eabi/lib/thumb/v7-m\libc.a(lib_a-svfprintf.o)
                0x00082878                _svfprintf_r
 .text.__sprint_r.part.0
                0x00083d78       0x80 c:/program files (x86)/atmel/studio/7.0/toolchain/arm/arm-gnu-toolchain/bin/../lib/gcc/arm-none-eabi/6.3.1/../../../../arm-none-eabi/lib/thumb/v7-m\libc.a(lib_a-vfiprintf.o)
 .text._vfiprintf_r
                0x00083df8      0xc88 c:/program files (x86)/atmel/studio/7.0/toolchain/arm/arm-gnu-toolchain/bin/../lib/gcc/arm-none-eabi/6.3.1/../../../../arm-none-eabi/lib/thumb/v7-m\libc.a(lib_a-vfiprintf.o)
                0x00083df8                _vfiprintf_r
 .text.__sbprintf
                0x00084a80       0x88 c:/program files (x86)/atmel/studio/7.0/toolchain/arm/arm-gnu-toolchain/bin/../lib/gcc/arm-none-eabi/6.3.1/../../../../arm-none-eabi/lib/thumb/v7-m\libc.a(lib_a-vfiprintf.o)
 .text.__swsetup_r
                0x00084b08       0xc8 c:/program files (x86)/atmel/studio/7.0/toolchain/arm/arm-gnu-toolchain/bin/../lib/gcc/arm-none-eabi/6.3.1/../../../../arm-none-eabi/lib/thumb/v7-m\libc.a(lib_a-wsetup.o)
                0x00084b08                __swsetup_r
 .text.startup.register_fini
                0x00084bd0       0x14 c:/program files (x86)/atmel/studio/7.0/toolchain/arm/arm-gnu-toolchain/bin/../lib/gcc/arm-none-eabi/6.3.1/../../../../arm-none-eabi/lib/thumb/v7-m\libc.a(lib_a-__call_atexit.o)
 .text.atexit   0x00084be4        0xc c:/program files (x86)/atmel/studio/7.0/toolchain/arm/arm-gnu-toolchain/bin/../lib/gcc/arm-none-eabi/6.3.1/../../../../arm-none-eabi/lib/thumb/v7-m\libc.a(lib_a-atexit.o)
                0x00084be4                atexit
 .text.quorem   0x00084bf0      0x128 c:/program files (x86)/atmel/studio/7.0/toolchain/arm/arm-gnu-toolchain/bin/../lib/gcc/arm-none-eabi/6.3.1/../../../../arm-none-eabi/lib/thumb/v7-m\libc.a(lib_a-dtoa.o)
 .text._dtoa_r  0x00084d18      0xe44 c:/program files (x86)/atmel/studio/7.0/toolchain/arm/arm-gnu-toolchain/bin/../lib/gcc/arm-none-eabi/6.3.1/../../../../arm-none-eabi/lib/thumb/v7-m\libc.a(lib_a-dtoa.o)
                0x00084d18                _dtoa_r
 .text.__sflush_r
                0x00085b5c      0x138 c:/program files (x86)/atmel/studio/7.0/toolchain/arm/arm-gnu-toolchain/bin/../lib/gcc/arm-none-eabi/6.3.1/../../../../arm-none-eabi/lib/thumb/v7-m\libc.a(lib_a-fflush.o)
                0x00085b5c                __sflush_r
 .text._fflush_r
                0x00085c94       0x54 c:/program files (x86)/atmel/studio/7.0/toolchain/arm/arm-gnu-toolchain/bin/../lib/gcc/arm-none-eabi/6.3.1/../../../../arm-none-eabi/lib/thumb/v7-m\libc.a(lib_a-fflush.o)
                0x00085c94                _fflush_r
 .text._cleanup_r
                0x00085ce8        0xc c:/program files (x86)/atmel/studio/7.0/toolchain/arm/arm-gnu-toolchain/bin/../lib/gcc/arm-none-eabi/6.3.1/../../../../arm-none-eabi/lib/thumb/v7-m\libc.a(lib_a-findfp.o)
                0x00085ce8                _cleanup_r
 .text.std.isra.0
                0x00085cf4       0x50 c:/program files (x86)/atmel/studio/7.0/toolchain/arm/arm-gnu-toolchain/bin/../lib/gcc/arm-none-eabi/6.3.1/../../../../arm-none-eabi/lib/thumb/v7-m\libc.a(lib_a-findfp.o)
 .text.__sinit  0x00085d44       0x60 c:/program files (x86)/atmel/studio/7.0/toolchain/arm/arm-gnu-toolchain/bin/../lib/gcc/arm-none-eabi/6.3.1/../../../../arm-none-eabi/lib/thumb/v7-m\libc.a(lib_a-findfp.o)
                0x00085d44                __sinit
 .text.__sfp_lock_acquire
                0x00085da4        0xc c:/program files (x86)/atmel/studio/7.0/toolchain/arm/arm-gnu-toolchain/bin/../lib/gcc/arm-none-eabi/6.3.1/../../../../arm-none-eabi/lib/thumb/v7-m\libc.a(lib_a-findfp.o)
                0x00085da4                __sfp_lock_acquire
 .text.__sfp_lock_release
                0x00085db0        0xc c:/program files (x86)/atmel/studio/7.0/toolchain/arm/arm-gnu-toolchain/bin/../lib/gcc/arm-none-eabi/6.3.1/../../../../arm-none-eabi/lib/thumb/v7-m\libc.a(lib_a-findfp.o)
                0x00085db0                __sfp_lock_release
 .text.__libc_fini_array
                0x00085dbc       0x34 c:/program files (x86)/atmel/studio/7.0/toolchain/arm/arm-gnu-toolchain/bin/../lib/gcc/arm-none-eabi/6.3.1/../../../../arm-none-eabi/lib/thumb/v7-m\libc.a(lib_a-fini.o)
                0x00085dbc                __libc_fini_array
 .text.__fputwc
                0x00085df0       0x98 c:/program files (x86)/atmel/studio/7.0/toolchain/arm/arm-gnu-toolchain/bin/../lib/gcc/arm-none-eabi/6.3.1/../../../../arm-none-eabi/lib/thumb/v7-m\libc.a(lib_a-fputwc.o)
                0x00085df0                __fputwc
 .text._fputwc_r
                0x00085e88       0x68 c:/program files (x86)/atmel/studio/7.0/toolchain/arm/arm-gnu-toolchain/bin/../lib/gcc/arm-none-eabi/6.3.1/../../../../arm-none-eabi/lib/thumb/v7-m\libc.a(lib_a-fputwc.o)
                0x00085e88                _fputwc_r
 .text._malloc_trim_r
                0x00085ef0       0xa0 c:/program files (x86)/atmel/studio/7.0/toolchain/arm/arm-gnu-toolchain/bin/../lib/gcc/arm-none-eabi/6.3.1/../../../../arm-none-eabi/lib/thumb/v7-m\libc.a(lib_a-freer.o)
                0x00085ef0                _malloc_trim_r
 .text._free_r  0x00085f90      0x1cc c:/program files (x86)/atmel/studio/7.0/toolchain/arm/arm-gnu-toolchain/bin/../lib/gcc/arm-none-eabi/6.3.1/../../../../arm-none-eabi/lib/thumb/v7-m\libc.a(lib_a-freer.o)
                0x00085f90                _free_r
 .text.__sfvwrite_r
                0x0008615c      0x2f4 c:/program files (x86)/atmel/studio/7.0/toolchain/arm/arm-gnu-toolchain/bin/../lib/gcc/arm-none-eabi/6.3.1/../../../../arm-none-eabi/lib/thumb/v7-m\libc.a(lib_a-fvwrite.o)
                0x0008615c                __sfvwrite_r
 .text._fwalk_reent
                0x00086450       0x50 c:/program files (x86)/atmel/studio/7.0/toolchain/arm/arm-gnu-toolchain/bin/../lib/gcc/arm-none-eabi/6.3.1/../../../../arm-none-eabi/lib/thumb/v7-m\libc.a(lib_a-fwalk.o)
                0x00086450                _fwalk_reent
 .text.__locale_mb_cur_max
                0x000864a0       0x1c c:/program files (x86)/atmel/studio/7.0/toolchain/arm/arm-gnu-toolchain/bin/../lib/gcc/arm-none-eabi/6.3.1/../../../../arm-none-eabi/lib/thumb/v7-m\libc.a(lib_a-locale.o)
                0x000864a0                __locale_mb_cur_max
 .text._localeconv_r
                0x000864bc       0x1c c:/program files (x86)/atmel/studio/7.0/toolchain/arm/arm-gnu-toolchain/bin/../lib/gcc/arm-none-eabi/6.3.1/../../../../arm-none-eabi/lib/thumb/v7-m\libc.a(lib_a-localeconv.o)
                0x000864bc                _localeconv_r
 .text.__retarget_lock_init_recursive
                0x000864d8        0x4 c:/program files (x86)/atmel/studio/7.0/toolchain/arm/arm-gnu-toolchain/bin/../lib/gcc/arm-none-eabi/6.3.1/../../../../arm-none-eabi/lib/thumb/v7-m\libc.a(lib_a-lock.o)
                0x000864d8                __retarget_lock_init_recursive
 .text.__retarget_lock_close_recursive
                0x000864dc        0x4 c:/program files (x86)/atmel/studio/7.0/toolchain/arm/arm-gnu-toolchain/bin/../lib/gcc/arm-none-eabi/6.3.1/../../../../arm-none-eabi/lib/thumb/v7-m\libc.a(lib_a-lock.o)
                0x000864dc                __retarget_lock_close_recursive
 .text.__retarget_lock_acquire_recursive
                0x000864e0        0x4 c:/program files (x86)/atmel/studio/7.0/toolchain/arm/arm-gnu-toolchain/bin/../lib/gcc/arm-none-eabi/6.3.1/../../../../arm-none-eabi/lib/thumb/v7-m\libc.a(lib_a-lock.o)
                0x000864e0                __retarget_lock_acquire_recursive
 .text.__retarget_lock_release_recursive
                0x000864e4        0x4 c:/program files (x86)/atmel/studio/7.0/toolchain/arm/arm-gnu-toolchain/bin/../lib/gcc/arm-none-eabi/6.3.1/../../../../arm-none-eabi/lib/thumb/v7-m\libc.a(lib_a-lock.o)
                0x000864e4                __retarget_lock_release_recursive
 .text.__swhatbuf_r
                0x000864e8       0x5c c:/program files (x86)/atmel/studio/7.0/toolchain/arm/arm-gnu-toolchain/bin/../lib/gcc/arm-none-eabi/6.3.1/../../../../arm-none-eabi/lib/thumb/v7-m\libc.a(lib_a-makebuf.o)
                0x000864e8                __swhatbuf_r
 .text.__smakebuf_r
                0x00086544       0x94 c:/program files (x86)/atmel/studio/7.0/toolchain/arm/arm-gnu-toolchain/bin/../lib/gcc/arm-none-eabi/6.3.1/../../../../arm-none-eabi/lib/thumb/v7-m\libc.a(lib_a-makebuf.o)
                0x00086544                __smakebuf_r
 .text.__ascii_mbtowc
                0x000865d8       0x2c c:/program files (x86)/atmel/studio/7.0/toolchain/arm/arm-gnu-toolchain/bin/../lib/gcc/arm-none-eabi/6.3.1/../../../../arm-none-eabi/lib/thumb/v7-m\libc.a(lib_a-mbtowc_r.o)
                0x000865d8                __ascii_mbtowc
 .text.memchr   0x00086604       0x8c c:/program files (x86)/atmel/studio/7.0/toolchain/arm/arm-gnu-toolchain/bin/../lib/gcc/arm-none-eabi/6.3.1/../../../../arm-none-eabi/lib/thumb/v7-m\libc.a(lib_a-memchr-stub.o)
                0x00086604                memchr
 .text          0x00086690       0xec c:/program files (x86)/atmel/studio/7.0/toolchain/arm/arm-gnu-toolchain/bin/../lib/gcc/arm-none-eabi/6.3.1/../../../../arm-none-eabi/lib/thumb/v7-m\libc.a(lib_a-memcpy.o)
                0x00086690                memcpy
 .text.memmove  0x0008677c       0xc8 c:/program files (x86)/atmel/studio/7.0/toolchain/arm/arm-gnu-toolchain/bin/../lib/gcc/arm-none-eabi/6.3.1/../../../../arm-none-eabi/lib/thumb/v7-m\libc.a(lib_a-memmove.o)
                0x0008677c                memmove
 .text._Balloc  0x00086844       0x4c c:/program files (x86)/atmel/studio/7.0/toolchain/arm/arm-gnu-toolchain/bin/../lib/gcc/arm-none-eabi/6.3.1/../../../../arm-none-eabi/lib/thumb/v7-m\libc.a(lib_a-mprec.o)
                0x00086844                _Balloc
 .text._Bfree   0x00086890       0x14 c:/program files (x86)/atmel/studio/7.0/toolchain/arm/arm-gnu-toolchain/bin/../lib/gcc/arm-none-eabi/6.3.1/../../../../arm-none-eabi/lib/thumb/v7-m\libc.a(lib_a-mprec.o)
                0x00086890                _Bfree
 .text.__multadd
                0x000868a4       0x84 c:/program files (x86)/atmel/studio/7.0/toolchain/arm/arm-gnu-toolchain/bin/../lib/gcc/arm-none-eabi/6.3.1/../../../../arm-none-eabi/lib/thumb/v7-m\libc.a(lib_a-mprec.o)
                0x000868a4                __multadd
 .text.__hi0bits
                0x00086928       0x40 c:/program files (x86)/atmel/studio/7.0/toolchain/arm/arm-gnu-toolchain/bin/../lib/gcc/arm-none-eabi/6.3.1/../../../../arm-none-eabi/lib/thumb/v7-m\libc.a(lib_a-mprec.o)
                0x00086928                __hi0bits
 .text.__lo0bits
                0x00086968       0x60 c:/program files (x86)/atmel/studio/7.0/toolchain/arm/arm-gnu-toolchain/bin/../lib/gcc/arm-none-eabi/6.3.1/../../../../arm-none-eabi/lib/thumb/v7-m\libc.a(lib_a-mprec.o)
                0x00086968                __lo0bits
 .text.__i2b    0x000869c8       0x14 c:/program files (x86)/atmel/studio/7.0/toolchain/arm/arm-gnu-toolchain/bin/../lib/gcc/arm-none-eabi/6.3.1/../../../../arm-none-eabi/lib/thumb/v7-m\libc.a(lib_a-mprec.o)
                0x000869c8                __i2b
 .text.__multiply
                0x000869dc      0x124 c:/program files (x86)/atmel/studio/7.0/toolchain/arm/arm-gnu-toolchain/bin/../lib/gcc/arm-none-eabi/6.3.1/../../../../arm-none-eabi/lib/thumb/v7-m\libc.a(lib_a-mprec.o)
                0x000869dc                __multiply
 .text.__pow5mult
                0x00086b00       0xa0 c:/program files (x86)/atmel/studio/7.0/toolchain/arm/arm-gnu-toolchain/bin/../lib/gcc/arm-none-eabi/6.3.1/../../../../arm-none-eabi/lib/thumb/v7-m\libc.a(lib_a-mprec.o)
                0x00086b00                __pow5mult
 .text.__lshift
                0x00086ba0       0xa0 c:/program files (x86)/atmel/studio/7.0/toolchain/arm/arm-gnu-toolchain/bin/../lib/gcc/arm-none-eabi/6.3.1/../../../../arm-none-eabi/lib/thumb/v7-m\libc.a(lib_a-mprec.o)
                0x00086ba0                __lshift
 .text.__mcmp   0x00086c40       0x38 c:/program files (x86)/atmel/studio/7.0/toolchain/arm/arm-gnu-toolchain/bin/../lib/gcc/arm-none-eabi/6.3.1/../../../../arm-none-eabi/lib/thumb/v7-m\libc.a(lib_a-mprec.o)
                0x00086c40                __mcmp
 .text.__mdiff  0x00086c78      0x11c c:/program files (x86)/atmel/studio/7.0/toolchain/arm/arm-gnu-toolchain/bin/../lib/gcc/arm-none-eabi/6.3.1/../../../../arm-none-eabi/lib/thumb/v7-m\libc.a(lib_a-mprec.o)
                0x00086c78                __mdiff
 .text.__d2b    0x00086d94       0xa8 c:/program files (x86)/atmel/studio/7.0/toolchain/arm/arm-gnu-toolchain/bin/../lib/gcc/arm-none-eabi/6.3.1/../../../../arm-none-eabi/lib/thumb/v7-m\libc.a(lib_a-mprec.o)
                0x00086d94                __d2b
 .text._realloc_r
                0x00086e3c      0x36c c:/program files (x86)/atmel/studio/7.0/toolchain/arm/arm-gnu-toolchain/bin/../lib/gcc/arm-none-eabi/6.3.1/../../../../arm-none-eabi/lib/thumb/v7-m\libc.a(lib_a-reallocr.o)
                0x00086e3c                _realloc_r
 .text.__sread  0x000871a8       0x24 c:/program files (x86)/atmel/studio/7.0/toolchain/arm/arm-gnu-toolchain/bin/../lib/gcc/arm-none-eabi/6.3.1/../../../../arm-none-eabi/lib/thumb/v7-m\libc.a(lib_a-stdio.o)
                0x000871a8                __sread
 .text.__swrite
                0x000871cc       0x3c c:/program files (x86)/atmel/studio/7.0/toolchain/arm/arm-gnu-toolchain/bin/../lib/gcc/arm-none-eabi/6.3.1/../../../../arm-none-eabi/lib/thumb/v7-m\libc.a(lib_a-stdio.o)
                0x000871cc                __swrite
 .text.__sseek  0x00087208       0x20 c:/program files (x86)/atmel/studio/7.0/toolchain/arm/arm-gnu-toolchain/bin/../lib/gcc/arm-none-eabi/6.3.1/../../../../arm-none-eabi/lib/thumb/v7-m\libc.a(lib_a-stdio.o)
                0x00087208                __sseek
 .text.__sclose
                0x00087228        0x8 c:/program files (x86)/atmel/studio/7.0/toolchain/arm/arm-gnu-toolchain/bin/../lib/gcc/arm-none-eabi/6.3.1/../../../../arm-none-eabi/lib/thumb/v7-m\libc.a(lib_a-stdio.o)
                0x00087228                __sclose
 .text.strlen   0x00087230       0x5c c:/program files (x86)/atmel/studio/7.0/toolchain/arm/arm-gnu-toolchain/bin/../lib/gcc/arm-none-eabi/6.3.1/../../../../arm-none-eabi/lib/thumb/v7-m\libc.a(lib_a-strlen-stub.o)
                0x00087230                strlen
 .text.__ssprint_r
                0x0008728c       0xfc c:/program files (x86)/atmel/studio/7.0/toolchain/arm/arm-gnu-toolchain/bin/../lib/gcc/arm-none-eabi/6.3.1/../../../../arm-none-eabi/lib/thumb/v7-m\libc.a(lib_a-svfiprintf.o)
                0x0008728c                __ssprint_r
 .text.__swbuf_r
                0x00087388       0xb0 c:/program files (x86)/atmel/studio/7.0/toolchain/arm/arm-gnu-toolchain/bin/../lib/gcc/arm-none-eabi/6.3.1/../../../../arm-none-eabi/lib/thumb/v7-m\libc.a(lib_a-wbuf.o)
                0x00087388                __swbuf_r
 .text._wcrtomb_r
                0x00087438       0x54 c:/program files (x86)/atmel/studio/7.0/toolchain/arm/arm-gnu-toolchain/bin/../lib/gcc/arm-none-eabi/6.3.1/../../../../arm-none-eabi/lib/thumb/v7-m\libc.a(lib_a-wcrtomb.o)
                0x00087438                _wcrtomb_r
 .text.__ascii_wctomb
                0x0008748c       0x18 c:/program files (x86)/atmel/studio/7.0/toolchain/arm/arm-gnu-toolchain/bin/../lib/gcc/arm-none-eabi/6.3.1/../../../../arm-none-eabi/lib/thumb/v7-m\libc.a(lib_a-wctomb_r.o)
                0x0008748c                __ascii_wctomb
 .text._write_r
                0x000874a4       0x2c c:/program files (x86)/atmel/studio/7.0/toolchain/arm/arm-gnu-toolchain/bin/../lib/gcc/arm-none-eabi/6.3.1/../../../../arm-none-eabi/lib/thumb/v7-m\libc.a(lib_a-writer.o)
                0x000874a4                _write_r
 .text.__register_exitproc
                0x000874d0       0xc4 c:/program files (x86)/atmel/studio/7.0/toolchain/arm/arm-gnu-toolchain/bin/../lib/gcc/arm-none-eabi/6.3.1/../../../../arm-none-eabi/lib/thumb/v7-m\libc.a(lib_a-__atexit.o)
                0x000874d0                __register_exitproc
 .text._calloc_r
                0x00087594       0x60 c:/program files (x86)/atmel/studio/7.0/toolchain/arm/arm-gnu-toolchain/bin/../lib/gcc/arm-none-eabi/6.3.1/../../../../arm-none-eabi/lib/thumb/v7-m\libc.a(lib_a-callocr.o)
                0x00087594                _calloc_r
 .text._close_r
                0x000875f4       0x24 c:/program files (x86)/atmel/studio/7.0/toolchain/arm/arm-gnu-toolchain/bin/../lib/gcc/arm-none-eabi/6.3.1/../../../../arm-none-eabi/lib/thumb/v7-m\libc.a(lib_a-closer.o)
                0x000875f4                _close_r
 .text._fclose_r
                0x00087618       0xc4 c:/program files (x86)/atmel/studio/7.0/toolchain/arm/arm-gnu-toolchain/bin/../lib/gcc/arm-none-eabi/6.3.1/../../../../arm-none-eabi/lib/thumb/v7-m\libc.a(lib_a-fclose.o)
                0x00087618                _fclose_r
 .text._fstat_r
                0x000876dc       0x28 c:/program files (x86)/atmel/studio/7.0/toolchain/arm/arm-gnu-toolchain/bin/../lib/gcc/arm-none-eabi/6.3.1/../../../../arm-none-eabi/lib/thumb/v7-m\libc.a(lib_a-fstatr.o)
                0x000876dc                _fstat_r
 .text._isatty_r
                0x00087704       0x24 c:/program files (x86)/atmel/studio/7.0/toolchain/arm/arm-gnu-toolchain/bin/../lib/gcc/arm-none-eabi/6.3.1/../../../../arm-none-eabi/lib/thumb/v7-m\libc.a(lib_a-isattyr.o)
                0x00087704                _isatty_r
 .text._lseek_r
                0x00087728       0x2c c:/program files (x86)/atmel/studio/7.0/toolchain/arm/arm-gnu-toolchain/bin/../lib/gcc/arm-none-eabi/6.3.1/../../../../arm-none-eabi/lib/thumb/v7-m\libc.a(lib_a-lseekr.o)
                0x00087728                _lseek_r
 .text._read_r  0x00087754       0x2c c:/program files (x86)/atmel/studio/7.0/toolchain/arm/arm-gnu-toolchain/bin/../lib/gcc/arm-none-eabi/6.3.1/../../../../arm-none-eabi/lib/thumb/v7-m\libc.a(lib_a-readr.o)
                0x00087754                _read_r
 .text          0x00087780       0x50 c:/program files (x86)/atmel/studio/7.0/toolchain/arm/arm-gnu-toolchain/bin/../lib/gcc/arm-none-eabi/6.3.1/thumb/v7-m\libgcc.a(_arm_fixdfsi.o)
                0x00087780                __aeabi_d2iz
                0x00087780                __fixdfsi
 .text          0x000877d0       0x30 c:/program files (x86)/atmel/studio/7.0/toolchain/arm/arm-gnu-toolchain/bin/../lib/gcc/arm-none-eabi/6.3.1/thumb/v7-m\libgcc.a(_aeabi_uldivmod.o)
                0x000877d0                __aeabi_uldivmod
 .text          0x00087800      0x2dc c:/program files (x86)/atmel/studio/7.0/toolchain/arm/arm-gnu-toolchain/bin/../lib/gcc/arm-none-eabi/6.3.1/thumb/v7-m\libgcc.a(_udivmoddi4.o)
                0x00087800                __udivmoddi4
 .text          0x00087adc        0x4 c:/program files (x86)/atmel/studio/7.0/toolchain/arm/arm-gnu-toolchain/bin/../lib/gcc/arm-none-eabi/6.3.1/thumb/v7-m\libgcc.a(_dvmd_tls.o)
                0x00087adc                __aeabi_idiv0
                0x00087adc                __aeabi_ldiv0
 *(.glue_7t)
 .glue_7t       0x00087ae0        0x0 linker stubs
 *(.glue_7)
 .glue_7        0x00087ae0        0x0 linker stubs
 *(.rodata .rodata* .gnu.linkonce.r.*)
 .rodata.configure_console.str1.4
                0x00087ae0       0x1f src/console_functions.o
 *fill*         0x00087aff        0x1 
 .rodata.get_decimal_string.str1.4
                0x00087b00        0x6 src/dec_string.o
 *fill*         0x00087b06        0x2 
 .rodata.main.str1.4
                0x00087b08       0x21 src/main.o
 *fill*         0x00087b29        0x3 
 .rodata.sqrt.str1.4
                0x00087b2c        0x5 c:/program files (x86)/atmel/studio/7.0/toolchain/arm/arm-gnu-toolchain/bin/../lib/gcc/arm-none-eabi/6.3.1/../../../../arm-none-eabi/lib/thumb/v7-m\libm.a(lib_a-w_sqrt.o)
 *fill*         0x00087b31        0x3 
 .rodata._global_impure_ptr
                0x00087b34        0x4 c:/program files (x86)/atmel/studio/7.0/toolchain/arm/arm-gnu-toolchain/bin/../lib/gcc/arm-none-eabi/6.3.1/../../../../arm-none-eabi/lib/thumb/v7-m\libc.a(lib_a-impure.o)
                0x00087b34                _global_impure_ptr
 .rodata._svfprintf_r.str1.4
                0x00087b38       0x42 c:/program files (x86)/atmel/studio/7.0/toolchain/arm/arm-gnu-toolchain/bin/../lib/gcc/arm-none-eabi/6.3.1/../../../../arm-none-eabi/lib/thumb/v7-m\libc.a(lib_a-svfprintf.o)
 *fill*         0x00087b7a        0x2 
 .rodata.blanks.7223
                0x00087b7c       0x10 c:/program files (x86)/atmel/studio/7.0/toolchain/arm/arm-gnu-toolchain/bin/../lib/gcc/arm-none-eabi/6.3.1/../../../../arm-none-eabi/lib/thumb/v7-m\libc.a(lib_a-svfprintf.o)
 .rodata.zeroes.7224
                0x00087b8c       0x10 c:/program files (x86)/atmel/studio/7.0/toolchain/arm/arm-gnu-toolchain/bin/../lib/gcc/arm-none-eabi/6.3.1/../../../../arm-none-eabi/lib/thumb/v7-m\libc.a(lib_a-svfprintf.o)
 .rodata._vfiprintf_r.str1.4
                0x00087b9c       0x2f c:/program files (x86)/atmel/studio/7.0/toolchain/arm/arm-gnu-toolchain/bin/../lib/gcc/arm-none-eabi/6.3.1/../../../../arm-none-eabi/lib/thumb/v7-m\libc.a(lib_a-vfiprintf.o)
 .rodata.blanks.7217
                0x00087b9c       0x10 c:/program files (x86)/atmel/studio/7.0/toolchain/arm/arm-gnu-toolchain/bin/../lib/gcc/arm-none-eabi/6.3.1/../../../../arm-none-eabi/lib/thumb/v7-m\libc.a(lib_a-vfiprintf.o)
 .rodata.zeroes.7218
                0x00087bac       0x10 c:/program files (x86)/atmel/studio/7.0/toolchain/arm/arm-gnu-toolchain/bin/../lib/gcc/arm-none-eabi/6.3.1/../../../../arm-none-eabi/lib/thumb/v7-m\libc.a(lib_a-vfiprintf.o)
 .rodata._dtoa_r.str1.4
                0x00087bbc       0x10 c:/program files (x86)/atmel/studio/7.0/toolchain/arm/arm-gnu-toolchain/bin/../lib/gcc/arm-none-eabi/6.3.1/../../../../arm-none-eabi/lib/thumb/v7-m\libc.a(lib_a-dtoa.o)
                                 0x12 (size before relaxing)
 .rodata._setlocale_r.str1.4
                0x00087bcc        0xa c:/program files (x86)/atmel/studio/7.0/toolchain/arm/arm-gnu-toolchain/bin/../lib/gcc/arm-none-eabi/6.3.1/../../../../arm-none-eabi/lib/thumb/v7-m\libc.a(lib_a-locale.o)
                                  0xd (size before relaxing)
 *fill*         0x00087bd6        0x2 
 .rodata.str1.4
                0x00087bd8        0x4 c:/program files (x86)/atmel/studio/7.0/toolchain/arm/arm-gnu-toolchain/bin/../lib/gcc/arm-none-eabi/6.3.1/../../../../arm-none-eabi/lib/thumb/v7-m\libc.a(lib_a-locale.o)
                                  0x2 (size before relaxing)
 *fill*         0x00087bdc        0x4 
 .rodata.__mprec_bigtens
                0x00087be0       0x28 c:/program files (x86)/atmel/studio/7.0/toolchain/arm/arm-gnu-toolchain/bin/../lib/gcc/arm-none-eabi/6.3.1/../../../../arm-none-eabi/lib/thumb/v7-m\libc.a(lib_a-mprec.o)
                0x00087be0                __mprec_bigtens
 .rodata.__mprec_tens
                0x00087c08       0xc8 c:/program files (x86)/atmel/studio/7.0/toolchain/arm/arm-gnu-toolchain/bin/../lib/gcc/arm-none-eabi/6.3.1/../../../../arm-none-eabi/lib/thumb/v7-m\libc.a(lib_a-mprec.o)
                0x00087c08                __mprec_tens
 .rodata.p05.6055
                0x00087cd0        0xc c:/program files (x86)/atmel/studio/7.0/toolchain/arm/arm-gnu-toolchain/bin/../lib/gcc/arm-none-eabi/6.3.1/../../../../arm-none-eabi/lib/thumb/v7-m\libc.a(lib_a-mprec.o)
 .rodata._ctype_
                0x00087cdc      0x101 c:/program files (x86)/atmel/studio/7.0/toolchain/arm/arm-gnu-toolchain/bin/../lib/gcc/arm-none-eabi/6.3.1/../../../../arm-none-eabi/lib/thumb/v7-m\libc.a(lib_a-ctype_.o)
                0x00087cdc                _ctype_
 *(.ARM.extab* .gnu.linkonce.armextab.*)
                0x00087de0                . = ALIGN (0x4)
 *fill*         0x00087ddd        0x3 
 *(.init)
 .init          0x00087de0        0x4 c:/program files (x86)/atmel/studio/7.0/toolchain/arm/arm-gnu-toolchain/bin/../lib/gcc/arm-none-eabi/6.3.1/thumb/v7-m/crti.o
                0x00087de0                _init
 .init          0x00087de4        0x8 c:/program files (x86)/atmel/studio/7.0/toolchain/arm/arm-gnu-toolchain/bin/../lib/gcc/arm-none-eabi/6.3.1/thumb/v7-m/crtn.o
                0x00087dec                . = ALIGN (0x4)
                0x00087dec                __preinit_array_start = .
 *(.preinit_array)
                0x00087dec                __preinit_array_end = .
                0x00087dec                . = ALIGN (0x4)
                0x00087dec                __init_array_start = .
 *(SORT(.init_array.*))
 .init_array.00000
                0x00087dec        0x4 c:/program files (x86)/atmel/studio/7.0/toolchain/arm/arm-gnu-toolchain/bin/../lib/gcc/arm-none-eabi/6.3.1/../../../../arm-none-eabi/lib/thumb/v7-m\libc.a(lib_a-__call_atexit.o)
 *(.init_array)
 .init_array    0x00087df0        0x4 c:/program files (x86)/atmel/studio/7.0/toolchain/arm/arm-gnu-toolchain/bin/../lib/gcc/arm-none-eabi/6.3.1/thumb/v7-m/crtbegin.o
                0x00087df4                __init_array_end = .
                0x00087df4                . = ALIGN (0x4)
 *crtbegin.o(.ctors)
 *(EXCLUDE_FILE(*crtend.o) .ctors)
 *(SORT(.ctors.*))
 *crtend.o(.ctors)
                0x00087df4                . = ALIGN (0x4)
 *(.fini)
 .fini          0x00087df4        0x4 c:/program files (x86)/atmel/studio/7.0/toolchain/arm/arm-gnu-toolchain/bin/../lib/gcc/arm-none-eabi/6.3.1/thumb/v7-m/crti.o
                0x00087df4                _fini
 .fini          0x00087df8        0x8 c:/program files (x86)/atmel/studio/7.0/toolchain/arm/arm-gnu-toolchain/bin/../lib/gcc/arm-none-eabi/6.3.1/thumb/v7-m/crtn.o
                0x00087e00                . = ALIGN (0x4)
                0x00087e00                __fini_array_start = .
 *(.fini_array)
 .fini_array    0x00087e00        0x4 c:/program files (x86)/atmel/studio/7.0/toolchain/arm/arm-gnu-toolchain/bin/../lib/gcc/arm-none-eabi/6.3.1/thumb/v7-m/crtbegin.o
 *(SORT(.fini_array.*))
                0x00087e04                __fini_array_end = .
 *crtbegin.o(.dtors)
 *(EXCLUDE_FILE(*crtend.o) .dtors)
 *(SORT(.dtors.*))
 *crtend.o(.dtors)
                0x00087e04                . = ALIGN (0x4)
                0x00087e04                _efixed = .
                [!provide]                PROVIDE (__exidx_start, .)

.vfp11_veneer   0x00087e04        0x0
 .vfp11_veneer  0x00087e04        0x0 linker stubs

.v4_bx          0x00087e04        0x0
 .v4_bx         0x00087e04        0x0 linker stubs

.iplt           0x00087e04        0x0
 .iplt          0x00087e04        0x0 c:/program files (x86)/atmel/studio/7.0/toolchain/arm/arm-gnu-toolchain/bin/../lib/gcc/arm-none-eabi/6.3.1/thumb/v7-m/crtbegin.o

.ARM.exidx      0x00087e04        0x8
 *(.ARM.exidx* .gnu.linkonce.armexidx.*)
 .ARM.exidx     0x00087e04        0x8 c:/program files (x86)/atmel/studio/7.0/toolchain/arm/arm-gnu-toolchain/bin/../lib/gcc/arm-none-eabi/6.3.1/thumb/v7-m\libgcc.a(_udivmoddi4.o)
                [!provide]                PROVIDE (__exidx_end, .)

.eh_frame       0x00087e0c        0x0
 .eh_frame      0x00087e0c        0x0 c:/program files (x86)/atmel/studio/7.0/toolchain/arm/arm-gnu-toolchain/bin/../lib/gcc/arm-none-eabi/6.3.1/thumb/v7-m/crtbegin.o

.rel.dyn        0x00087e0c        0x0
 .rel.iplt      0x00087e0c        0x0 c:/program files (x86)/atmel/studio/7.0/toolchain/arm/arm-gnu-toolchain/bin/../lib/gcc/arm-none-eabi/6.3.1/thumb/v7-m/crtbegin.o

.jcr            0x00087e0c        0x0
 .jcr           0x00087e0c        0x0 c:/program files (x86)/atmel/studio/7.0/toolchain/arm/arm-gnu-toolchain/bin/../lib/gcc/arm-none-eabi/6.3.1/thumb/v7-m/crtbegin.o

.igot.plt       0x00087e0c        0x0
 .igot.plt      0x00087e0c        0x0 c:/program files (x86)/atmel/studio/7.0/toolchain/arm/arm-gnu-toolchain/bin/../lib/gcc/arm-none-eabi/6.3.1/thumb/v7-m/crtbegin.o
                0x00087e0c                . = ALIGN (0x4)
                0x00087e0c                _etext = .

.relocate       0x20070000      0xae8 load address 0x00087e0c
                0x20070000                . = ALIGN (0x4)
                0x20070000                _srelocate = .
 *(.ramfunc .ramfunc.*)
 .ramfunc       0x20070000      0x12c src/ASF/sam/utils/cmsis/sam3x/source/templates/system_sam3x.o
                0x20070000                SystemInit
                0x200700a4                system_init_flash
 *(.data .data.*)
 .data.fs       0x2007012c        0x4 src/tdoa.o
                0x2007012c                fs
 .data.g_interrupt_enabled
                0x20070130        0x1 src/ASF/common/utils/interrupt/interrupt_sam_nvic.o
                0x20070130                g_interrupt_enabled
 *fill*         0x20070131        0x3 
 .data.SystemCoreClock
                0x20070134        0x4 src/ASF/sam/utils/cmsis/sam3x/source/templates/system_sam3x.o
                0x20070134                SystemCoreClock
 .data.__fdlib_version
                0x20070138        0x1 c:/program files (x86)/atmel/studio/7.0/toolchain/arm/arm-gnu-toolchain/bin/../lib/gcc/arm-none-eabi/6.3.1/../../../../arm-none-eabi/lib/thumb/v7-m\libm.a(lib_a-s_lib_ver.o)
                0x20070138                __fdlib_version
 *fill*         0x20070139        0x3 
 .data._impure_ptr
                0x2007013c        0x4 c:/program files (x86)/atmel/studio/7.0/toolchain/arm/arm-gnu-toolchain/bin/../lib/gcc/arm-none-eabi/6.3.1/../../../../arm-none-eabi/lib/thumb/v7-m\libc.a(lib_a-impure.o)
                0x2007013c                _impure_ptr
 .data.impure_data
                0x20070140      0x428 c:/program files (x86)/atmel/studio/7.0/toolchain/arm/arm-gnu-toolchain/bin/../lib/gcc/arm-none-eabi/6.3.1/../../../../arm-none-eabi/lib/thumb/v7-m\libc.a(lib_a-impure.o)
 .data.__malloc_av_
                0x20070568      0x408 c:/program files (x86)/atmel/studio/7.0/toolchain/arm/arm-gnu-toolchain/bin/../lib/gcc/arm-none-eabi/6.3.1/../../../../arm-none-eabi/lib/thumb/v7-m\libc.a(lib_a-mallocr.o)
                0x20070568                __malloc_av_
 .data.__malloc_sbrk_base
                0x20070970        0x4 c:/program files (x86)/atmel/studio/7.0/toolchain/arm/arm-gnu-toolchain/bin/../lib/gcc/arm-none-eabi/6.3.1/../../../../arm-none-eabi/lib/thumb/v7-m\libc.a(lib_a-mallocr.o)
                0x20070970                __malloc_sbrk_base
 .data.__malloc_trim_threshold
                0x20070974        0x4 c:/program files (x86)/atmel/studio/7.0/toolchain/arm/arm-gnu-toolchain/bin/../lib/gcc/arm-none-eabi/6.3.1/../../../../arm-none-eabi/lib/thumb/v7-m\libc.a(lib_a-mallocr.o)
                0x20070974                __malloc_trim_threshold
 .data.__atexit_recursive_mutex
                0x20070978        0x4 c:/program files (x86)/atmel/studio/7.0/toolchain/arm/arm-gnu-toolchain/bin/../lib/gcc/arm-none-eabi/6.3.1/../../../../arm-none-eabi/lib/thumb/v7-m\libc.a(lib_a-__call_atexit.o)
                0x20070978                __atexit_recursive_mutex
 .data.__global_locale
                0x2007097c      0x16c c:/program files (x86)/atmel/studio/7.0/toolchain/arm/arm-gnu-toolchain/bin/../lib/gcc/arm-none-eabi/6.3.1/../../../../arm-none-eabi/lib/thumb/v7-m\libc.a(lib_a-locale.o)
                0x2007097c                __global_locale
                0x20070ae8                . = ALIGN (0x4)
                0x20070ae8                _erelocate = .

.bss            0x20070ae8      0x218 load address 0x000888f8
                0x20070ae8                . = ALIGN (0x4)
                0x20070ae8                _sbss = .
                0x20070ae8                _szero = .
 *(.bss .bss.*)
 .bss           0x20070ae8       0x1c c:/program files (x86)/atmel/studio/7.0/toolchain/arm/arm-gnu-toolchain/bin/../lib/gcc/arm-none-eabi/6.3.1/thumb/v7-m/crtbegin.o
 .bss.serial_rx_buf
                0x20070b04       0x9c src/ASF/thirdparty/wireless/addons/sio2host/uart/sio2host.o
 .bss.serial_rx_buf_tail
                0x20070ba0        0x1 src/ASF/thirdparty/wireless/addons/sio2host/uart/sio2host.o
 *fill*         0x20070ba1        0x3 
 .bss.gs_interrupt_sources
                0x20070ba4       0x70 src/ASF/sam/drivers/pio/pio_handler.o
 .bss.heap.5297
                0x20070c14        0x4 src/ASF/sam/utils/syscalls/gcc/syscalls.o
 .bss.__malloc_current_mallinfo
                0x20070c18       0x28 c:/program files (x86)/atmel/studio/7.0/toolchain/arm/arm-gnu-toolchain/bin/../lib/gcc/arm-none-eabi/6.3.1/../../../../arm-none-eabi/lib/thumb/v7-m\libc.a(lib_a-mallocr.o)
                0x20070c18                __malloc_current_mallinfo
 .bss.__malloc_max_sbrked_mem
                0x20070c40        0x4 c:/program files (x86)/atmel/studio/7.0/toolchain/arm/arm-gnu-toolchain/bin/../lib/gcc/arm-none-eabi/6.3.1/../../../../arm-none-eabi/lib/thumb/v7-m\libc.a(lib_a-mallocr.o)
                0x20070c40                __malloc_max_sbrked_mem
 .bss.__malloc_max_total_mem
                0x20070c44        0x4 c:/program files (x86)/atmel/studio/7.0/toolchain/arm/arm-gnu-toolchain/bin/../lib/gcc/arm-none-eabi/6.3.1/../../../../arm-none-eabi/lib/thumb/v7-m\libc.a(lib_a-mallocr.o)
                0x20070c44                __malloc_max_total_mem
 .bss.__malloc_top_pad
                0x20070c48        0x4 c:/program files (x86)/atmel/studio/7.0/toolchain/arm/arm-gnu-toolchain/bin/../lib/gcc/arm-none-eabi/6.3.1/../../../../arm-none-eabi/lib/thumb/v7-m\libc.a(lib_a-mallocr.o)
                0x20070c48                __malloc_top_pad
 *(COMMON)
 COMMON         0x20070c4c        0x4 src/ASF/common/utils/stdio/read.o
                0x20070c4c                ptr_get
 COMMON         0x20070c50       0x80 src/tdoa.o
                0x20070c50                tdoa_t
                0x20070c70                coord_t
 COMMON         0x20070cd0        0x8 src/ASF/common/utils/stdio/write.o
                0x20070cd0                ptr_put
                0x20070cd4                stdio_base
 COMMON         0x20070cd8       0x21 c:/program files (x86)/atmel/studio/7.0/toolchain/arm/arm-gnu-toolchain/bin/../lib/gcc/arm-none-eabi/6.3.1/../../../../arm-none-eabi/lib/thumb/v7-m\libc.a(lib_a-lock.o)
                0x20070cd8                __lock___atexit_recursive_mutex
                0x20070cdc                __lock___arc4random_mutex
                0x20070ce0                __lock___env_recursive_mutex
                0x20070ce4                __lock___sinit_recursive_mutex
                0x20070ce8                __lock___malloc_recursive_mutex
                0x20070cec                __lock___at_quick_exit_mutex
                0x20070cf0                __lock___dd_hash_mutex
                0x20070cf4                __lock___tz_mutex
                0x20070cf8                __lock___sfp_recursive_mutex
 *fill*         0x20070cf9        0x3 
 COMMON         0x20070cfc        0x4 c:/program files (x86)/atmel/studio/7.0/toolchain/arm/arm-gnu-toolchain/bin/../lib/gcc/arm-none-eabi/6.3.1/../../../../arm-none-eabi/lib/thumb/v7-m\libc.a(lib_a-reent.o)
                0x20070cfc                errno
                0x20070d00                . = ALIGN (0x4)
                0x20070d00                _ebss = .
                0x20070d00                _ezero = .

.stack          0x20070d00     0x2000 load address 0x00088b10
                0x20070d00                . = ALIGN (0x8)
                0x20070d00                _sstack = .
                0x20072d00                . = (. + __stack_size__)
 *fill*         0x20070d00     0x2000 
                0x20072d00                . = ALIGN (0x8)
                0x20072d00                _estack = .
                0x20072d00                . = ALIGN (0x4)
                0x20072d00                _end = .
OUTPUT(TdoaProject.elf elf32-littlearm)

.ARM.attributes
                0x00000000       0x29
 .ARM.attributes
                0x00000000       0x1d c:/program files (x86)/atmel/studio/7.0/toolchain/arm/arm-gnu-toolchain/bin/../lib/gcc/arm-none-eabi/6.3.1/thumb/v7-m/crti.o
 .ARM.attributes
                0x0000001d       0x2d c:/program files (x86)/atmel/studio/7.0/toolchain/arm/arm-gnu-toolchain/bin/../lib/gcc/arm-none-eabi/6.3.1/thumb/v7-m/crtbegin.o
 .ARM.attributes
                0x0000004a       0x33 src/ASF/common/utils/stdio/read.o
 .ARM.attributes
                0x0000007d       0x33 src/ASF/sam/drivers/usart/usart.o
 .ARM.attributes
                0x000000b0       0x33 src/ASF/thirdparty/wireless/addons/sio2host/uart/sio2host.o
 .ARM.attributes
                0x000000e3       0x33 src/console_functions.o
 .ARM.attributes
                0x00000116       0x33 src/dec_string.o
 .ARM.attributes
                0x00000149       0x33 src/tdoa.o
 .ARM.attributes
                0x0000017c       0x33 src/ASF/common/utils/stdio/write.o
 .ARM.attributes
                0x000001af       0x33 src/ASF/common/services/serial/usart_serial.o
 .ARM.attributes
                0x000001e2       0x33 src/ASF/sam/drivers/uart/uart.o
 .ARM.attributes
                0x00000215       0x33 src/ASF/common/services/clock/sam3x/sysclk.o
 .ARM.attributes
                0x00000248       0x33 src/ASF/common/utils/interrupt/interrupt_sam_nvic.o
 .ARM.attributes
                0x0000027b       0x33 src/ASF/sam/boards/arduino_due_x/init.o
 .ARM.attributes
                0x000002ae       0x33 src/ASF/sam/drivers/pio/pio.o
 .ARM.attributes
                0x000002e1       0x33 src/ASF/sam/drivers/pio/pio_handler.o
 .ARM.attributes
                0x00000314       0x33 src/ASF/sam/drivers/pmc/pmc.o
 .ARM.attributes
                0x00000347       0x33 src/ASF/sam/utils/cmsis/sam3x/source/templates/exceptions.o
 .ARM.attributes
                0x0000037a       0x33 src/ASF/sam/utils/cmsis/sam3x/source/templates/gcc/startup_sam3x.o
 .ARM.attributes
                0x000003ad       0x33 src/ASF/sam/utils/cmsis/sam3x/source/templates/system_sam3x.o
 .ARM.attributes
                0x000003e0       0x33 src/ASF/sam/utils/syscalls/gcc/syscalls.o
 .ARM.attributes
                0x00000413       0x33 src/main.o
 .ARM.attributes
                0x00000446       0x2d c:/program files (x86)/atmel/studio/7.0/toolchain/arm/arm-gnu-toolchain/bin/../lib/gcc/arm-none-eabi/6.3.1/../../../../arm-none-eabi/lib/thumb/v7-m\libm.a(lib_a-w_sqrt.o)
 .ARM.attributes
                0x00000473       0x2d c:/program files (x86)/atmel/studio/7.0/toolchain/arm/arm-gnu-toolchain/bin/../lib/gcc/arm-none-eabi/6.3.1/../../../../arm-none-eabi/lib/thumb/v7-m\libm.a(lib_a-e_sqrt.o)
 .ARM.attributes
                0x000004a0       0x2d c:/program files (x86)/atmel/studio/7.0/toolchain/arm/arm-gnu-toolchain/bin/../lib/gcc/arm-none-eabi/6.3.1/../../../../arm-none-eabi/lib/thumb/v7-m\libm.a(lib_a-s_lib_ver.o)
 .ARM.attributes
                0x000004cd       0x2d c:/program files (x86)/atmel/studio/7.0/toolchain/arm/arm-gnu-toolchain/bin/../lib/gcc/arm-none-eabi/6.3.1/../../../../arm-none-eabi/lib/thumb/v7-m\libm.a(lib_a-s_matherr.o)
 .ARM.attributes
                0x000004fa       0x1d c:/program files (x86)/atmel/studio/7.0/toolchain/arm/arm-gnu-toolchain/bin/../lib/gcc/arm-none-eabi/6.3.1/thumb/v7-m\libgcc.a(_arm_addsubdf3.o)
 .ARM.attributes
                0x00000517       0x1d c:/program files (x86)/atmel/studio/7.0/toolchain/arm/arm-gnu-toolchain/bin/../lib/gcc/arm-none-eabi/6.3.1/thumb/v7-m\libgcc.a(_arm_muldivdf3.o)
 .ARM.attributes
                0x00000534       0x1d c:/program files (x86)/atmel/studio/7.0/toolchain/arm/arm-gnu-toolchain/bin/../lib/gcc/arm-none-eabi/6.3.1/thumb/v7-m\libgcc.a(_arm_cmpdf2.o)
 .ARM.attributes
                0x00000551       0x1d c:/program files (x86)/atmel/studio/7.0/toolchain/arm/arm-gnu-toolchain/bin/../lib/gcc/arm-none-eabi/6.3.1/thumb/v7-m\libgcc.a(_arm_unorddf2.o)
 .ARM.attributes
                0x0000056e       0x2d c:/program files (x86)/atmel/studio/7.0/toolchain/arm/arm-gnu-toolchain/bin/../lib/gcc/arm-none-eabi/6.3.1/../../../../arm-none-eabi/lib/thumb/v7-m\libc.a(lib_a-errno.o)
 .ARM.attributes
                0x0000059b       0x2d c:/program files (x86)/atmel/studio/7.0/toolchain/arm/arm-gnu-toolchain/bin/../lib/gcc/arm-none-eabi/6.3.1/../../../../arm-none-eabi/lib/thumb/v7-m\libc.a(lib_a-impure.o)
 .ARM.attributes
                0x000005c8       0x2d c:/program files (x86)/atmel/studio/7.0/toolchain/arm/arm-gnu-toolchain/bin/../lib/gcc/arm-none-eabi/6.3.1/../../../../arm-none-eabi/lib/thumb/v7-m\libc.a(lib_a-init.o)
 .ARM.attributes
                0x000005f5       0x2d c:/program files (x86)/atmel/studio/7.0/toolchain/arm/arm-gnu-toolchain/bin/../lib/gcc/arm-none-eabi/6.3.1/../../../../arm-none-eabi/lib/thumb/v7-m\libc.a(lib_a-iprintf.o)
 .ARM.attributes
                0x00000622       0x2d c:/program files (x86)/atmel/studio/7.0/toolchain/arm/arm-gnu-toolchain/bin/../lib/gcc/arm-none-eabi/6.3.1/../../../../arm-none-eabi/lib/thumb/v7-m\libc.a(lib_a-malloc.o)
 .ARM.attributes
                0x0000064f       0x2d c:/program files (x86)/atmel/studio/7.0/toolchain/arm/arm-gnu-toolchain/bin/../lib/gcc/arm-none-eabi/6.3.1/../../../../arm-none-eabi/lib/thumb/v7-m\libc.a(lib_a-mallocr.o)
 .ARM.attributes
                0x0000067c       0x2d c:/program files (x86)/atmel/studio/7.0/toolchain/arm/arm-gnu-toolchain/bin/../lib/gcc/arm-none-eabi/6.3.1/../../../../arm-none-eabi/lib/thumb/v7-m\libc.a(lib_a-memset.o)
 .ARM.attributes
                0x000006a9       0x2d c:/program files (x86)/atmel/studio/7.0/toolchain/arm/arm-gnu-toolchain/bin/../lib/gcc/arm-none-eabi/6.3.1/../../../../arm-none-eabi/lib/thumb/v7-m\libc.a(lib_a-mlock.o)
 .ARM.attributes
                0x000006d6       0x2d c:/program files (x86)/atmel/studio/7.0/toolchain/arm/arm-gnu-toolchain/bin/../lib/gcc/arm-none-eabi/6.3.1/../../../../arm-none-eabi/lib/thumb/v7-m\libc.a(lib_a-sbrkr.o)
 .ARM.attributes
                0x00000703       0x2d c:/program files (x86)/atmel/studio/7.0/toolchain/arm/arm-gnu-toolchain/bin/../lib/gcc/arm-none-eabi/6.3.1/../../../../arm-none-eabi/lib/thumb/v7-m\libc.a(lib_a-setbuf.o)
 .ARM.attributes
                0x00000730       0x2d c:/program files (x86)/atmel/studio/7.0/toolchain/arm/arm-gnu-toolchain/bin/../lib/gcc/arm-none-eabi/6.3.1/../../../../arm-none-eabi/lib/thumb/v7-m\libc.a(lib_a-setvbuf.o)
 .ARM.attributes
                0x0000075d       0x2d c:/program files (x86)/atmel/studio/7.0/toolchain/arm/arm-gnu-toolchain/bin/../lib/gcc/arm-none-eabi/6.3.1/../../../../arm-none-eabi/lib/thumb/v7-m\libc.a(lib_a-sprintf.o)
 .ARM.attributes
                0x0000078a       0x2d c:/program files (x86)/atmel/studio/7.0/toolchain/arm/arm-gnu-toolchain/bin/../lib/gcc/arm-none-eabi/6.3.1/../../../../arm-none-eabi/lib/thumb/v7-m\libc.a(lib_a-svfprintf.o)
 .ARM.attributes
                0x000007b7       0x2d c:/program files (x86)/atmel/studio/7.0/toolchain/arm/arm-gnu-toolchain/bin/../lib/gcc/arm-none-eabi/6.3.1/../../../../arm-none-eabi/lib/thumb/v7-m\libc.a(lib_a-vfiprintf.o)
 .ARM.attributes
                0x000007e4       0x2d c:/program files (x86)/atmel/studio/7.0/toolchain/arm/arm-gnu-toolchain/bin/../lib/gcc/arm-none-eabi/6.3.1/../../../../arm-none-eabi/lib/thumb/v7-m\libc.a(lib_a-wsetup.o)
 .ARM.attributes
                0x00000811       0x2d c:/program files (x86)/atmel/studio/7.0/toolchain/arm/arm-gnu-toolchain/bin/../lib/gcc/arm-none-eabi/6.3.1/../../../../arm-none-eabi/lib/thumb/v7-m\libc.a(lib_a-__call_atexit.o)
 .ARM.attributes
                0x0000083e       0x2d c:/program files (x86)/atmel/studio/7.0/toolchain/arm/arm-gnu-toolchain/bin/../lib/gcc/arm-none-eabi/6.3.1/../../../../arm-none-eabi/lib/thumb/v7-m\libc.a(lib_a-atexit.o)
 .ARM.attributes
                0x0000086b       0x2d c:/program files (x86)/atmel/studio/7.0/toolchain/arm/arm-gnu-toolchain/bin/../lib/gcc/arm-none-eabi/6.3.1/../../../../arm-none-eabi/lib/thumb/v7-m\libc.a(lib_a-dtoa.o)
 .ARM.attributes
                0x00000898       0x2d c:/program files (x86)/atmel/studio/7.0/toolchain/arm/arm-gnu-toolchain/bin/../lib/gcc/arm-none-eabi/6.3.1/../../../../arm-none-eabi/lib/thumb/v7-m\libc.a(lib_a-fflush.o)
 .ARM.attributes
                0x000008c5       0x2d c:/program files (x86)/atmel/studio/7.0/toolchain/arm/arm-gnu-toolchain/bin/../lib/gcc/arm-none-eabi/6.3.1/../../../../arm-none-eabi/lib/thumb/v7-m\libc.a(lib_a-findfp.o)
 .ARM.attributes
                0x000008f2       0x2d c:/program files (x86)/atmel/studio/7.0/toolchain/arm/arm-gnu-toolchain/bin/../lib/gcc/arm-none-eabi/6.3.1/../../../../arm-none-eabi/lib/thumb/v7-m\libc.a(lib_a-fini.o)
 .ARM.attributes
                0x0000091f       0x2d c:/program files (x86)/atmel/studio/7.0/toolchain/arm/arm-gnu-toolchain/bin/../lib/gcc/arm-none-eabi/6.3.1/../../../../arm-none-eabi/lib/thumb/v7-m\libc.a(lib_a-fputwc.o)
 .ARM.attributes
                0x0000094c       0x2d c:/program files (x86)/atmel/studio/7.0/toolchain/arm/arm-gnu-toolchain/bin/../lib/gcc/arm-none-eabi/6.3.1/../../../../arm-none-eabi/lib/thumb/v7-m\libc.a(lib_a-freer.o)
 .ARM.attributes
                0x00000979       0x2d c:/program files (x86)/atmel/studio/7.0/toolchain/arm/arm-gnu-toolchain/bin/../lib/gcc/arm-none-eabi/6.3.1/../../../../arm-none-eabi/lib/thumb/v7-m\libc.a(lib_a-fvwrite.o)
 .ARM.attributes
                0x000009a6       0x2d c:/program files (x86)/atmel/studio/7.0/toolchain/arm/arm-gnu-toolchain/bin/../lib/gcc/arm-none-eabi/6.3.1/../../../../arm-none-eabi/lib/thumb/v7-m\libc.a(lib_a-fwalk.o)
 .ARM.attributes
                0x000009d3       0x2d c:/program files (x86)/atmel/studio/7.0/toolchain/arm/arm-gnu-toolchain/bin/../lib/gcc/arm-none-eabi/6.3.1/../../../../arm-none-eabi/lib/thumb/v7-m\libc.a(lib_a-locale.o)
 .ARM.attributes
                0x00000a00       0x2d c:/program files (x86)/atmel/studio/7.0/toolchain/arm/arm-gnu-toolchain/bin/../lib/gcc/arm-none-eabi/6.3.1/../../../../arm-none-eabi/lib/thumb/v7-m\libc.a(lib_a-localeconv.o)
 .ARM.attributes
                0x00000a2d       0x2d c:/program files (x86)/atmel/studio/7.0/toolchain/arm/arm-gnu-toolchain/bin/../lib/gcc/arm-none-eabi/6.3.1/../../../../arm-none-eabi/lib/thumb/v7-m\libc.a(lib_a-lock.o)
 .ARM.attributes
                0x00000a5a       0x2d c:/program files (x86)/atmel/studio/7.0/toolchain/arm/arm-gnu-toolchain/bin/../lib/gcc/arm-none-eabi/6.3.1/../../../../arm-none-eabi/lib/thumb/v7-m\libc.a(lib_a-makebuf.o)
 .ARM.attributes
                0x00000a87       0x2d c:/program files (x86)/atmel/studio/7.0/toolchain/arm/arm-gnu-toolchain/bin/../lib/gcc/arm-none-eabi/6.3.1/../../../../arm-none-eabi/lib/thumb/v7-m\libc.a(lib_a-mbtowc_r.o)
 .ARM.attributes
                0x00000ab4       0x2d c:/program files (x86)/atmel/studio/7.0/toolchain/arm/arm-gnu-toolchain/bin/../lib/gcc/arm-none-eabi/6.3.1/../../../../arm-none-eabi/lib/thumb/v7-m\libc.a(lib_a-memchr-stub.o)
 .ARM.attributes
                0x00000ae1       0x1b c:/program files (x86)/atmel/studio/7.0/toolchain/arm/arm-gnu-toolchain/bin/../lib/gcc/arm-none-eabi/6.3.1/../../../../arm-none-eabi/lib/thumb/v7-m\libc.a(lib_a-memcpy.o)
 .ARM.attributes
                0x00000afc       0x2d c:/program files (x86)/atmel/studio/7.0/toolchain/arm/arm-gnu-toolchain/bin/../lib/gcc/arm-none-eabi/6.3.1/../../../../arm-none-eabi/lib/thumb/v7-m\libc.a(lib_a-memmove.o)
 .ARM.attributes
                0x00000b29       0x2d c:/program files (x86)/atmel/studio/7.0/toolchain/arm/arm-gnu-toolchain/bin/../lib/gcc/arm-none-eabi/6.3.1/../../../../arm-none-eabi/lib/thumb/v7-m\libc.a(lib_a-mprec.o)
 .ARM.attributes
                0x00000b56       0x2d c:/program files (x86)/atmel/studio/7.0/toolchain/arm/arm-gnu-toolchain/bin/../lib/gcc/arm-none-eabi/6.3.1/../../../../arm-none-eabi/lib/thumb/v7-m\libc.a(lib_a-reallocr.o)
 .ARM.attributes
                0x00000b83       0x2d c:/program files (x86)/atmel/studio/7.0/toolchain/arm/arm-gnu-toolchain/bin/../lib/gcc/arm-none-eabi/6.3.1/../../../../arm-none-eabi/lib/thumb/v7-m\libc.a(lib_a-reent.o)
 .ARM.attributes
                0x00000bb0       0x2d c:/program files (x86)/atmel/studio/7.0/toolchain/arm/arm-gnu-toolchain/bin/../lib/gcc/arm-none-eabi/6.3.1/../../../../arm-none-eabi/lib/thumb/v7-m\libc.a(lib_a-stdio.o)
 .ARM.attributes
                0x00000bdd       0x2d c:/program files (x86)/atmel/studio/7.0/toolchain/arm/arm-gnu-toolchain/bin/../lib/gcc/arm-none-eabi/6.3.1/../../../../arm-none-eabi/lib/thumb/v7-m\libc.a(lib_a-strlen-stub.o)
 .ARM.attributes
                0x00000c0a       0x2d c:/program files (x86)/atmel/studio/7.0/toolchain/arm/arm-gnu-toolchain/bin/../lib/gcc/arm-none-eabi/6.3.1/../../../../arm-none-eabi/lib/thumb/v7-m\libc.a(lib_a-svfiprintf.o)
 .ARM.attributes
                0x00000c37       0x2d c:/program files (x86)/atmel/studio/7.0/toolchain/arm/arm-gnu-toolchain/bin/../lib/gcc/arm-none-eabi/6.3.1/../../../../arm-none-eabi/lib/thumb/v7-m\libc.a(lib_a-wbuf.o)
 .ARM.attributes
                0x00000c64       0x2d c:/program files (x86)/atmel/studio/7.0/toolchain/arm/arm-gnu-toolchain/bin/../lib/gcc/arm-none-eabi/6.3.1/../../../../arm-none-eabi/lib/thumb/v7-m\libc.a(lib_a-wcrtomb.o)
 .ARM.attributes
                0x00000c91       0x2d c:/program files (x86)/atmel/studio/7.0/toolchain/arm/arm-gnu-toolchain/bin/../lib/gcc/arm-none-eabi/6.3.1/../../../../arm-none-eabi/lib/thumb/v7-m\libc.a(lib_a-wctomb_r.o)
 .ARM.attributes
                0x00000cbe       0x2d c:/program files (x86)/atmel/studio/7.0/toolchain/arm/arm-gnu-toolchain/bin/../lib/gcc/arm-none-eabi/6.3.1/../../../../arm-none-eabi/lib/thumb/v7-m\libc.a(lib_a-writer.o)
 .ARM.attributes
                0x00000ceb       0x2d c:/program files (x86)/atmel/studio/7.0/toolchain/arm/arm-gnu-toolchain/bin/../lib/gcc/arm-none-eabi/6.3.1/../../../../arm-none-eabi/lib/thumb/v7-m\libc.a(lib_a-__atexit.o)
 .ARM.attributes
                0x00000d18       0x2d c:/program files (x86)/atmel/studio/7.0/toolchain/arm/arm-gnu-toolchain/bin/../lib/gcc/arm-none-eabi/6.3.1/../../../../arm-none-eabi/lib/thumb/v7-m\libc.a(lib_a-callocr.o)
 .ARM.attributes
                0x00000d45       0x2d c:/program files (x86)/atmel/studio/7.0/toolchain/arm/arm-gnu-toolchain/bin/../lib/gcc/arm-none-eabi/6.3.1/../../../../arm-none-eabi/lib/thumb/v7-m\libc.a(lib_a-closer.o)
 .ARM.attributes
                0x00000d72       0x2d c:/program files (x86)/atmel/studio/7.0/toolchain/arm/arm-gnu-toolchain/bin/../lib/gcc/arm-none-eabi/6.3.1/../../../../arm-none-eabi/lib/thumb/v7-m\libc.a(lib_a-ctype_.o)
 .ARM.attributes
                0x00000d9f       0x2d c:/program files (x86)/atmel/studio/7.0/toolchain/arm/arm-gnu-toolchain/bin/../lib/gcc/arm-none-eabi/6.3.1/../../../../arm-none-eabi/lib/thumb/v7-m\libc.a(lib_a-fclose.o)
 .ARM.attributes
                0x00000dcc       0x2d c:/program files (x86)/atmel/studio/7.0/toolchain/arm/arm-gnu-toolchain/bin/../lib/gcc/arm-none-eabi/6.3.1/../../../../arm-none-eabi/lib/thumb/v7-m\libc.a(lib_a-fstatr.o)
 .ARM.attributes
                0x00000df9       0x2d c:/program files (x86)/atmel/studio/7.0/toolchain/arm/arm-gnu-toolchain/bin/../lib/gcc/arm-none-eabi/6.3.1/../../../../arm-none-eabi/lib/thumb/v7-m\libc.a(lib_a-isattyr.o)
 .ARM.attributes
                0x00000e26       0x2d c:/program files (x86)/atmel/studio/7.0/toolchain/arm/arm-gnu-toolchain/bin/../lib/gcc/arm-none-eabi/6.3.1/../../../../arm-none-eabi/lib/thumb/v7-m\libc.a(lib_a-lseekr.o)
 .ARM.attributes
                0x00000e53       0x2d c:/program files (x86)/atmel/studio/7.0/toolchain/arm/arm-gnu-toolchain/bin/../lib/gcc/arm-none-eabi/6.3.1/../../../../arm-none-eabi/lib/thumb/v7-m\libc.a(lib_a-readr.o)
 .ARM.attributes
                0x00000e80       0x1d c:/program files (x86)/atmel/studio/7.0/toolchain/arm/arm-gnu-toolchain/bin/../lib/gcc/arm-none-eabi/6.3.1/thumb/v7-m\libgcc.a(_arm_fixdfsi.o)
 .ARM.attributes
                0x00000e9d       0x1d c:/program files (x86)/atmel/studio/7.0/toolchain/arm/arm-gnu-toolchain/bin/../lib/gcc/arm-none-eabi/6.3.1/thumb/v7-m\libgcc.a(_aeabi_uldivmod.o)
 .ARM.attributes
                0x00000eba       0x2d c:/program files (x86)/atmel/studio/7.0/toolchain/arm/arm-gnu-toolchain/bin/../lib/gcc/arm-none-eabi/6.3.1/thumb/v7-m\libgcc.a(_udivmoddi4.o)
 .ARM.attributes
                0x00000ee7       0x1d c:/program files (x86)/atmel/studio/7.0/toolchain/arm/arm-gnu-toolchain/bin/../lib/gcc/arm-none-eabi/6.3.1/thumb/v7-m\libgcc.a(_dvmd_tls.o)
 .ARM.attributes
                0x00000f04       0x1d c:/program files (x86)/atmel/studio/7.0/toolchain/arm/arm-gnu-toolchain/bin/../lib/gcc/arm-none-eabi/6.3.1/thumb/v7-m/crtn.o

.comment        0x00000000       0x59
 .comment       0x00000000       0x59 src/ASF/common/utils/stdio/read.o
                                 0x5a (size before relaxing)
 .comment       0x00000059       0x5a src/ASF/sam/drivers/usart/usart.o
 .comment       0x00000059       0x5a src/ASF/thirdparty/wireless/addons/sio2host/uart/sio2host.o
 .comment       0x00000059       0x5a src/console_functions.o
 .comment       0x00000059       0x5a src/dec_string.o
 .comment       0x00000059       0x5a src/tdoa.o
 .comment       0x00000059       0x5a src/ASF/common/utils/stdio/write.o
 .comment       0x00000059       0x5a src/ASF/common/services/serial/usart_serial.o
 .comment       0x00000059       0x5a src/ASF/sam/drivers/uart/uart.o
 .comment       0x00000059       0x5a src/ASF/common/services/clock/sam3x/sysclk.o
 .comment       0x00000059       0x5a src/ASF/common/utils/interrupt/interrupt_sam_nvic.o
 .comment       0x00000059       0x5a src/ASF/sam/boards/arduino_due_x/init.o
 .comment       0x00000059       0x5a src/ASF/sam/drivers/pio/pio.o
 .comment       0x00000059       0x5a src/ASF/sam/drivers/pio/pio_handler.o
 .comment       0x00000059       0x5a src/ASF/sam/drivers/pmc/pmc.o
 .comment       0x00000059       0x5a src/ASF/sam/utils/cmsis/sam3x/source/templates/exceptions.o
 .comment       0x00000059       0x5a src/ASF/sam/utils/cmsis/sam3x/source/templates/gcc/startup_sam3x.o
 .comment       0x00000059       0x5a src/ASF/sam/utils/cmsis/sam3x/source/templates/system_sam3x.o
 .comment       0x00000059       0x5a src/ASF/sam/utils/syscalls/gcc/syscalls.o
 .comment       0x00000059       0x5a src/main.o

.debug_info     0x00000000    0x1632f
 .debug_info    0x00000000      0xac9 src/ASF/common/utils/stdio/read.o
 .debug_info    0x00000ac9     0x24e6 src/ASF/sam/drivers/usart/usart.o
 .debug_info    0x00002faf     0x19a3 src/ASF/thirdparty/wireless/addons/sio2host/uart/sio2host.o
 .debug_info    0x00004952     0x13a7 src/console_functions.o
 .debug_info    0x00005cf9      0xb13 src/dec_string.o
 .debug_info    0x0000680c     0x136a src/tdoa.o
 .debug_info    0x00007b76      0xac6 src/ASF/common/utils/stdio/write.o
 .debug_info    0x0000863c     0x113c src/ASF/common/services/serial/usart_serial.o
 .debug_info    0x00009778     0x119e src/ASF/sam/drivers/uart/uart.o
 .debug_info    0x0000a916     0x11ad src/ASF/common/services/clock/sam3x/sysclk.o
 .debug_info    0x0000bac3      0xb01 src/ASF/common/utils/interrupt/interrupt_sam_nvic.o
 .debug_info    0x0000c5c4     0x108a src/ASF/sam/boards/arduino_due_x/init.o
 .debug_info    0x0000d64e     0x1c61 src/ASF/sam/drivers/pio/pio.o
 .debug_info    0x0000f2af     0x17be src/ASF/sam/drivers/pio/pio_handler.o
 .debug_info    0x00010a6d     0x19df src/ASF/sam/drivers/pmc/pmc.o
 .debug_info    0x0001244c      0xa39 src/ASF/sam/utils/cmsis/sam3x/source/templates/exceptions.o
 .debug_info    0x00012e85      0xd1b src/ASF/sam/utils/cmsis/sam3x/source/templates/gcc/startup_sam3x.o
 .debug_info    0x00013ba0      0xdc2 src/ASF/sam/utils/cmsis/sam3x/source/templates/system_sam3x.o
 .debug_info    0x00014962      0xdb0 src/ASF/sam/utils/syscalls/gcc/syscalls.o
 .debug_info    0x00015712      0xc1d src/main.o

.debug_abbrev   0x00000000     0x3473
 .debug_abbrev  0x00000000      0x1fe src/ASF/common/utils/stdio/read.o
 .debug_abbrev  0x000001fe      0x406 src/ASF/sam/drivers/usart/usart.o
 .debug_abbrev  0x00000604      0x3ea src/ASF/thirdparty/wireless/addons/sio2host/uart/sio2host.o
 .debug_abbrev  0x000009ee      0x337 src/console_functions.o
 .debug_abbrev  0x00000d25      0x204 src/dec_string.o
 .debug_abbrev  0x00000f29      0x291 src/tdoa.o
 .debug_abbrev  0x000011ba      0x1e9 src/ASF/common/utils/stdio/write.o
 .debug_abbrev  0x000013a3      0x2b1 src/ASF/common/services/serial/usart_serial.o
 .debug_abbrev  0x00001654      0x288 src/ASF/sam/drivers/uart/uart.o
 .debug_abbrev  0x000018dc      0x330 src/ASF/common/services/clock/sam3x/sysclk.o
 .debug_abbrev  0x00001c0c      0x212 src/ASF/common/utils/interrupt/interrupt_sam_nvic.o
 .debug_abbrev  0x00001e1e      0x262 src/ASF/sam/boards/arduino_due_x/init.o
 .debug_abbrev  0x00002080      0x3c7 src/ASF/sam/drivers/pio/pio.o
 .debug_abbrev  0x00002447      0x329 src/ASF/sam/drivers/pio/pio_handler.o
 .debug_abbrev  0x00002770      0x306 src/ASF/sam/drivers/pmc/pmc.o
 .debug_abbrev  0x00002a76      0x1a4 src/ASF/sam/utils/cmsis/sam3x/source/templates/exceptions.o
 .debug_abbrev  0x00002c1a      0x1f2 src/ASF/sam/utils/cmsis/sam3x/source/templates/gcc/startup_sam3x.o
 .debug_abbrev  0x00002e0c      0x1f4 src/ASF/sam/utils/cmsis/sam3x/source/templates/system_sam3x.o
 .debug_abbrev  0x00003000      0x264 src/ASF/sam/utils/syscalls/gcc/syscalls.o
 .debug_abbrev  0x00003264      0x20f src/main.o

.debug_loc      0x00000000     0x4a3a
 .debug_loc     0x00000000       0xb3 src/ASF/common/utils/stdio/read.o
 .debug_loc     0x000000b3     0x1062 src/ASF/sam/drivers/usart/usart.o
 .debug_loc     0x00001115      0x5b0 src/ASF/thirdparty/wireless/addons/sio2host/uart/sio2host.o
 .debug_loc     0x000016c5      0x34a src/console_functions.o
 .debug_loc     0x00001a0f       0x71 src/dec_string.o
 .debug_loc     0x00001a80      0xaf4 src/tdoa.o
 .debug_loc     0x00002574      0x12b src/ASF/common/utils/stdio/write.o
 .debug_loc     0x0000269f      0x2a7 src/ASF/common/services/serial/usart_serial.o
 .debug_loc     0x00002946      0x241 src/ASF/sam/drivers/uart/uart.o
 .debug_loc     0x00002b87      0x183 src/ASF/common/services/clock/sam3x/sysclk.o
 .debug_loc     0x00002d0a       0x70 src/ASF/sam/boards/arduino_due_x/init.o
 .debug_loc     0x00002d7a      0xacc src/ASF/sam/drivers/pio/pio.o
 .debug_loc     0x00003846      0x569 src/ASF/sam/drivers/pio/pio_handler.o
 .debug_loc     0x00003daf      0xaeb src/ASF/sam/drivers/pmc/pmc.o
 .debug_loc     0x0000489a       0x6b src/ASF/sam/utils/cmsis/sam3x/source/templates/gcc/startup_sam3x.o
 .debug_loc     0x00004905       0xfd src/ASF/sam/utils/syscalls/gcc/syscalls.o
 .debug_loc     0x00004a02       0x38 src/main.o

.debug_aranges  0x00000000      0x9f8
 .debug_aranges
                0x00000000       0x20 src/ASF/common/utils/stdio/read.o
 .debug_aranges
                0x00000020      0x2a8 src/ASF/sam/drivers/usart/usart.o
 .debug_aranges
                0x000002c8       0x60 src/ASF/thirdparty/wireless/addons/sio2host/uart/sio2host.o
 .debug_aranges
                0x00000328       0x30 src/console_functions.o
 .debug_aranges
                0x00000358       0x20 src/dec_string.o
 .debug_aranges
                0x00000378       0x38 src/tdoa.o
 .debug_aranges
                0x000003b0       0x20 src/ASF/common/utils/stdio/write.o
 .debug_aranges
                0x000003d0       0x28 src/ASF/common/services/serial/usart_serial.o
 .debug_aranges
                0x000003f8       0xe8 src/ASF/sam/drivers/uart/uart.o
 .debug_aranges
                0x000004e0       0x40 src/ASF/common/services/clock/sam3x/sysclk.o
 .debug_aranges
                0x00000520       0x28 src/ASF/common/utils/interrupt/interrupt_sam_nvic.o
 .debug_aranges
                0x00000548       0x20 src/ASF/sam/boards/arduino_due_x/init.o
 .debug_aranges
                0x00000568      0x148 src/ASF/sam/drivers/pio/pio.o
 .debug_aranges
                0x000006b0       0x58 src/ASF/sam/drivers/pio/pio_handler.o
 .debug_aranges
                0x00000708      0x200 src/ASF/sam/drivers/pmc/pmc.o
 .debug_aranges
                0x00000908       0x20 src/ASF/sam/utils/cmsis/sam3x/source/templates/exceptions.o
 .debug_aranges
                0x00000928       0x20 src/ASF/sam/utils/cmsis/sam3x/source/templates/gcc/startup_sam3x.o
 .debug_aranges
                0x00000948       0x30 src/ASF/sam/utils/cmsis/sam3x/source/templates/system_sam3x.o
 .debug_aranges
                0x00000978       0x60 src/ASF/sam/utils/syscalls/gcc/syscalls.o
 .debug_aranges
                0x000009d8       0x20 src/main.o

.debug_ranges   0x00000000      0x918
 .debug_ranges  0x00000000       0x10 src/ASF/common/utils/stdio/read.o
 .debug_ranges  0x00000010      0x298 src/ASF/sam/drivers/usart/usart.o
 .debug_ranges  0x000002a8       0x50 src/ASF/thirdparty/wireless/addons/sio2host/uart/sio2host.o
 .debug_ranges  0x000002f8       0x20 src/console_functions.o
 .debug_ranges  0x00000318       0x10 src/dec_string.o
 .debug_ranges  0x00000328       0x28 src/tdoa.o
 .debug_ranges  0x00000350       0x10 src/ASF/common/utils/stdio/write.o
 .debug_ranges  0x00000360       0x48 src/ASF/common/services/serial/usart_serial.o
 .debug_ranges  0x000003a8       0xd8 src/ASF/sam/drivers/uart/uart.o
 .debug_ranges  0x00000480       0x30 src/ASF/common/services/clock/sam3x/sysclk.o
 .debug_ranges  0x000004b0       0x18 src/ASF/common/utils/interrupt/interrupt_sam_nvic.o
 .debug_ranges  0x000004c8       0x10 src/ASF/sam/boards/arduino_due_x/init.o
 .debug_ranges  0x000004d8      0x150 src/ASF/sam/drivers/pio/pio.o
 .debug_ranges  0x00000628       0x60 src/ASF/sam/drivers/pio/pio_handler.o
 .debug_ranges  0x00000688      0x1f0 src/ASF/sam/drivers/pmc/pmc.o
 .debug_ranges  0x00000878       0x10 src/ASF/sam/utils/cmsis/sam3x/source/templates/exceptions.o
 .debug_ranges  0x00000888       0x10 src/ASF/sam/utils/cmsis/sam3x/source/templates/gcc/startup_sam3x.o
 .debug_ranges  0x00000898       0x20 src/ASF/sam/utils/cmsis/sam3x/source/templates/system_sam3x.o
 .debug_ranges  0x000008b8       0x50 src/ASF/sam/utils/syscalls/gcc/syscalls.o
 .debug_ranges  0x00000908       0x10 src/main.o

.debug_macro    0x00000000    0x1a4cf
 .debug_macro   0x00000000      0x550 src/ASF/common/utils/stdio/read.o
 .debug_macro   0x00000550      0x8ce src/ASF/common/utils/stdio/read.o
 .debug_macro   0x00000e1e      0x16d src/ASF/common/utils/stdio/read.o
 .debug_macro   0x00000f8b      0x64b src/ASF/common/utils/stdio/read.o
 .debug_macro   0x000015d6       0x76 src/ASF/common/utils/stdio/read.o
 .debug_macro   0x0000164c       0x16 src/ASF/common/utils/stdio/read.o
 .debug_macro   0x00001662      0x6e4 src/ASF/common/utils/stdio/read.o
 .debug_macro   0x00001d46       0x22 src/ASF/common/utils/stdio/read.o
 .debug_macro   0x00001d68       0x87 src/ASF/common/utils/stdio/read.o
 .debug_macro   0x00001def       0x51 src/ASF/common/utils/stdio/read.o
 .debug_macro   0x00001e40       0xef src/ASF/common/utils/stdio/read.o
 .debug_macro   0x00001f2f       0x6a src/ASF/common/utils/stdio/read.o
 .debug_macro   0x00001f99      0x1df src/ASF/common/utils/stdio/read.o
 .debug_macro   0x00002178       0x20 src/ASF/common/utils/stdio/read.o
 .debug_macro   0x00002198       0x3a src/ASF/common/utils/stdio/read.o
 .debug_macro   0x000021d2       0x2d src/ASF/common/utils/stdio/read.o
 .debug_macro   0x000021ff      0xbb1 src/ASF/common/utils/stdio/read.o
 .debug_macro   0x00002db0      0xab6 src/ASF/common/utils/stdio/read.o
 .debug_macro   0x00003866      0x569 src/ASF/common/utils/stdio/read.o
 .debug_macro   0x00003dcf      0x2b5 src/ASF/common/utils/stdio/read.o
 .debug_macro   0x00004084      0x31a src/ASF/common/utils/stdio/read.o
 .debug_macro   0x0000439e      0x74f src/ASF/common/utils/stdio/read.o
 .debug_macro   0x00004aed       0x82 src/ASF/common/utils/stdio/read.o
 .debug_macro   0x00004b6f      0x57b src/ASF/common/utils/stdio/read.o
 .debug_macro   0x000050ea       0x1c src/ASF/common/utils/stdio/read.o
 .debug_macro   0x00005106      0x6b7 src/ASF/common/utils/stdio/read.o
 .debug_macro   0x000057bd      0x52d src/ASF/common/utils/stdio/read.o
 .debug_macro   0x00005cea       0xbe src/ASF/common/utils/stdio/read.o
 .debug_macro   0x00005da8     0x2342 src/ASF/common/utils/stdio/read.o
 .debug_macro   0x000080ea      0x85d src/ASF/common/utils/stdio/read.o
 .debug_macro   0x00008947      0xdc9 src/ASF/common/utils/stdio/read.o
 .debug_macro   0x00009710       0x7c src/ASF/common/utils/stdio/read.o
 .debug_macro   0x0000978c      0x263 src/ASF/common/utils/stdio/read.o
 .debug_macro   0x000099ef       0x58 src/ASF/common/utils/stdio/read.o
 .debug_macro   0x00009a47      0x9a7 src/ASF/common/utils/stdio/read.o
 .debug_macro   0x0000a3ee      0x248 src/ASF/common/utils/stdio/read.o
 .debug_macro   0x0000a636      0x4df src/ASF/common/utils/stdio/read.o
 .debug_macro   0x0000ab15      0x6b3 src/ASF/common/utils/stdio/read.o
 .debug_macro   0x0000b1c8      0x59f src/ASF/common/utils/stdio/read.o
 .debug_macro   0x0000b767       0x46 src/ASF/common/utils/stdio/read.o
 .debug_macro   0x0000b7ad      0x34d src/ASF/common/utils/stdio/read.o
 .debug_macro   0x0000bafa      0x28c src/ASF/common/utils/stdio/read.o
 .debug_macro   0x0000bd86     0x14d7 src/ASF/common/utils/stdio/read.o
 .debug_macro   0x0000d25d      0x7ba src/ASF/common/utils/stdio/read.o
 .debug_macro   0x0000da17       0x76 src/ASF/common/utils/stdio/read.o
 .debug_macro   0x0000da8d       0x82 src/ASF/common/utils/stdio/read.o
 .debug_macro   0x0000db0f       0x76 src/ASF/common/utils/stdio/read.o
 .debug_macro   0x0000db85       0x4c src/ASF/common/utils/stdio/read.o
 .debug_macro   0x0000dbd1      0x105 src/ASF/common/utils/stdio/read.o
 .debug_macro   0x0000dcd6      0x105 src/ASF/common/utils/stdio/read.o
 .debug_macro   0x0000dddb      0x105 src/ASF/common/utils/stdio/read.o
 .debug_macro   0x0000dee0       0x88 src/ASF/common/utils/stdio/read.o
 .debug_macro   0x0000df68       0x88 src/ASF/common/utils/stdio/read.o
 .debug_macro   0x0000dff0      0x3b4 src/ASF/common/utils/stdio/read.o
 .debug_macro   0x0000e3a4       0xb8 src/ASF/common/utils/stdio/read.o
 .debug_macro   0x0000e45c       0xb8 src/ASF/common/utils/stdio/read.o
 .debug_macro   0x0000e514       0xb8 src/ASF/common/utils/stdio/read.o
 .debug_macro   0x0000e5cc       0xb8 src/ASF/common/utils/stdio/read.o
 .debug_macro   0x0000e684      0x2b8 src/ASF/common/utils/stdio/read.o
 .debug_macro   0x0000e93c      0x125 src/ASF/common/utils/stdio/read.o
 .debug_macro   0x0000ea61      0x225 src/ASF/common/utils/stdio/read.o
 .debug_macro   0x0000ec86      0x225 src/ASF/common/utils/stdio/read.o
 .debug_macro   0x0000eeab       0x2e src/ASF/common/utils/stdio/read.o
 .debug_macro   0x0000eed9       0xac src/ASF/common/utils/stdio/read.o
 .debug_macro   0x0000ef85      0x14d src/ASF/common/utils/stdio/read.o
 .debug_macro   0x0000f0d2       0x7c src/ASF/common/utils/stdio/read.o
 .debug_macro   0x0000f14e      0x205 src/ASF/common/utils/stdio/read.o
 .debug_macro   0x0000f353       0x64 src/ASF/common/utils/stdio/read.o
 .debug_macro   0x0000f3b7       0xa6 src/ASF/common/utils/stdio/read.o
 .debug_macro   0x0000f45d       0x7c src/ASF/common/utils/stdio/read.o
 .debug_macro   0x0000f4d9       0x16 src/ASF/common/utils/stdio/read.o
 .debug_macro   0x0000f4ef       0x22 src/ASF/common/utils/stdio/read.o
 .debug_macro   0x0000f511       0x22 src/ASF/common/utils/stdio/read.o
 .debug_macro   0x0000f533      0x115 src/ASF/common/utils/stdio/read.o
 .debug_macro   0x0000f648      0x115 src/ASF/common/utils/stdio/read.o
 .debug_macro   0x0000f75d      0x115 src/ASF/common/utils/stdio/read.o
 .debug_macro   0x0000f872      0x115 src/ASF/common/utils/stdio/read.o
 .debug_macro   0x0000f987       0x1c src/ASF/common/utils/stdio/read.o
 .debug_macro   0x0000f9a3       0x2e src/ASF/common/utils/stdio/read.o
 .debug_macro   0x0000f9d1       0x22 src/ASF/common/utils/stdio/read.o
 .debug_macro   0x0000f9f3       0x1c src/ASF/common/utils/stdio/read.o
 .debug_macro   0x0000fa0f       0x58 src/ASF/common/utils/stdio/read.o
 .debug_macro   0x0000fa67       0x10 src/ASF/common/utils/stdio/read.o
 .debug_macro   0x0000fa77      0x273 src/ASF/common/utils/stdio/read.o
 .debug_macro   0x0000fcea      0xd43 src/ASF/common/utils/stdio/read.o
 .debug_macro   0x00010a2d      0x131 src/ASF/common/utils/stdio/read.o
 .debug_macro   0x00010b5e       0x58 src/ASF/common/utils/stdio/read.o
 .debug_macro   0x00010bb6       0x35 src/ASF/common/utils/stdio/read.o
 .debug_macro   0x00010beb       0x9c src/ASF/common/utils/stdio/read.o
 .debug_macro   0x00010c87       0x16 src/ASF/common/utils/stdio/read.o
 .debug_macro   0x00010c9d       0x35 src/ASF/common/utils/stdio/read.o
 .debug_macro   0x00010cd2      0x353 src/ASF/common/utils/stdio/read.o
 .debug_macro   0x00011025       0x10 src/ASF/common/utils/stdio/read.o
 .debug_macro   0x00011035       0x58 src/ASF/common/utils/stdio/read.o
 .debug_macro   0x0001108d       0x1f src/ASF/common/utils/stdio/read.o
 .debug_macro   0x000110ac       0x43 src/ASF/common/utils/stdio/read.o
 .debug_macro   0x000110ef       0x20 src/ASF/common/utils/stdio/read.o
 .debug_macro   0x0001110f      0x187 src/ASF/common/utils/stdio/read.o
 .debug_macro   0x00011296       0x10 src/ASF/common/utils/stdio/read.o
 .debug_macro   0x000112a6       0x1c src/ASF/common/utils/stdio/read.o
 .debug_macro   0x000112c2       0x52 src/ASF/common/utils/stdio/read.o
 .debug_macro   0x00011314       0x40 src/ASF/common/utils/stdio/read.o
 .debug_macro   0x00011354       0x10 src/ASF/common/utils/stdio/read.o
 .debug_macro   0x00011364       0x40 src/ASF/common/utils/stdio/read.o
 .debug_macro   0x000113a4       0xd7 src/ASF/common/utils/stdio/read.o
 .debug_macro   0x0001147b       0x16 src/ASF/common/utils/stdio/read.o
 .debug_macro   0x00011491      0x18b src/ASF/common/utils/stdio/read.o
 .debug_macro   0x0001161c       0x22 src/ASF/common/utils/stdio/read.o
 .debug_macro   0x0001163e       0x16 src/ASF/common/utils/stdio/read.o
 .debug_macro   0x00011654       0x16 src/ASF/common/utils/stdio/read.o
 .debug_macro   0x0001166a       0x29 src/ASF/common/utils/stdio/read.o
 .debug_macro   0x00011693       0x75 src/ASF/common/utils/stdio/read.o
 .debug_macro   0x00011708       0x45 src/ASF/common/utils/stdio/read.o
 .debug_macro   0x0001174d      0x3ca src/ASF/common/utils/stdio/read.o
 .debug_macro   0x00011b17      0x59b src/ASF/sam/drivers/usart/usart.o
 .debug_macro   0x000120b2       0x28 src/ASF/sam/drivers/usart/usart.o
 .debug_macro   0x000120da      0x69f src/ASF/thirdparty/wireless/addons/sio2host/uart/sio2host.o
 .debug_macro   0x00012779       0x34 src/ASF/thirdparty/wireless/addons/sio2host/uart/sio2host.o
 .debug_macro   0x000127ad      0x2c6 src/ASF/thirdparty/wireless/addons/sio2host/uart/sio2host.o
 .debug_macro   0x00012a73      0x790 src/ASF/thirdparty/wireless/addons/sio2host/uart/sio2host.o
 .debug_macro   0x00013203       0x5e src/ASF/thirdparty/wireless/addons/sio2host/uart/sio2host.o
 .debug_macro   0x00013261       0x64 src/ASF/thirdparty/wireless/addons/sio2host/uart/sio2host.o
 .debug_macro   0x000132c5       0x5f src/ASF/thirdparty/wireless/addons/sio2host/uart/sio2host.o
 .debug_macro   0x00013324       0x90 src/ASF/thirdparty/wireless/addons/sio2host/uart/sio2host.o
 .debug_macro   0x000133b4       0x28 src/ASF/thirdparty/wireless/addons/sio2host/uart/sio2host.o
 .debug_macro   0x000133dc       0x23 src/ASF/thirdparty/wireless/addons/sio2host/uart/sio2host.o
 .debug_macro   0x000133ff       0x94 src/ASF/thirdparty/wireless/addons/sio2host/uart/sio2host.o
 .debug_macro   0x00013493       0x40 src/ASF/thirdparty/wireless/addons/sio2host/uart/sio2host.o
 .debug_macro   0x000134d3       0x70 src/ASF/thirdparty/wireless/addons/sio2host/uart/sio2host.o
 .debug_macro   0x00013543       0x34 src/ASF/thirdparty/wireless/addons/sio2host/uart/sio2host.o
 .debug_macro   0x00013577       0x1c src/ASF/thirdparty/wireless/addons/sio2host/uart/sio2host.o
 .debug_macro   0x00013593       0x2e src/ASF/thirdparty/wireless/addons/sio2host/uart/sio2host.o
 .debug_macro   0x000135c1       0x1c src/ASF/thirdparty/wireless/addons/sio2host/uart/sio2host.o
 .debug_macro   0x000135dd       0x40 src/ASF/thirdparty/wireless/addons/sio2host/uart/sio2host.o
 .debug_macro   0x0001361d      0x699 src/console_functions.o
 .debug_macro   0x00013cb6       0x52 src/console_functions.o
 .debug_macro   0x00013d08       0x8d src/console_functions.o
 .debug_macro   0x00013d95       0x57 src/console_functions.o
 .debug_macro   0x00013dec       0x97 src/console_functions.o
 .debug_macro   0x00013e83       0xf6 src/console_functions.o
 .debug_macro   0x00013f79       0x16 src/console_functions.o
 .debug_macro   0x00013f8f      0x6af src/dec_string.o
 .debug_macro   0x0001463e       0x16 src/dec_string.o
 .debug_macro   0x00014654      0x6c7 src/tdoa.o
 .debug_macro   0x00014d1b       0x10 src/tdoa.o
 .debug_macro   0x00014d2b      0x45d src/tdoa.o
 .debug_macro   0x00015188      0x1e1 src/tdoa.o
 .debug_macro   0x00015369      0x550 src/ASF/common/utils/stdio/write.o
 .debug_macro   0x000158b9      0x60a src/ASF/common/services/serial/usart_serial.o
 .debug_macro   0x00015ec3      0x55f src/ASF/sam/drivers/uart/uart.o
 .debug_macro   0x00016422       0x16 src/ASF/sam/drivers/uart/uart.o
 .debug_macro   0x00016438      0x5d1 src/ASF/common/services/clock/sam3x/sysclk.o
 .debug_macro   0x00016a09      0x2c0 src/ASF/common/services/clock/sam3x/sysclk.o
 .debug_macro   0x00016cc9      0x55a src/ASF/common/utils/interrupt/interrupt_sam_nvic.o
 .debug_macro   0x00017223       0x3f src/ASF/common/utils/interrupt/interrupt_sam_nvic.o
 .debug_macro   0x00017262      0x616 src/ASF/sam/boards/arduino_due_x/init.o
 .debug_macro   0x00017878       0x6a src/ASF/sam/boards/arduino_due_x/init.o
 .debug_macro   0x000178e2      0x56b src/ASF/sam/drivers/pio/pio.o
 .debug_macro   0x00017e4d       0x8e src/ASF/sam/drivers/pio/pio.o
 .debug_macro   0x00017edb      0x56f src/ASF/sam/drivers/pio/pio_handler.o
 .debug_macro   0x0001844a      0x565 src/ASF/sam/drivers/pmc/pmc.o
 .debug_macro   0x000189af       0x58 src/ASF/sam/drivers/pmc/pmc.o
 .debug_macro   0x00018a07      0x564 src/ASF/sam/utils/cmsis/sam3x/source/templates/exceptions.o
 .debug_macro   0x00018f6b      0x572 src/ASF/sam/utils/cmsis/sam3x/source/templates/gcc/startup_sam3x.o
 .debug_macro   0x000194dd      0x572 src/ASF/sam/utils/cmsis/sam3x/source/templates/system_sam3x.o
 .debug_macro   0x00019a4f       0x26 src/ASF/sam/utils/cmsis/sam3x/source/templates/system_sam3x.o
 .debug_macro   0x00019a75      0x1d6 src/ASF/sam/utils/syscalls/gcc/syscalls.o
 .debug_macro   0x00019c4b       0x4c src/ASF/sam/utils/syscalls/gcc/syscalls.o
 .debug_macro   0x00019c97       0x16 src/ASF/sam/utils/syscalls/gcc/syscalls.o
 .debug_macro   0x00019cad       0x10 src/ASF/sam/utils/syscalls/gcc/syscalls.o
 .debug_macro   0x00019cbd       0x10 src/ASF/sam/utils/syscalls/gcc/syscalls.o
 .debug_macro   0x00019ccd       0x35 src/ASF/sam/utils/syscalls/gcc/syscalls.o
 .debug_macro   0x00019d02      0x122 src/ASF/sam/utils/syscalls/gcc/syscalls.o
 .debug_macro   0x00019e24      0x6ab src/main.o

.debug_line     0x00000000    0x108c6
 .debug_line    0x00000000      0xb48 src/ASF/common/utils/stdio/read.o
 .debug_line    0x00000b48     0x1222 src/ASF/sam/drivers/usart/usart.o
 .debug_line    0x00001d6a     0x10af src/ASF/thirdparty/wireless/addons/sio2host/uart/sio2host.o
 .debug_line    0x00002e19      0xfb2 src/console_functions.o
 .debug_line    0x00003dcb      0xf10 src/dec_string.o
 .debug_line    0x00004cdb      0xfd0 src/tdoa.o
 .debug_line    0x00005cab      0xb40 src/ASF/common/utils/stdio/write.o
 .debug_line    0x000067eb      0xd98 src/ASF/common/services/serial/usart_serial.o