Archive member included to satisfy reference by file (symbol)

c:/program files (x86)/atmel/studio/7.0/toolchain/arm/arm-gnu-toolchain/bin/../lib/gcc/arm-none-eabi/6.3.1/thumb/v7-m\libgcc.a(_arm_addsubsf3.o)
                              src/adc_with_pdc.o (__aeabi_fadd)
c:/program files (x86)/atmel/studio/7.0/toolchain/arm/arm-gnu-toolchain/bin/../lib/gcc/arm-none-eabi/6.3.1/thumb/v7-m\libgcc.a(_arm_muldivsf3.o)
                              src/adc_with_pdc.o (__aeabi_fmul)
c:/program files (x86)/atmel/studio/7.0/toolchain/arm/arm-gnu-toolchain/bin/../lib/gcc/arm-none-eabi/6.3.1/thumb/v7-m\libgcc.a(_arm_fixunssfsi.o)
                              src/adc_with_pdc.o (__aeabi_f2uiz)
c:/program files (x86)/atmel/studio/7.0/toolchain/arm/arm-gnu-toolchain/bin/../lib/gcc/arm-none-eabi/6.3.1/../../../../arm-none-eabi/lib/thumb/v7-m\libc.a(lib_a-exit.o)
                              c:/program files (x86)/atmel/studio/7.0/toolchain/arm/arm-gnu-toolchain/bin/../lib/gcc/arm-none-eabi/6.3.1/../../../../arm-none-eabi/lib/thumb/v7-m/crt0.o (exit)
c:/program files (x86)/atmel/studio/7.0/toolchain/arm/arm-gnu-toolchain/bin/../lib/gcc/arm-none-eabi/6.3.1/../../../../arm-none-eabi/lib/thumb/v7-m\libc.a(lib_a-impure.o)
                              c:/program files (x86)/atmel/studio/7.0/toolchain/arm/arm-gnu-toolchain/bin/../lib/gcc/arm-none-eabi/6.3.1/../../../../arm-none-eabi/lib/thumb/v7-m\libc.a(lib_a-exit.o) (_global_impure_ptr)
c:/program files (x86)/atmel/studio/7.0/toolchain/arm/arm-gnu-toolchain/bin/../lib/gcc/arm-none-eabi/6.3.1/../../../../arm-none-eabi/lib/thumb/v7-m\libc.a(lib_a-init.o)
                              c:/program files (x86)/atmel/studio/7.0/toolchain/arm/arm-gnu-toolchain/bin/../lib/gcc/arm-none-eabi/6.3.1/../../../../arm-none-eabi/lib/thumb/v7-m/crt0.o (__libc_init_array)
c:/program files (x86)/atmel/studio/7.0/toolchain/arm/arm-gnu-toolchain/bin/../lib/gcc/arm-none-eabi/6.3.1/../../../../arm-none-eabi/lib/thumb/v7-m\libc.a(lib_a-iprintf.o)
                              src/adc_with_pdc.o (iprintf)
c:/program files (x86)/atmel/studio/7.0/toolchain/arm/arm-gnu-toolchain/bin/../lib/gcc/arm-none-eabi/6.3.1/../../../../arm-none-eabi/lib/thumb/v7-m\libc.a(lib_a-memset.o)
                              c:/program files (x86)/atmel/studio/7.0/toolchain/arm/arm-gnu-toolchain/bin/../lib/gcc/arm-none-eabi/6.3.1/../../../../arm-none-eabi/lib/thumb/v7-m/crt0.o (memset)
c:/program files (x86)/atmel/studio/7.0/toolchain/arm/arm-gnu-toolchain/bin/../lib/gcc/arm-none-eabi/6.3.1/../../../../arm-none-eabi/lib/thumb/v7-m\libc.a(lib_a-puts.o)
                              src/trigger_on_amplitude.o (puts)
c:/program files (x86)/atmel/studio/7.0/toolchain/arm/arm-gnu-toolchain/bin/../lib/gcc/arm-none-eabi/6.3.1/../../../../arm-none-eabi/lib/thumb/v7-m\libc.a(lib_a-setbuf.o)
                              src/ASF/thirdparty/wireless/addons/sio2host/uart/sio2host.o (setbuf)
c:/program files (x86)/atmel/studio/7.0/toolchain/arm/arm-gnu-toolchain/bin/../lib/gcc/arm-none-eabi/6.3.1/../../../../arm-none-eabi/lib/thumb/v7-m\libc.a(lib_a-setvbuf.o)
                              c:/program files (x86)/atmel/studio/7.0/toolchain/arm/arm-gnu-toolchain/bin/../lib/gcc/arm-none-eabi/6.3.1/../../../../arm-none-eabi/lib/thumb/v7-m\libc.a(lib_a-setbuf.o) (setvbuf)
c:/program files (x86)/atmel/studio/7.0/toolchain/arm/arm-gnu-toolchain/bin/../lib/gcc/arm-none-eabi/6.3.1/../../../../arm-none-eabi/lib/thumb/v7-m\libc.a(lib_a-strlen-stub.o)
                              c:/program files (x86)/atmel/studio/7.0/toolchain/arm/arm-gnu-toolchain/bin/../lib/gcc/arm-none-eabi/6.3.1/../../../../arm-none-eabi/lib/thumb/v7-m\libc.a(lib_a-puts.o) (strlen)
c:/program files (x86)/atmel/studio/7.0/toolchain/arm/arm-gnu-toolchain/bin/../lib/gcc/arm-none-eabi/6.3.1/../../../../arm-none-eabi/lib/thumb/v7-m\libc.a(lib_a-vfiprintf.o)
                              c:/program files (x86)/atmel/studio/7.0/toolchain/arm/arm-gnu-toolchain/bin/../lib/gcc/arm-none-eabi/6.3.1/../../../../arm-none-eabi/lib/thumb/v7-m\libc.a(lib_a-iprintf.o) (_vfiprintf_r)
c:/program files (x86)/atmel/studio/7.0/toolchain/arm/arm-gnu-toolchain/bin/../lib/gcc/arm-none-eabi/6.3.1/../../../../arm-none-eabi/lib/thumb/v7-m\libc.a(lib_a-wsetup.o)
                              c:/program files (x86)/atmel/studio/7.0/toolchain/arm/arm-gnu-toolchain/bin/../lib/gcc/arm-none-eabi/6.3.1/../../../../arm-none-eabi/lib/thumb/v7-m\libc.a(lib_a-vfiprintf.o) (__swsetup_r)
c:/program files (x86)/atmel/studio/7.0/toolchain/arm/arm-gnu-toolchain/bin/../lib/gcc/arm-none-eabi/6.3.1/../../../../arm-none-eabi/lib/thumb/v7-m\libc.a(lib_a-__call_atexit.o)
                              c:/program files (x86)/atmel/studio/7.0/toolchain/arm/arm-gnu-toolchain/bin/../lib/gcc/arm-none-eabi/6.3.1/../../../../arm-none-eabi/lib/thumb/v7-m\libc.a(lib_a-exit.o) (__call_exitprocs)
[...]
Memory Configuration

Name             Origin             Length             Attributes
rom              0x00080000         0x00080000         xr
sram0            0x20000000         0x00010000         xrw
sram1            0x20080000         0x00008000         xrw
ram              0x20070000         0x00018000         xrw
*default*        0x00000000         0xffffffff

Linker script and memory map

LOAD c:/program files (x86)/atmel/studio/7.0/toolchain/arm/arm-gnu-toolchain/bin/../lib/gcc/arm-none-eabi/6.3.1/thumb/v7-m/crti.o
LOAD c:/program files (x86)/atmel/studio/7.0/toolchain/arm/arm-gnu-toolchain/bin/../lib/gcc/arm-none-eabi/6.3.1/thumb/v7-m/crtbegin.o
LOAD c:/program files (x86)/atmel/studio/7.0/toolchain/arm/arm-gnu-toolchain/bin/../lib/gcc/arm-none-eabi/6.3.1/../../../../arm-none-eabi/lib/thumb/v7-m/crt0.o
LOAD src/ASF/sam/drivers/pdc/pdc.o
LOAD src/sampling.o
LOAD src/timer_counter.o
LOAD src/trigger_on_amplitude.o
LOAD src/adc_with_pdc.o
LOAD src/ASF/common/services/delay/sam/cycle_counter.o
LOAD src/ASF/common/utils/stdio/read.o
LOAD src/ASF/sam/drivers/adc/adc.o
LOAD src/ASF/sam/drivers/adc/adc_sam3u.o
LOAD src/ASF/sam/drivers/tc/tc.o
LOAD src/ASF/sam/drivers/usart/usart.o
LOAD src/ASF/thirdparty/wireless/addons/sio2host/uart/sio2host.o
LOAD src/ASF/common/utils/stdio/write.o
LOAD src/ASF/common/services/serial/usart_serial.o
LOAD src/ASF/sam/drivers/uart/uart.o
LOAD src/ASF/common/services/clock/sam3x/sysclk.o
LOAD src/ASF/common/utils/interrupt/interrupt_sam_nvic.o
LOAD src/ASF/sam/boards/arduino_due_x/init.o
LOAD src/ASF/sam/drivers/pio/pio.o
LOAD src/ASF/sam/drivers/pio/pio_handler.o
LOAD src/ASF/sam/drivers/pmc/pmc.o
LOAD src/ASF/sam/drivers/pmc/sleep.o
LOAD src/ASF/sam/utils/cmsis/sam3x/source/templates/exceptions.o
LOAD src/ASF/sam/utils/cmsis/sam3x/source/templates/gcc/startup_sam3x.o
LOAD src/ASF/sam/utils/cmsis/sam3x/source/templates/system_sam3x.o
LOAD src/ASF/sam/utils/syscalls/gcc/syscalls.o
LOAD src/configure_tc.o
LOAD src/main.o
START GROUP
LOAD ../src/ASF/thirdparty/CMSIS/Lib/GCC\libarm_cortexM3l_math.a
LOAD c:/program files (x86)/atmel/studio/7.0/toolchain/arm/arm-gnu-toolchain/bin/../lib/gcc/arm-none-eabi/6.3.1/../../../../arm-none-eabi/lib/thumb/v7-m\libm.a
END GROUP
START GROUP
LOAD c:/program files (x86)/atmel/studio/7.0/toolchain/arm/arm-gnu-toolchain/bin/../lib/gcc/arm-none-eabi/6.3.1/thumb/v7-m\libgcc.a
LOAD c:/program files (x86)/atmel/studio/7.0/toolchain/arm/arm-gnu-toolchain/bin/../lib/gcc/arm-none-eabi/6.3.1/../../../../arm-none-eabi/lib/thumb/v7-m\libc.a
END GROUP
LOAD c:/program files (x86)/atmel/studio/7.0/toolchain/arm/arm-gnu-toolchain/bin/../lib/gcc/arm-none-eabi/6.3.1/thumb/v7-m/crtend.o
LOAD c:/program files (x86)/atmel/studio/7.0/toolchain/arm/arm-gnu-toolchain/bin/../lib/gcc/arm-none-eabi/6.3.1/thumb/v7-m/crtn.o
                0x00002000                __stack_size__ = DEFINED (__stack_size__)?__stack_size__:0x2000
                0x20087ffc                __ram_end__ = ((ORIGIN (ram) + LENGTH (ram)) - 0x4)

.text           0x00080000     0x43d0
                0x00080000                . = ALIGN (0x4)
                0x00080000                _sfixed = .
 *(.vectors .vectors.*)
 .vectors       0x00080000       0xf4 src/ASF/sam/utils/cmsis/sam3x/source/templates/gcc/startup_sam3x.o
                0x00080000                exception_table
 *(.text .text.* .gnu.linkonce.t.*)
 .text          0x000800f4       0x6c c:/program files (x86)/atmel/studio/7.0/toolchain/arm/arm-gnu-toolchain/bin/../lib/gcc/arm-none-eabi/6.3.1/thumb/v7-m/crtbegin.o
 .text.TC0_Handler
                0x00080160       0x2c src/sampling.o
                0x00080160                TC0_Handler
 .text.read_counter_value
                0x0008018c        0xc src/timer_counter.o
                0x0008018c                read_counter_value
 .text.configure_timerCounter
                0x00080198       0x30 src/timer_counter.o
                0x00080198                configure_timerCounter
 .text.smooth_values
                0x000801c8       0xb4 src/adc_with_pdc.o
 .text.ADC_Handler
                0x0008027c       0xc4 src/adc_with_pdc.o
                0x0008027c                ADC_Handler
 .text._read    0x00080340       0x3c src/ASF/common/utils/stdio/read.o
                0x00080340                _read
 .text.adc_start
                0x0008037c        0x6 src/ASF/sam/drivers/adc/adc.o
                0x0008037c                adc_start
 .text.adc_get_status
                0x00080382        0x4 src/ASF/sam/drivers/adc/adc.o
                0x00080382                adc_get_status
 .text.tc_stop  0x00080386        0x8 src/ASF/sam/drivers/tc/tc.o
                0x00080386                tc_stop
 .text.tc_get_status
                0x0008038e        0x8 src/ASF/sam/drivers/tc/tc.o
                0x0008038e                tc_get_status
 .text.usart_write
                0x00080396       0x14 src/ASF/sam/drivers/usart/usart.o
                0x00080396                usart_write
 .text.usart_read
                0x000803aa       0x18 src/ASF/sam/drivers/usart/usart.o
                0x000803aa                usart_read
 *fill*         0x000803c2        0x2 
 .text.USART0_Handler
                0x000803c4       0x60 src/ASF/thirdparty/wireless/addons/sio2host/uart/sio2host.o
                0x000803c4                USART0_Handler
 .text._write   0x00080424       0x50 src/ASF/common/utils/stdio/write.o
                0x00080424                _write
 .text.usart_serial_read_packet
                0x00080474       0xc8 src/ASF/common/services/serial/usart_serial.o
                0x00080474                usart_serial_read_packet
 .text.uart_init
                0x0008053c       0x36 src/ASF/sam/drivers/uart/uart.o
                0x0008053c                uart_init
 .text.uart_write
                0x00080572       0x10 src/ASF/sam/drivers/uart/uart.o
                0x00080572                uart_write
 .text.uart_read
                0x00080582       0x12 src/ASF/sam/drivers/uart/uart.o
                0x00080582                uart_read
 .text.sysclk_init
                0x00080594       0x64 src/ASF/common/services/clock/sam3x/sysclk.o
                0x00080594                sysclk_init
 .text.board_init
                0x000805f8       0x80 src/ASF/sam/boards/arduino_due_x/init.o
                0x000805f8                board_init
 .text.pio_set_peripheral
                0x00080678       0x3e src/ASF/sam/drivers/pio/pio.o
                0x00080678                pio_set_peripheral
 .text.pio_set_input
                0x000806b6       0x32 src/ASF/sam/drivers/pio/pio.o
                0x000806b6                pio_set_input
 .text.pio_set_output
                0x000806e8       0x26 src/ASF/sam/drivers/pio/pio.o
                0x000806e8                pio_set_output
 .text.pio_enable_interrupt
                0x0008070e        0x4 src/ASF/sam/drivers/pio/pio.o
                0x0008070e                pio_enable_interrupt
 .text.pio_get_interrupt_status
                0x00080712        0x4 src/ASF/sam/drivers/pio/pio.o
                0x00080712                pio_get_interrupt_status
 .text.pio_get_interrupt_mask
                0x00080716        0x4 src/ASF/sam/drivers/pio/pio.o
                0x00080716                pio_get_interrupt_mask
 *fill*         0x0008071a        0x2 
 .text.pio_configure_pin
                0x0008071c       0xd0 src/ASF/sam/drivers/pio/pio.o
                0x0008071c                pio_configure_pin
 .text.pio_configure_pin_group
                0x000807ec       0x9c src/ASF/sam/drivers/pio/pio.o
                0x000807ec                pio_configure_pin_group
 .text.pio_handler_process
                0x00080888       0x50 src/ASF/sam/drivers/pio/pio_handler.o
                0x00080888                pio_handler_process
 .text.PIOA_Handler
                0x000808d8       0x14 src/ASF/sam/drivers/pio/pio_handler.o
                0x000808d8                PIOA_Handler
 .text.PIOB_Handler
                0x000808ec       0x14 src/ASF/sam/drivers/pio/pio_handler.o
                0x000808ec                PIOB_Handler
 .text.PIOC_Handler
                0x00080900       0x14 src/ASF/sam/drivers/pio/pio_handler.o
                0x00080900                PIOC_Handler
 .text.PIOD_Handler
                0x00080914       0x14 src/ASF/sam/drivers/pio/pio_handler.o
                0x00080914                PIOD_Handler
 .text.pmc_switch_mck_to_pllack
                0x00080928       0x64 src/ASF/sam/drivers/pmc/pmc.o
                0x00080928                pmc_switch_mck_to_pllack
 .text.pmc_switch_mainck_to_xtal
                0x0008098c       0x54 src/ASF/sam/drivers/pmc/pmc.o
                0x0008098c                pmc_switch_mainck_to_xtal
 .text.pmc_osc_is_ready_mainck
                0x000809e0       0x10 src/ASF/sam/drivers/pmc/pmc.o
                0x000809e0                pmc_osc_is_ready_mainck
 .text.pmc_disable_pllack
                0x000809f0       0x10 src/ASF/sam/drivers/pmc/pmc.o
                0x000809f0                pmc_disable_pllack
 .text.pmc_is_locked_pllack
                0x00080a00       0x10 src/ASF/sam/drivers/pmc/pmc.o
                0x00080a00                pmc_is_locked_pllack
 .text.pmc_enable_periph_clk
                0x00080a10       0x54 src/ASF/sam/drivers/pmc/pmc.o
                0x00080a10                pmc_enable_periph_clk
 .text.Dummy_Handler
                0x00080a64        0x2 src/ASF/sam/utils/cmsis/sam3x/source/templates/exceptions.o
                0x00080a64                DACC_Handler
                0x00080a64                DebugMon_Handler
                0x00080a64                DMAC_Handler
                0x00080a64                TRNG_Handler
                0x00080a64                HardFault_Handler
                0x00080a64                TC2_Handler
                0x00080a64                SysTick_Handler
                0x00080a64                USART3_Handler
                0x00080a64                TWI1_Handler
                0x00080a64                PendSV_Handler
                0x00080a64                NMI_Handler
                0x00080a64                TC7_Handler
                0x00080a64                SMC_Handler
                0x00080a64                RTT_Handler
                0x00080a64                EFC1_Handler
                0x00080a64                RTC_Handler
                0x00080a64                UsageFault_Handler
                0x00080a64                TC6_Handler
                0x00080a64                WDT_Handler
                0x00080a64                CAN0_Handler
                0x00080a64                TC4_Handler
                0x00080a64                TC1_Handler
                0x00080a64                HSMCI_Handler
                0x00080a64                TC3_Handler
                0x00080a64                Dummy_Handler
                0x00080a64                TWI0_Handler
                0x00080a64                USART1_Handler
                0x00080a64                SSC_Handler
                0x00080a64                EFC0_Handler
                0x00080a64                PMC_Handler
                0x00080a64                PWM_Handler
                0x00080a64                CAN1_Handler
                0x00080a64                MemManage_Handler
                0x00080a64                SUPC_Handler
                0x00080a64                SVC_Handler
                0x00080a64                TC8_Handler
                0x00080a64                USART2_Handler
                0x00080a64                EMAC_Handler
                0x00080a64                UART_Handler
                0x00080a64                BusFault_Handler
                0x00080a64                RSTC_Handler
                0x00080a64                TC5_Handler
                0x00080a64                UOTGHS_Handler
                0x00080a64                SPI0_Handler
 *fill*         0x00080a66        0x2 
 .text.Reset_Handler
                0x00080a68       0x98 src/ASF/sam/utils/cmsis/sam3x/source/templates/gcc/startup_sam3x.o
                0x00080a68                Reset_Handler
 .text.SystemCoreClockUpdate
                0x00080b00      0x118 src/ASF/sam/utils/cmsis/sam3x/source/templates/system_sam3x.o
                0x00080b00                SystemCoreClockUpdate
 .text._sbrk    0x00080c18       0x38 src/ASF/sam/utils/syscalls/gcc/syscalls.o
                0x00080c18                _sbrk
 .text._close   0x00080c50        0x6 src/ASF/sam/utils/syscalls/gcc/syscalls.o
                0x00080c50                _close
 .text._fstat   0x00080c56        0xa src/ASF/sam/utils/syscalls/gcc/syscalls.o
                0x00080c56                _fstat
 .text._isatty  0x00080c60        0x4 src/ASF/sam/utils/syscalls/gcc/syscalls.o
                0x00080c60                _isatty
 .text._lseek   0x00080c64        0x4 src/ASF/sam/utils/syscalls/gcc/syscalls.o
                0x00080c64                _lseek
 .text.usart_serial_getchar
                0x00080c68       0xac src/main.o
 .text.usart_serial_putchar
                0x00080d14       0x9c src/main.o
 .text.main     0x00080db0       0xbc src/main.o
                0x00080db0                main
 .text          0x00080e6c      0x21c c:/program files (x86)/atmel/studio/7.0/toolchain/arm/arm-gnu-toolchain/bin/../lib/gcc/arm-none-eabi/6.3.1/thumb/v7-m\libgcc.a(_arm_addsubsf3.o)
                0x00080e6c                __aeabi_frsub
                0x00080e74                __subsf3
                0x00080e74                __aeabi_fsub
                0x00080e78                __aeabi_fadd
                0x00080e78                __addsf3
                0x00080fd8                __aeabi_ui2f
                0x00080fd8                __floatunsisf
                0x00080fe0                __aeabi_i2f
                0x00080fe0                __floatsisf
                0x00080ffc                __aeabi_ul2f
                0x00080ffc                __floatundisf
                0x0008100c                __aeabi_l2f
                0x0008100c                __floatdisf
 .text          0x00081088      0x2a0 c:/program files (x86)/atmel/studio/7.0/toolchain/arm/arm-gnu-toolchain/bin/../lib/gcc/arm-none-eabi/6.3.1/thumb/v7-m\libgcc.a(_arm_muldivsf3.o)
                0x00081088                __mulsf3
                0x00081088                __aeabi_fmul
                0x000811f0                __aeabi_fdiv
                0x000811f0                __divsf3
 .text          0x00081328       0x40 c:/program files (x86)/atmel/studio/7.0/toolchain/arm/arm-gnu-toolchain/bin/../lib/gcc/arm-none-eabi/6.3.1/thumb/v7-m\libgcc.a(_arm_fixunssfsi.o)
                0x00081328                __fixunssfsi
                0x00081328                __aeabi_f2uiz
 .text.__libc_init_array
                0x00081368       0x50 c:/program files (x86)/atmel/studio/7.0/toolchain/arm/arm-gnu-toolchain/bin/../lib/gcc/arm-none-eabi/6.3.1/../../../../arm-none-eabi/lib/thumb/v7-m\libc.a(lib_a-init.o)
                0x00081368                __libc_init_array
 .text.iprintf  0x000813b8       0x28 c:/program files (x86)/atmel/studio/7.0/toolchain/arm/arm-gnu-toolchain/bin/../lib/gcc/arm-none-eabi/6.3.1/../../../../arm-none-eabi/lib/thumb/v7-m\libc.a(lib_a-iprintf.o)
                0x000813b8                iprintf
 .text.memset   0x000813e0       0x9c c:/program files (x86)/atmel/studio/7.0/toolchain/arm/arm-gnu-toolchain/bin/../lib/gcc/arm-none-eabi/6.3.1/../../../../arm-none-eabi/lib/thumb/v7-m\libc.a(lib_a-memset.o)
                0x000813e0                memset
 .text.setbuf   0x0008147c       0x10 c:/program files (x86)/atmel/studio/7.0/toolchain/arm/arm-gnu-toolchain/bin/../lib/gcc/arm-none-eabi/6.3.1/../../../../arm-none-eabi/lib/thumb/v7-m\libc.a(lib_a-setbuf.o)
                0x0008147c                setbuf
 .text.setvbuf  0x0008148c      0x190 c:/program files (x86)/atmel/studio/7.0/toolchain/arm/arm-gnu-toolchain/bin/../lib/gcc/arm-none-eabi/6.3.1/../../../../arm-none-eabi/lib/thumb/v7-m\libc.a(lib_a-setvbuf.o)
                0x0008148c                setvbuf
 .text.strlen   0x0008161c       0x5c c:/program files (x86)/atmel/studio/7.0/toolchain/arm/arm-gnu-toolchain/bin/../lib/gcc/arm-none-eabi/6.3.1/../../../../arm-none-eabi/lib/thumb/v7-m\libc.a(lib_a-strlen-stub.o)
                0x0008161c                strlen
 .text.__sprint_r.part.0
                0x00081678       0x80 c:/program files (x86)/atmel/studio/7.0/toolchain/arm/arm-gnu-toolchain/bin/../lib/gcc/arm-none-eabi/6.3.1/../../../../arm-none-eabi/lib/thumb/v7-m\libc.a(lib_a-vfiprintf.o)
 .text._vfiprintf_r
                0x000816f8      0xc88 c:/program files (x86)/atmel/studio/7.0/toolchain/arm/arm-gnu-toolchain/bin/../lib/gcc/arm-none-eabi/6.3.1/../../../../arm-none-eabi/lib/thumb/v7-m\libc.a(lib_a-vfiprintf.o)
                0x000816f8                _vfiprintf_r
 .text.__sbprintf
                0x00082380       0x88 c:/program files (x86)/atmel/studio/7.0/toolchain/arm/arm-gnu-toolchain/bin/../lib/gcc/arm-none-eabi/6.3.1/../../../../arm-none-eabi/lib/thumb/v7-m\libc.a(lib_a-vfiprintf.o)
 .text.__swsetup_r
                0x00082408       0xc8 c:/program files (x86)/atmel/studio/7.0/toolchain/arm/arm-gnu-toolchain/bin/../lib/gcc/arm-none-eabi/6.3.1/../../../../arm-none-eabi/lib/thumb/v7-m\libc.a(lib_a-wsetup.o)
                0x00082408                __swsetup_r
 .text.startup.register_fini
                0x000824d0       0x14 c:/program files (x86)/atmel/studio/7.0/toolchain/arm/arm-gnu-toolchain/bin/../lib/gcc/arm-none-eabi/6.3.1/../../../../arm-none-eabi/lib/thumb/v7-m\libc.a(lib_a-__call_atexit.o)
 .text.atexit   0x000824e4        0xc c:/program files (x86)/atmel/studio/7.0/toolchain/arm/arm-gnu-toolchain/bin/../lib/gcc/arm-none-eabi/6.3.1/../../../../arm-none-eabi/lib/thumb/v7-m\libc.a(lib_a-atexit.o)
                0x000824e4                atexit
 .text.__sflush_r
                0x000824f0      0x138 c:/program files (x86)/atmel/studio/7.0/toolchain/arm/arm-gnu-toolchain/bin/../lib/gcc/arm-none-eabi/6.3.1/../../../../arm-none-eabi/lib/thumb/v7-m\libc.a(lib_a-fflush.o)
                0x000824f0                __sflush_r
 .text._fflush_r
                0x00082628       0x54 c:/program files (x86)/atmel/studio/7.0/toolchain/arm/arm-gnu-toolchain/bin/../lib/gcc/arm-none-eabi/6.3.1/../../../../arm-none-eabi/lib/thumb/v7-m\libc.a(lib_a-fflush.o)
                0x00082628                _fflush_r
 .text._cleanup_r
                0x0008267c        0xc c:/program files (x86)/atmel/studio/7.0/toolchain/arm/arm-gnu-toolchain/bin/../lib/gcc/arm-none-eabi/6.3.1/../../../../arm-none-eabi/lib/thumb/v7-m\libc.a(lib_a-findfp.o)
                0x0008267c                _cleanup_r
 .text.std.isra.0
                0x00082688       0x50 c:/program files (x86)/atmel/studio/7.0/toolchain/arm/arm-gnu-toolchain/bin/../lib/gcc/arm-none-eabi/6.3.1/../../../../arm-none-eabi/lib/thumb/v7-m\libc.a(lib_a-findfp.o)
 .text.__sinit  0x000826d8       0x60 c:/program files (x86)/atmel/studio/7.0/toolchain/arm/arm-gnu-toolchain/bin/../lib/gcc/arm-none-eabi/6.3.1/../../../../arm-none-eabi/lib/thumb/v7-m\libc.a(lib_a-findfp.o)
                0x000826d8                __sinit
 .text.__sfp_lock_acquire
                0x00082738        0xc c:/program files (x86)/atmel/studio/7.0/toolchain/arm/arm-gnu-toolchain/bin/../lib/gcc/arm-none-eabi/6.3.1/../../../../arm-none-eabi/lib/thumb/v7-m\libc.a(lib_a-findfp.o)
                0x00082738                __sfp_lock_acquire
 .text.__sfp_lock_release
                0x00082744        0xc c:/program files (x86)/atmel/studio/7.0/toolchain/arm/arm-gnu-toolchain/bin/../lib/gcc/arm-none-eabi/6.3.1/../../../../arm-none-eabi/lib/thumb/v7-m\libc.a(lib_a-findfp.o)
                0x00082744                __sfp_lock_release
 .text.__libc_fini_array
                0x00082750       0x34 c:/program files (x86)/atmel/studio/7.0/toolchain/arm/arm-gnu-toolchain/bin/../lib/gcc/arm-none-eabi/6.3.1/../../../../arm-none-eabi/lib/thumb/v7-m\libc.a(lib_a-fini.o)
                0x00082750                __libc_fini_array
 .text.__fputwc
                0x00082784       0x98 c:/program files (x86)/atmel/studio/7.0/toolchain/arm/arm-gnu-toolchain/bin/../lib/gcc/arm-none-eabi/6.3.1/../../../../arm-none-eabi/lib/thumb/v7-m\libc.a(lib_a-fputwc.o)
                0x00082784                __fputwc
 .text._fputwc_r
                0x0008281c       0x68 c:/program files (x86)/atmel/studio/7.0/toolchain/arm/arm-gnu-toolchain/bin/../lib/gcc/arm-none-eabi/6.3.1/../../../../arm-none-eabi/lib/thumb/v7-m\libc.a(lib_a-fputwc.o)
                0x0008281c                _fputwc_r
 .text._malloc_trim_r
                0x00082884       0xa0 c:/program files (x86)/atmel/studio/7.0/toolchain/arm/arm-gnu-toolchain/bin/../lib/gcc/arm-none-eabi/6.3.1/../../../../arm-none-eabi/lib/thumb/v7-m\libc.a(lib_a-freer.o)
                0x00082884                _malloc_trim_r
 .text._free_r  0x00082924      0x1cc c:/program files (x86)/atmel/studio/7.0/toolchain/arm/arm-gnu-toolchain/bin/../lib/gcc/arm-none-eabi/6.3.1/../../../../arm-none-eabi/lib/thumb/v7-m\libc.a(lib_a-freer.o)
                0x00082924                _free_r
 .text.__sfvwrite_r
                0x00082af0      0x2f4 c:/program files (x86)/atmel/studio/7.0/toolchain/arm/arm-gnu-toolchain/bin/../lib/gcc/arm-none-eabi/6.3.1/../../../../arm-none-eabi/lib/thumb/v7-m\libc.a(lib_a-fvwrite.o)
                0x00082af0                __sfvwrite_r
 .text._fwalk_reent
                0x00082de4       0x50 c:/program files (x86)/atmel/studio/7.0/toolchain/arm/arm-gnu-toolchain/bin/../lib/gcc/arm-none-eabi/6.3.1/../../../../arm-none-eabi/lib/thumb/v7-m\libc.a(lib_a-fwalk.o)
                0x00082de4                _fwalk_reent
 .text.__locale_mb_cur_max
                0x00082e34       0x1c c:/program files (x86)/atmel/studio/7.0/toolchain/arm/arm-gnu-toolchain/bin/../lib/gcc/arm-none-eabi/6.3.1/../../../../arm-none-eabi/lib/thumb/v7-m\libc.a(lib_a-locale.o)
                0x00082e34                __locale_mb_cur_max
 .text.__retarget_lock_init_recursive
                0x00082e50        0x4 c:/program files (x86)/atmel/studio/7.0/toolchain/arm/arm-gnu-toolchain/bin/../lib/gcc/arm-none-eabi/6.3.1/../../../../arm-none-eabi/lib/thumb/v7-m\libc.a(lib_a-lock.o)
                0x00082e50                __retarget_lock_init_recursive
 .text.__retarget_lock_close_recursive
                0x00082e54        0x4 c:/program files (x86)/atmel/studio/7.0/toolchain/arm/arm-gnu-toolchain/bin/../lib/gcc/arm-none-eabi/6.3.1/../../../../arm-none-eabi/lib/thumb/v7-m\libc.a(lib_a-lock.o)
                0x00082e54                __retarget_lock_close_recursive
 .text.__retarget_lock_acquire_recursive
                0x00082e58        0x4 c:/program files (x86)/atmel/studio/7.0/toolchain/arm/arm-gnu-toolchain/bin/../lib/gcc/arm-none-eabi/6.3.1/../../../../arm-none-eabi/lib/thumb/v7-m\libc.a(lib_a-lock.o)
                0x00082e58                __retarget_lock_acquire_recursive
 .text.__retarget_lock_release_recursive
                0x00082e5c        0x4 c:/program files (x86)/atmel/studio/7.0/toolchain/arm/arm-gnu-toolchain/bin/../lib/gcc/arm-none-eabi/6.3.1/../../../../arm-none-eabi/lib/thumb/v7-m\libc.a(lib_a-lock.o)
                0x00082e5c                __retarget_lock_release_recursive
 .text.__swhatbuf_r
                0x00082e60       0x5c c:/program files (x86)/atmel/studio/7.0/toolchain/arm/arm-gnu-toolchain/bin/../lib/gcc/arm-none-eabi/6.3.1/../../../../arm-none-eabi/lib/thumb/v7-m\libc.a(lib_a-makebuf.o)
                0x00082e60                __swhatbuf_r
 .text.__smakebuf_r
                0x00082ebc       0x94 c:/program files (x86)/atmel/studio/7.0/toolchain/arm/arm-gnu-toolchain/bin/../lib/gcc/arm-none-eabi/6.3.1/../../../../arm-none-eabi/lib/thumb/v7-m\libc.a(lib_a-makebuf.o)
                0x00082ebc                __smakebuf_r
 .text.malloc   0x00082f50       0x10 c:/program files (x86)/atmel/studio/7.0/toolchain/arm/arm-gnu-toolchain/bin/../lib/gcc/arm-none-eabi/6.3.1/../../../../arm-none-eabi/lib/thumb/v7-m\libc.a(lib_a-malloc.o)
                0x00082f50                malloc
 .text._malloc_r
                0x00082f60      0x544 c:/program files (x86)/atmel/studio/7.0/toolchain/arm/arm-gnu-toolchain/bin/../lib/gcc/arm-none-eabi/6.3.1/../../../../arm-none-eabi/lib/thumb/v7-m\libc.a(lib_a-mallocr.o)
                0x00082f60                _malloc_r
 .text.__ascii_mbtowc
                0x000834a4       0x2c c:/program files (x86)/atmel/studio/7.0/toolchain/arm/arm-gnu-toolchain/bin/../lib/gcc/arm-none-eabi/6.3.1/../../../../arm-none-eabi/lib/thumb/v7-m\libc.a(lib_a-mbtowc_r.o)
                0x000834a4                __ascii_mbtowc
 .text.memchr   0x000834d0       0x8c c:/program files (x86)/atmel/studio/7.0/toolchain/arm/arm-gnu-toolchain/bin/../lib/gcc/arm-none-eabi/6.3.1/../../../../arm-none-eabi/lib/thumb/v7-m\libc.a(lib_a-memchr-stub.o)
                0x000834d0                memchr
 .text          0x0008355c       0xec c:/program files (x86)/atmel/studio/7.0/toolchain/arm/arm-gnu-toolchain/bin/../lib/gcc/arm-none-eabi/6.3.1/../../../../arm-none-eabi/lib/thumb/v7-m\libc.a(lib_a-memcpy.o)
                0x0008355c                memcpy
 .text.memmove  0x00083648       0xc8 c:/program files (x86)/atmel/studio/7.0/toolchain/arm/arm-gnu-toolchain/bin/../lib/gcc/arm-none-eabi/6.3.1/../../../../arm-none-eabi/lib/thumb/v7-m\libc.a(lib_a-memmove.o)
                0x00083648                memmove
 .text.__malloc_lock
                0x00083710        0xc c:/program files (x86)/atmel/studio/7.0/toolchain/arm/arm-gnu-toolchain/bin/../lib/gcc/arm-none-eabi/6.3.1/../../../../arm-none-eabi/lib/thumb/v7-m\libc.a(lib_a-mlock.o)
                0x00083710                __malloc_lock
 .text.__malloc_unlock
                0x0008371c        0xc c:/program files (x86)/atmel/studio/7.0/toolchain/arm/arm-gnu-toolchain/bin/../lib/gcc/arm-none-eabi/6.3.1/../../../../arm-none-eabi/lib/thumb/v7-m\libc.a(lib_a-mlock.o)
                0x0008371c                __malloc_unlock
 .text._realloc_r
                0x00083728      0x36c c:/program files (x86)/atmel/studio/7.0/toolchain/arm/arm-gnu-toolchain/bin/../lib/gcc/arm-none-eabi/6.3.1/../../../../arm-none-eabi/lib/thumb/v7-m\libc.a(lib_a-reallocr.o)
                0x00083728                _realloc_r
 .text._sbrk_r  0x00083a94       0x24 c:/program files (x86)/atmel/studio/7.0/toolchain/arm/arm-gnu-toolchain/bin/../lib/gcc/arm-none-eabi/6.3.1/../../../../arm-none-eabi/lib/thumb/v7-m\libc.a(lib_a-sbrkr.o)
                0x00083a94                _sbrk_r
 .text.__sread  0x00083ab8       0x24 c:/program files (x86)/atmel/studio/7.0/toolchain/arm/arm-gnu-toolchain/bin/../lib/gcc/arm-none-eabi/6.3.1/../../../../arm-none-eabi/lib/thumb/v7-m\libc.a(lib_a-stdio.o)
                0x00083ab8                __sread
 .text.__swrite
                0x00083adc       0x3c c:/program files (x86)/atmel/studio/7.0/toolchain/arm/arm-gnu-toolchain/bin/../lib/gcc/arm-none-eabi/6.3.1/../../../../arm-none-eabi/lib/thumb/v7-m\libc.a(lib_a-stdio.o)
                0x00083adc                __swrite
 .text.__sseek  0x00083b18       0x20 c:/program files (x86)/atmel/studio/7.0/toolchain/arm/arm-gnu-toolchain/bin/../lib/gcc/arm-none-eabi/6.3.1/../../../../arm-none-eabi/lib/thumb/v7-m\libc.a(lib_a-stdio.o)
                0x00083b18                __sseek
 .text.__sclose
                0x00083b38        0x8 c:/program files (x86)/atmel/studio/7.0/toolchain/arm/arm-gnu-toolchain/bin/../lib/gcc/arm-none-eabi/6.3.1/../../../../arm-none-eabi/lib/thumb/v7-m\libc.a(lib_a-stdio.o)
                0x00083b38                __sclose
 .text.__swbuf_r
                0x00083b40       0xb0 c:/program files (x86)/atmel/studio/7.0/toolchain/arm/arm-gnu-toolchain/bin/../lib/gcc/arm-none-eabi/6.3.1/../../../../arm-none-eabi/lib/thumb/v7-m\libc.a(lib_a-wbuf.o)
                0x00083b40                __swbuf_r
 .text._wcrtomb_r
                0x00083bf0       0x54 c:/program files (x86)/atmel/studio/7.0/toolchain/arm/arm-gnu-toolchain/bin/../lib/gcc/arm-none-eabi/6.3.1/../../../../arm-none-eabi/lib/thumb/v7-m\libc.a(lib_a-wcrtomb.o)
                0x00083bf0                _wcrtomb_r
 .text.__ascii_wctomb
                0x00083c44       0x18 c:/program files (x86)/atmel/studio/7.0/toolchain/arm/arm-gnu-toolchain/bin/../lib/gcc/arm-none-eabi/6.3.1/../../../../arm-none-eabi/lib/thumb/v7-m\libc.a(lib_a-wctomb_r.o)
                0x00083c44                __ascii_wctomb
 .text._write_r
                0x00083c5c       0x2c c:/program files (x86)/atmel/studio/7.0/toolchain/arm/arm-gnu-toolchain/bin/../lib/gcc/arm-none-eabi/6.3.1/../../../../arm-none-eabi/lib/thumb/v7-m\libc.a(lib_a-writer.o)
                0x00083c5c                _write_r
 .text.__register_exitproc
                0x00083c88       0xc4 c:/program files (x86)/atmel/studio/7.0/toolchain/arm/arm-gnu-toolchain/bin/../lib/gcc/arm-none-eabi/6.3.1/../../../../arm-none-eabi/lib/thumb/v7-m\libc.a(lib_a-__atexit.o)
                0x00083c88                __register_exitproc
 .text._close_r
                0x00083d4c       0x24 c:/program files (x86)/atmel/studio/7.0/toolchain/arm/arm-gnu-toolchain/bin/../lib/gcc/arm-none-eabi/6.3.1/../../../../arm-none-eabi/lib/thumb/v7-m\libc.a(lib_a-closer.o)
                0x00083d4c                _close_r
 .text._fclose_r
                0x00083d70       0xc4 c:/program files (x86)/atmel/studio/7.0/toolchain/arm/arm-gnu-toolchain/bin/../lib/gcc/arm-none-eabi/6.3.1/../../../../arm-none-eabi/lib/thumb/v7-m\libc.a(lib_a-fclose.o)
                0x00083d70                _fclose_r
 .text._fstat_r
                0x00083e34       0x28 c:/program files (x86)/atmel/studio/7.0/toolchain/arm/arm-gnu-toolchain/bin/../lib/gcc/arm-none-eabi/6.3.1/../../../../arm-none-eabi/lib/thumb/v7-m\libc.a(lib_a-fstatr.o)
                0x00083e34                _fstat_r
 .text._isatty_r
                0x00083e5c       0x24 c:/program files (x86)/atmel/studio/7.0/toolchain/arm/arm-gnu-toolchain/bin/../lib/gcc/arm-none-eabi/6.3.1/../../../../arm-none-eabi/lib/thumb/v7-m\libc.a(lib_a-isattyr.o)
                0x00083e5c                _isatty_r
 .text._lseek_r
                0x00083e80       0x2c c:/program files (x86)/atmel/studio/7.0/toolchain/arm/arm-gnu-toolchain/bin/../lib/gcc/arm-none-eabi/6.3.1/../../../../arm-none-eabi/lib/thumb/v7-m\libc.a(lib_a-lseekr.o)
                0x00083e80                _lseek_r
 .text._read_r  0x00083eac       0x2c c:/program files (x86)/atmel/studio/7.0/toolchain/arm/arm-gnu-toolchain/bin/../lib/gcc/arm-none-eabi/6.3.1/../../../../arm-none-eabi/lib/thumb/v7-m\libc.a(lib_a-readr.o)
                0x00083eac                _read_r
 .text          0x00083ed8       0x30 c:/program files (x86)/atmel/studio/7.0/toolchain/arm/arm-gnu-toolchain/bin/../lib/gcc/arm-none-eabi/6.3.1/thumb/v7-m\libgcc.a(_aeabi_uldivmod.o)
                0x00083ed8                __aeabi_uldivmod
 .text          0x00083f08      0x2dc c:/program files (x86)/atmel/studio/7.0/toolchain/arm/arm-gnu-toolchain/bin/../lib/gcc/arm-none-eabi/6.3.1/thumb/v7-m\libgcc.a(_udivmoddi4.o)
                0x00083f08                __udivmoddi4
 .text          0x000841e4        0x4 c:/program files (x86)/atmel/studio/7.0/toolchain/arm/arm-gnu-toolchain/bin/../lib/gcc/arm-none-eabi/6.3.1/thumb/v7-m\libgcc.a(_dvmd_tls.o)
                0x000841e4                __aeabi_idiv0
                0x000841e4                __aeabi_ldiv0
 *(.glue_7t)
 .glue_7t       0x000841e8        0x0 linker stubs
 *(.glue_7)
 .glue_7        0x000841e8        0x0 linker stubs
 *(.rodata .rodata* .gnu.linkonce.r.*)
 .rodata.ADC_Handler.str1.4
                0x000841e8       0x1e src/adc_with_pdc.o
 *fill*         0x00084206        0x2 
 .rodata.main.str1.4
                0x00084208       0x3a src/main.o
 *fill*         0x00084242        0x2 
 .rodata._global_impure_ptr
                0x00084244        0x4 c:/program files (x86)/atmel/studio/7.0/toolchain/arm/arm-gnu-toolchain/bin/../lib/gcc/arm-none-eabi/6.3.1/../../../../arm-none-eabi/lib/thumb/v7-m\libc.a(lib_a-impure.o)
                0x00084244                _global_impure_ptr
 .rodata._vfiprintf_r.str1.4
                0x00084248       0x2f c:/program files (x86)/atmel/studio/7.0/toolchain/arm/arm-gnu-toolchain/bin/../lib/gcc/arm-none-eabi/6.3.1/../../../../arm-none-eabi/lib/thumb/v7-m\libc.a(lib_a-vfiprintf.o)
 *fill*         0x00084277        0x1 
 .rodata.blanks.7217
                0x00084278       0x10 c:/program files (x86)/atmel/studio/7.0/toolchain/arm/arm-gnu-toolchain/bin/../lib/gcc/arm-none-eabi/6.3.1/../../../../arm-none-eabi/lib/thumb/v7-m\libc.a(lib_a-vfiprintf.o)
 .rodata.zeroes.7218
                0x00084288       0x10 c:/program files (x86)/atmel/studio/7.0/toolchain/arm/arm-gnu-toolchain/bin/../lib/gcc/arm-none-eabi/6.3.1/../../../../arm-none-eabi/lib/thumb/v7-m\libc.a(lib_a-vfiprintf.o)
 .rodata._setlocale_r.str1.4
                0x00084298        0xa c:/program files (x86)/atmel/studio/7.0/toolchain/arm/arm-gnu-toolchain/bin/../lib/gcc/arm-none-eabi/6.3.1/../../../../arm-none-eabi/lib/thumb/v7-m\libc.a(lib_a-locale.o)
                                  0xd (size before relaxing)
 *fill*         0x000842a2        0x2 
 .rodata.str1.4
                0x000842a4        0x4 c:/program files (x86)/atmel/studio/7.0/toolchain/arm/arm-gnu-toolchain/bin/../lib/gcc/arm-none-eabi/6.3.1/../../../../arm-none-eabi/lib/thumb/v7-m\libc.a(lib_a-locale.o)
                                  0x2 (size before relaxing)
 .rodata._ctype_
                0x000842a8      0x101 c:/program files (x86)/atmel/studio/7.0/toolchain/arm/arm-gnu-toolchain/bin/../lib/gcc/arm-none-eabi/6.3.1/../../../../arm-none-eabi/lib/thumb/v7-m\libc.a(lib_a-ctype_.o)
                0x000842a8                _ctype_
 *(.ARM.extab* .gnu.linkonce.armextab.*)
                0x000843ac                . = ALIGN (0x4)
 *fill*         0x000843a9        0x3 
 *(.init)
 .init          0x000843ac        0x4 c:/program files (x86)/atmel/studio/7.0/toolchain/arm/arm-gnu-toolchain/bin/../lib/gcc/arm-none-eabi/6.3.1/thumb/v7-m/crti.o
                0x000843ac                _init
 .init          0x000843b0        0x8 c:/program files (x86)/atmel/studio/7.0/toolchain/arm/arm-gnu-toolchain/bin/../lib/gcc/arm-none-eabi/6.3.1/thumb/v7-m/crtn.o
                0x000843b8                . = ALIGN (0x4)
                0x000843b8                __preinit_array_start = .
 *(.preinit_array)
                0x000843b8                __preinit_array_end = .
                0x000843b8                . = ALIGN (0x4)
                0x000843b8                __init_array_start = .
 *(SORT(.init_array.*))
 .init_array.00000
                0x000843b8        0x4 c:/program files (x86)/atmel/studio/7.0/toolchain/arm/arm-gnu-toolchain/bin/../lib/gcc/arm-none-eabi/6.3.1/../../../../arm-none-eabi/lib/thumb/v7-m\libc.a(lib_a-__call_atexit.o)
 *(.init_array)
 .init_array    0x000843bc        0x4 c:/program files (x86)/atmel/studio/7.0/toolchain/arm/arm-gnu-toolchain/bin/../lib/gcc/arm-none-eabi/6.3.1/thumb/v7-m/crtbegin.o
                0x000843c0                __init_array_end = .
                0x000843c0                . = ALIGN (0x4)
 *crtbegin.o(.ctors)
 *(EXCLUDE_FILE(*crtend.o) .ctors)
 *(SORT(.ctors.*))
 *crtend.o(.ctors)
                0x000843c0                . = ALIGN (0x4)
 *(.fini)
 .fini          0x000843c0        0x4 c:/program files (x86)/atmel/studio/7.0/toolchain/arm/arm-gnu-toolchain/bin/../lib/gcc/arm-none-eabi/6.3.1/thumb/v7-m/crti.o
                0x000843c0                _fini
 .fini          0x000843c4        0x8 c:/program files (x86)/atmel/studio/7.0/toolchain/arm/arm-gnu-toolchain/bin/../lib/gcc/arm-none-eabi/6.3.1/thumb/v7-m/crtn.o
                0x000843cc                . = ALIGN (0x4)
                0x000843cc                __fini_array_start = .
 *(.fini_array)
 .fini_array    0x000843cc        0x4 c:/program files (x86)/atmel/studio/7.0/toolchain/arm/arm-gnu-toolchain/bin/../lib/gcc/arm-none-eabi/6.3.1/thumb/v7-m/crtbegin.o
 *(SORT(.fini_array.*))
                0x000843d0                __fini_array_end = .
 *crtbegin.o(.dtors)
 *(EXCLUDE_FILE(*crtend.o) .dtors)
 *(SORT(.dtors.*))
 *crtend.o(.dtors)
                0x000843d0                . = ALIGN (0x4)
                0x000843d0                _efixed = .
                [!provide]                PROVIDE (__exidx_start, .)

.vfp11_veneer   0x000843d0        0x0
 .vfp11_veneer  0x000843d0        0x0 linker stubs

.v4_bx          0x000843d0        0x0
 .v4_bx         0x000843d0        0x0 linker stubs

.iplt           0x000843d0        0x0
 .iplt          0x000843d0        0x0 c:/program files (x86)/atmel/studio/7.0/toolchain/arm/arm-gnu-toolchain/bin/../lib/gcc/arm-none-eabi/6.3.1/thumb/v7-m/crtbegin.o

.ARM.exidx      0x000843d0        0x8
 *(.ARM.exidx* .gnu.linkonce.armexidx.*)
 .ARM.exidx     0x000843d0        0x8 c:/program files (x86)/atmel/studio/7.0/toolchain/arm/arm-gnu-toolchain/bin/../lib/gcc/arm-none-eabi/6.3.1/thumb/v7-m\libgcc.a(_udivmoddi4.o)
                [!provide]                PROVIDE (__exidx_end, .)

.eh_frame       0x000843d8        0x0
 .eh_frame      0x000843d8        0x0 c:/program files (x86)/atmel/studio/7.0/toolchain/arm/arm-gnu-toolchain/bin/../lib/gcc/arm-none-eabi/6.3.1/thumb/v7-m/crtbegin.o

.rel.dyn        0x000843d8        0x0
 .rel.iplt      0x000843d8        0x0 c:/program files (x86)/atmel/studio/7.0/toolchain/arm/arm-gnu-toolchain/bin/../lib/gcc/arm-none-eabi/6.3.1/thumb/v7-m/crtbegin.o

.jcr            0x000843d8        0x0
 .jcr           0x000843d8        0x0 c:/program files (x86)/atmel/studio/7.0/toolchain/arm/arm-gnu-toolchain/bin/../lib/gcc/arm-none-eabi/6.3.1/thumb/v7-m/crtbegin.o

.igot.plt       0x000843d8        0x0
 .igot.plt      0x000843d8        0x0 c:/program files (x86)/atmel/studio/7.0/toolchain/arm/arm-gnu-toolchain/bin/../lib/gcc/arm-none-eabi/6.3.1/thumb/v7-m/crtbegin.o
                0x000843d8                . = ALIGN (0x4)
                0x000843d8                _etext = .

.relocate       0x20070000      0xae0 load address 0x000843d8
                0x20070000                . = ALIGN (0x4)
                0x20070000                _srelocate = .
 *(.ramfunc .ramfunc.*)
 .ramfunc       0x20070000      0x12c src/ASF/sam/utils/cmsis/sam3x/source/templates/system_sam3x.o
                0x20070000                SystemInit
                0x200700a4                system_init_flash
 *(.data .data.*)
 .data.g_interrupt_enabled
                0x2007012c        0x1 src/ASF/common/utils/interrupt/interrupt_sam_nvic.o
                0x2007012c                g_interrupt_enabled
 *fill*         0x2007012d        0x3 
 .data.SystemCoreClock
                0x20070130        0x4 src/ASF/sam/utils/cmsis/sam3x/source/templates/system_sam3x.o
                0x20070130                SystemCoreClock
 .data._impure_ptr
                0x20070134        0x4 c:/program files (x86)/atmel/studio/7.0/toolchain/arm/arm-gnu-toolchain/bin/../lib/gcc/arm-none-eabi/6.3.1/../../../../arm-none-eabi/lib/thumb/v7-m\libc.a(lib_a-impure.o)
                0x20070134                _impure_ptr
 .data.impure_data
                0x20070138      0x428 c:/program files (x86)/atmel/studio/7.0/toolchain/arm/arm-gnu-toolchain/bin/../lib/gcc/arm-none-eabi/6.3.1/../../../../arm-none-eabi/lib/thumb/v7-m\libc.a(lib_a-impure.o)
 .data.__atexit_recursive_mutex
                0x20070560        0x4 c:/program files (x86)/atmel/studio/7.0/toolchain/arm/arm-gnu-toolchain/bin/../lib/gcc/arm-none-eabi/6.3.1/../../../../arm-none-eabi/lib/thumb/v7-m\libc.a(lib_a-__call_atexit.o)
                0x20070560                __atexit_recursive_mutex
 .data.__global_locale
                0x20070564      0x16c c:/program files (x86)/atmel/studio/7.0/toolchain/arm/arm-gnu-toolchain/bin/../lib/gcc/arm-none-eabi/6.3.1/../../../../arm-none-eabi/lib/thumb/v7-m\libc.a(lib_a-locale.o)
                0x20070564                __global_locale
 .data.__malloc_av_
                0x200706d0      0x408 c:/program files (x86)/atmel/studio/7.0/toolchain/arm/arm-gnu-toolchain/bin/../lib/gcc/arm-none-eabi/6.3.1/../../../../arm-none-eabi/lib/thumb/v7-m\libc.a(lib_a-mallocr.o)
                0x200706d0                __malloc_av_
 .data.__malloc_sbrk_base
                0x20070ad8        0x4 c:/program files (x86)/atmel/studio/7.0/toolchain/arm/arm-gnu-toolchain/bin/../lib/gcc/arm-none-eabi/6.3.1/../../../../arm-none-eabi/lib/thumb/v7-m\libc.a(lib_a-mallocr.o)
                0x20070ad8                __malloc_sbrk_base
 .data.__malloc_trim_threshold
                0x20070adc        0x4 c:/program files (x86)/atmel/studio/7.0/toolchain/arm/arm-gnu-toolchain/bin/../lib/gcc/arm-none-eabi/6.3.1/../../../../arm-none-eabi/lib/thumb/v7-m\libc.a(lib_a-mallocr.o)
                0x20070adc                __malloc_trim_threshold
                0x20070ae0                . = ALIGN (0x4)
                0x20070ae0                _erelocate = .

.bss            0x20070ae0     0x11a4 load address 0x00084eb8
                0x20070ae0                . = ALIGN (0x4)
                0x20070ae0                _sbss = .
                0x20070ae0                _szero = .
 *(.bss .bss.*)
 .bss           0x20070ae0       0x1c c:/program files (x86)/atmel/studio/7.0/toolchain/arm/arm-gnu-toolchain/bin/../lib/gcc/arm-none-eabi/6.3.1/thumb/v7-m/crtbegin.o
 .bss.xbuff     0x20070afc        0xc src/adc_with_pdc.o
 .bss.serial_rx_buf
                0x20070b08       0x9c src/ASF/thirdparty/wireless/addons/sio2host/uart/sio2host.o
 .bss.serial_rx_buf_tail
                0x20070ba4        0x1 src/ASF/thirdparty/wireless/addons/sio2host/uart/sio2host.o
 *fill*         0x20070ba5        0x3 
 .bss.gs_interrupt_sources
                0x20070ba8       0x70 src/ASF/sam/drivers/pio/pio_handler.o
 .bss.heap.5297
                0x20070c18        0x4 src/ASF/sam/utils/syscalls/gcc/syscalls.o
 .bss.__malloc_current_mallinfo
                0x20070c1c       0x28 c:/program files (x86)/atmel/studio/7.0/toolchain/arm/arm-gnu-toolchain/bin/../lib/gcc/arm-none-eabi/6.3.1/../../../../arm-none-eabi/lib/thumb/v7-m\libc.a(lib_a-mallocr.o)
                0x20070c1c                __malloc_current_mallinfo
 .bss.__malloc_max_sbrked_mem
                0x20070c44        0x4 c:/program files (x86)/atmel/studio/7.0/toolchain/arm/arm-gnu-toolchain/bin/../lib/gcc/arm-none-eabi/6.3.1/../../../../arm-none-eabi/lib/thumb/v7-m\libc.a(lib_a-mallocr.o)
                0x20070c44                __malloc_max_sbrked_mem
 .bss.__malloc_max_total_mem
                0x20070c48        0x4 c:/program files (x86)/atmel/studio/7.0/toolchain/arm/arm-gnu-toolchain/bin/../lib/gcc/arm-none-eabi/6.3.1/../../../../arm-none-eabi/lib/thumb/v7-m\libc.a(lib_a-mallocr.o)
                0x20070c48                __malloc_max_total_mem
 .bss.__malloc_top_pad
                0x20070c4c        0x4 c:/program files (x86)/atmel/studio/7.0/toolchain/arm/arm-gnu-toolchain/bin/../lib/gcc/arm-none-eabi/6.3.1/../../../../arm-none-eabi/lib/thumb/v7-m\libc.a(lib_a-mallocr.o)
                0x20070c4c                __malloc_top_pad
 *(COMMON)
 COMMON         0x20070c50     0x1000 src/adc_with_pdc.o
                0x20070c50                adc_buffer_sample_values
 COMMON         0x20071c50        0x4 src/ASF/common/utils/stdio/read.o
                0x20071c50                ptr_get
 COMMON         0x20071c54        0x8 src/ASF/common/utils/stdio/write.o
                0x20071c54                ptr_put
                0x20071c58                stdio_base
 COMMON         0x20071c5c       0x21 c:/program files (x86)/atmel/studio/7.0/toolchain/arm/arm-gnu-toolchain/bin/../lib/gcc/arm-none-eabi/6.3.1/../../../../arm-none-eabi/lib/thumb/v7-m\libc.a(lib_a-lock.o)
                0x20071c5c                __lock___atexit_recursive_mutex
                0x20071c60                __lock___arc4random_mutex
                0x20071c64                __lock___env_recursive_mutex
                0x20071c68                __lock___sinit_recursive_mutex
                0x20071c6c                __lock___malloc_recursive_mutex
                0x20071c70                __lock___at_quick_exit_mutex
                0x20071c74                __lock___dd_hash_mutex
                0x20071c78                __lock___tz_mutex
                0x20071c7c                __lock___sfp_recursive_mutex
 *fill*         0x20071c7d        0x3 
 COMMON         0x20071c80        0x4 c:/program files (x86)/atmel/studio/7.0/toolchain/arm/arm-gnu-toolchain/bin/../lib/gcc/arm-none-eabi/6.3.1/../../../../arm-none-eabi/lib/thumb/v7-m\libc.a(lib_a-reent.o)
                0x20071c80                errno
                0x20071c84                . = ALIGN (0x4)
                0x20071c84                _ebss = .
                0x20071c84                _ezero = .

.stack          0x20071c84     0x2004 load address 0x0008605c
                0x20071c88                . = ALIGN (0x8)
 *fill*         0x20071c84        0x4 
                0x20071c88                _sstack = .
                0x20073c88                . = (. + __stack_size__)
 *fill*         0x20071c88     0x2000 
                0x20073c88                . = ALIGN (0x8)
                0x20073c88                _estack = .
                0x20073c88                . = ALIGN (0x4)
                0x20073c88                _end = .
OUTPUT(DueProject.elf elf32-littlearm)

.ARM.attributes
                0x00000000       0x29
 .ARM.attributes
                0x00000000       0x1d c:/program files (x86)/atmel/studio/7.0/toolchain/arm/arm-gnu-toolchain/bin/../lib/gcc/arm-none-eabi/6.3.1/thumb/v7-m/crti.o
 .ARM.attributes
                0x0000001d       0x2d c:/program files (x86)/atmel/studio/7.0/toolchain/arm/arm-gnu-toolchain/bin/../lib/gcc/arm-none-eabi/6.3.1/thumb/v7-m/crtbegin.o
 .ARM.attributes
                0x0000004a       0x33 src/sampling.o
 .ARM.attributes
                0x0000007d       0x33 src/timer_counter.o
 .ARM.attributes
                0x000000b0       0x33 src/adc_with_pdc.o
 .ARM.attributes
                0x000000e3       0x33 src/ASF/common/utils/stdio/read.o
 .ARM.attributes
                0x00000116       0x33 src/ASF/sam/drivers/adc/adc.o
 .ARM.attributes
                0x00000149       0x33 src/ASF/sam/drivers/tc/tc.o
 .ARM.attributes
                0x0000017c       0x33 src/ASF/sam/drivers/usart/usart.o
 .ARM.attributes
                0x000001af       0x33 src/ASF/thirdparty/wireless/addons/sio2host/uart/sio2host.o
 .ARM.attributes
                0x000001e2       0x33 src/ASF/common/utils/stdio/write.o
 .ARM.attributes
                0x00000215       0x33 src/ASF/common/services/serial/usart_serial.o
 .ARM.attributes
                0x00000248       0x33 src/ASF/sam/drivers/uart/uart.o
 .ARM.attributes
                0x0000027b       0x33 src/ASF/common/services/clock/sam3x/sysclk.o
 .ARM.attributes
                0x000002ae       0x33 src/ASF/common/utils/interrupt/interrupt_sam_nvic.o
 .ARM.attributes
                0x000002e1       0x33 src/ASF/sam/boards/arduino_due_x/init.o
 .ARM.attributes
                0x00000314       0x33 src/ASF/sam/drivers/pio/pio.o
 .ARM.attributes
                0x00000347       0x33 src/ASF/sam/drivers/pio/pio_handler.o
 .ARM.attributes
                0x0000037a       0x33 src/ASF/sam/drivers/pmc/pmc.o
 .ARM.attributes
                0x000003ad       0x33 src/ASF/sam/utils/cmsis/sam3x/source/templates/exceptions.o
 .ARM.attributes
                0x000003e0       0x33 src/ASF/sam/utils/cmsis/sam3x/source/templates/gcc/startup_sam3x.o
 .ARM.attributes
                0x00000413       0x33 src/ASF/sam/utils/cmsis/sam3x/source/templates/system_sam3x.o
 .ARM.attributes
                0x00000446       0x33 src/ASF/sam/utils/syscalls/gcc/syscalls.o
 .ARM.attributes
                0x00000479       0x33 src/main.o
 .ARM.attributes
                0x000004ac       0x1d c:/program files (x86)/atmel/studio/7.0/toolchain/arm/arm-gnu-toolchain/bin/../lib/gcc/arm-none-eabi/6.3.1/thumb/v7-m\libgcc.a(_arm_addsubsf3.o)
 .ARM.attributes
                0x000004c9       0x1d c:/program files (x86)/atmel/studio/7.0/toolchain/arm/arm-gnu-toolchain/bin/../lib/gcc/arm-none-eabi/6.3.1/thumb/v7-m\libgcc.a(_arm_muldivsf3.o)
 .ARM.attributes
                0x000004e6       0x1d c:/program files (x86)/atmel/studio/7.0/toolchain/arm/arm-gnu-toolchain/bin/../lib/gcc/arm-none-eabi/6.3.1/thumb/v7-m\libgcc.a(_arm_fixunssfsi.o)
 .ARM.attributes
                0x00000503       0x2d c:/program files (x86)/atmel/studio/7.0/toolchain/arm/arm-gnu-toolchain/bin/../lib/gcc/arm-none-eabi/6.3.1/../../../../arm-none-eabi/lib/thumb/v7-m\libc.a(lib_a-impure.o)
 .ARM.attributes
                0x00000530       0x2d c:/program files (x86)/atmel/studio/7.0/toolchain/arm/arm-gnu-toolchain/bin/../lib/gcc/arm-none-eabi/6.3.1/../../../../arm-none-eabi/lib/thumb/v7-m\libc.a(lib_a-init.o)
 .ARM.attributes
                0x0000055d       0x2d c:/program files (x86)/atmel/studio/7.0/toolchain/arm/arm-gnu-toolchain/bin/../lib/gcc/arm-none-eabi/6.3.1/../../../../arm-none-eabi/lib/thumb/v7-m\libc.a(lib_a-iprintf.o)
 .ARM.attributes
                0x0000058a       0x2d c:/program files (x86)/atmel/studio/7.0/toolchain/arm/arm-gnu-toolchain/bin/../lib/gcc/arm-none-eabi/6.3.1/../../../../arm-none-eabi/lib/thumb/v7-m\libc.a(lib_a-memset.o)
 .ARM.attributes
                0x000005b7       0x2d c:/program files (x86)/atmel/studio/7.0/toolchain/arm/arm-gnu-toolchain/bin/../lib/gcc/arm-none-eabi/6.3.1/../../../../arm-none-eabi/lib/thumb/v7-m\libc.a(lib_a-setbuf.o)
 .ARM.attributes
                0x000005e4       0x2d c:/program files (x86)/atmel/studio/7.0/toolchain/arm/arm-gnu-toolchain/bin/../lib/gcc/arm-none-eabi/6.3.1/../../../../arm-none-eabi/lib/thumb/v7-m\libc.a(lib_a-setvbuf.o)
 .ARM.attributes
                0x00000611       0x2d c:/program files (x86)/atmel/studio/7.0/toolchain/arm/arm-gnu-toolchain/bin/../lib/gcc/arm-none-eabi/6.3.1/../../../../arm-none-eabi/lib/thumb/v7-m\libc.a(lib_a-strlen-stub.o)
 .ARM.attributes
                0x0000063e       0x2d c:/program files (x86)/atmel/studio/7.0/toolchain/arm/arm-gnu-toolchain/bin/../lib/gcc/arm-none-eabi/6.3.1/../../../../arm-none-eabi/lib/thumb/v7-m\libc.a(lib_a-vfiprintf.o)
 .ARM.attributes
                0x0000066b       0x2d c:/program files (x86)/atmel/studio/7.0/toolchain/arm/arm-gnu-toolchain/bin/../lib/gcc/arm-none-eabi/6.3.1/../../../../arm-none-eabi/lib/thumb/v7-m\libc.a(lib_a-wsetup.o)
 .ARM.attributes
                0x00000698       0x2d c:/program files (x86)/atmel/studio/7.0/toolchain/arm/arm-gnu-toolchain/bin/../lib/gcc/arm-none-eabi/6.3.1/../../../../arm-none-eabi/lib/thumb/v7-m\libc.a(lib_a-__call_atexit.o)
 .ARM.attributes
                0x000006c5       0x2d c:/program files (x86)/atmel/studio/7.0/toolchain/arm/arm-gnu-toolchain/bin/../lib/gcc/arm-none-eabi/6.3.1/../../../../arm-none-eabi/lib/thumb/v7-m\libc.a(lib_a-atexit.o)
 .ARM.attributes
                0x000006f2       0x2d c:/program files (x86)/atmel/studio/7.0/toolchain/arm/arm-gnu-toolchain/bin/../lib/gcc/arm-none-eabi/6.3.1/../../../../arm-none-eabi/lib/thumb/v7-m\libc.a(lib_a-fflush.o)
 .ARM.attributes
                0x0000071f       0x2d c:/program files (x86)/atmel/studio/7.0/toolchain/arm/arm-gnu-toolchain/bin/../lib/gcc/arm-none-eabi/6.3.1/../../../../arm-none-eabi/lib/thumb/v7-m\libc.a(lib_a-findfp.o)
 .ARM.attributes
                0x0000074c       0x2d c:/program files (x86)/atmel/studio/7.0/toolchain/arm/arm-gnu-toolchain/bin/../lib/gcc/arm-none-eabi/6.3.1/../../../../arm-none-eabi/lib/thumb/v7-m\libc.a(lib_a-fini.o)
 .ARM.attributes
                0x00000779       0x2d c:/program files (x86)/atmel/studio/7.0/toolchain/arm/arm-gnu-toolchain/bin/../lib/gcc/arm-none-eabi/6.3.1/../../../../arm-none-eabi/lib/thumb/v7-m\libc.a(lib_a-fputwc.o)
 .ARM.attributes
                0x000007a6       0x2d c:/program files (x86)/atmel/studio/7.0/toolchain/arm/arm-gnu-toolchain/bin/../lib/gcc/arm-none-eabi/6.3.1/../../../../arm-none-eabi/lib/thumb/v7-m\libc.a(lib_a-freer.o)
 .ARM.attributes
                0x000007d3       0x2d c:/program files (x86)/atmel/studio/7.0/toolchain/arm/arm-gnu-toolchain/bin/../lib/gcc/arm-none-eabi/6.3.1/../../../../arm-none-eabi/lib/thumb/v7-m\libc.a(lib_a-fvwrite.o)
 .ARM.attributes
                0x00000800       0x2d c:/program files (x86)/atmel/studio/7.0/toolchain/arm/arm-gnu-toolchain/bin/../lib/gcc/arm-none-eabi/6.3.1/../../../../arm-none-eabi/lib/thumb/v7-m\libc.a(lib_a-fwalk.o)
 .ARM.attributes
                0x0000082d       0x2d c:/program files (x86)/atmel/studio/7.0/toolchain/arm/arm-gnu-toolchain/bin/../lib/gcc/arm-none-eabi/6.3.1/../../../../arm-none-eabi/lib/thumb/v7-m\libc.a(lib_a-locale.o)
 .ARM.attributes
                0x0000085a       0x2d c:/program files (x86)/atmel/studio/7.0/toolchain/arm/arm-gnu-toolchain/bin/../lib/gcc/arm-none-eabi/6.3.1/../../../../arm-none-eabi/lib/thumb/v7-m\libc.a(lib_a-lock.o)
 .ARM.attributes
                0x00000887       0x2d c:/program files (x86)/atmel/studio/7.0/toolchain/arm/arm-gnu-toolchain/bin/../lib/gcc/arm-none-eabi/6.3.1/../../../../arm-none-eabi/lib/thumb/v7-m\libc.a(lib_a-makebuf.o)
 .ARM.attributes
                0x000008b4       0x2d c:/program files (x86)/atmel/studio/7.0/toolchain/arm/arm-gnu-toolchain/bin/../lib/gcc/arm-none-eabi/6.3.1/../../../../arm-none-eabi/lib/thumb/v7-m\libc.a(lib_a-malloc.o)
 .ARM.attributes
                0x000008e1       0x2d c:/program files (x86)/atmel/studio/7.0/toolchain/arm/arm-gnu-toolchain/bin/../lib/gcc/arm-none-eabi/6.3.1/../../../../arm-none-eabi/lib/thumb/v7-m\libc.a(lib_a-mallocr.o)
 .ARM.attributes
                0x0000090e       0x2d c:/program files (x86)/atmel/studio/7.0/toolchain/arm/arm-gnu-toolchain/bin/../lib/gcc/arm-none-eabi/6.3.1/../../../../arm-none-eabi/lib/thumb/v7-m\libc.a(lib_a-mbtowc_r.o)
 .ARM.attributes
                0x0000093b       0x2d c:/program files (x86)/atmel/studio/7.0/toolchain/arm/arm-gnu-toolchain/bin/../lib/gcc/arm-none-eabi/6.3.1/../../../../arm-none-eabi/lib/thumb/v7-m\libc.a(lib_a-memchr-stub.o)
 .ARM.attributes
                0x00000968       0x1b c:/program files (x86)/atmel/studio/7.0/toolchain/arm/arm-gnu-toolchain/bin/../lib/gcc/arm-none-eabi/6.3.1/../../../../arm-none-eabi/lib/thumb/v7-m\libc.a(lib_a-memcpy.o)
 .ARM.attributes
                0x00000983       0x2d c:/program files (x86)/atmel/studio/7.0/toolchain/arm/arm-gnu-toolchain/bin/../lib/gcc/arm-none-eabi/6.3.1/../../../../arm-none-eabi/lib/thumb/v7-m\libc.a(lib_a-memmove.o)
 .ARM.attributes
                0x000009b0       0x2d c:/program files (x86)/atmel/studio/7.0/toolchain/arm/arm-gnu-toolchain/bin/../lib/gcc/arm-none-eabi/6.3.1/../../../../arm-none-eabi/lib/thumb/v7-m\libc.a(lib_a-mlock.o)
 .ARM.attributes
                0x000009dd       0x2d c:/program files (x86)/atmel/studio/7.0/toolchain/arm/arm-gnu-toolchain/bin/../lib/gcc/arm-none-eabi/6.3.1/../../../../arm-none-eabi/lib/thumb/v7-m\libc.a(lib_a-reallocr.o)
 .ARM.attributes
                0x00000a0a       0x2d c:/program files (x86)/atmel/studio/7.0/toolchain/arm/arm-gnu-toolchain/bin/../lib/gcc/arm-none-eabi/6.3.1/../../../../arm-none-eabi/lib/thumb/v7-m\libc.a(lib_a-sbrkr.o)
 .ARM.attributes
                0x00000a37       0x2d c:/program files (x86)/atmel/studio/7.0/toolchain/arm/arm-gnu-toolchain/bin/../lib/gcc/arm-none-eabi/6.3.1/../../../../arm-none-eabi/lib/thumb/v7-m\libc.a(lib_a-stdio.o)
 .ARM.attributes
                0x00000a64       0x2d c:/program files (x86)/atmel/studio/7.0/toolchain/arm/arm-gnu-toolchain/bin/../lib/gcc/arm-none-eabi/6.3.1/../../../../arm-none-eabi/lib/thumb/v7-m\libc.a(lib_a-wbuf.o)
 .ARM.attributes
                0x00000a91       0x2d c:/program files (x86)/atmel/studio/7.0/toolchain/arm/arm-gnu-toolchain/bin/../lib/gcc/arm-none-eabi/6.3.1/../../../../arm-none-eabi/lib/thumb/v7-m\libc.a(lib_a-wcrtomb.o)
 .ARM.attributes
                0x00000abe       0x2d c:/program files (x86)/atmel/studio/7.0/toolchain/arm/arm-gnu-toolchain/bin/../lib/gcc/arm-none-eabi/6.3.1/../../../../arm-none-eabi/lib/thumb/v7-m\libc.a(lib_a-wctomb_r.o)
 .ARM.attributes
                0x00000aeb       0x2d c:/program files (x86)/atmel/studio/7.0/toolchain/arm/arm-gnu-toolchain/bin/../lib/gcc/arm-none-eabi/6.3.1/../../../../arm-none-eabi/lib/thumb/v7-m\libc.a(lib_a-writer.o)
 .ARM.attributes
                0x00000b18       0x2d c:/program files (x86)/atmel/studio/7.0/toolchain/arm/arm-gnu-toolchain/bin/../lib/gcc/arm-none-eabi/6.3.1/../../../../arm-none-eabi/lib/thumb/v7-m\libc.a(lib_a-__atexit.o)
 .ARM.attributes
                0x00000b45       0x2d c:/program files (x86)/atmel/studio/7.0/toolchain/arm/arm-gnu-toolchain/bin/../lib/gcc/arm-none-eabi/6.3.1/../../../../arm-none-eabi/lib/thumb/v7-m\libc.a(lib_a-closer.o)
 .ARM.attributes
                0x00000b72       0x2d c:/program files (x86)/atmel/studio/7.0/toolchain/arm/arm-gnu-toolchain/bin/../lib/gcc/arm-none-eabi/6.3.1/../../../../arm-none-eabi/lib/thumb/v7-m\libc.a(lib_a-ctype_.o)
 .ARM.attributes
                0x00000b9f       0x2d c:/program files (x86)/atmel/studio/7.0/toolchain/arm/arm-gnu-toolchain/bin/../lib/gcc/arm-none-eabi/6.3.1/../../../../arm-none-eabi/lib/thumb/v7-m\libc.a(lib_a-fclose.o)
 .ARM.attributes
                0x00000bcc       0x2d c:/program files (x86)/atmel/studio/7.0/toolchain/arm/arm-gnu-toolchain/bin/../lib/gcc/arm-none-eabi/6.3.1/../../../../arm-none-eabi/lib/thumb/v7-m\libc.a(lib_a-fstatr.o)
 .ARM.attributes
                0x00000bf9       0x2d c:/program files (x86)/atmel/studio/7.0/toolchain/arm/arm-gnu-toolchain/bin/../lib/gcc/arm-none-eabi/6.3.1/../../../../arm-none-eabi/lib/thumb/v7-m\libc.a(lib_a-isattyr.o)
 .ARM.attributes
                0x00000c26       0x2d c:/program files (x86)/atmel/studio/7.0/toolchain/arm/arm-gnu-toolchain/bin/../lib/gcc/arm-none-eabi/6.3.1/../../../../arm-none-eabi/lib/thumb/v7-m\libc.a(lib_a-lseekr.o)
 .ARM.attributes
                0x00000c53       0x2d c:/program files (x86)/atmel/studio/7.0/toolchain/arm/arm-gnu-toolchain/bin/../lib/gcc/arm-none-eabi/6.3.1/../../../../arm-none-eabi/lib/thumb/v7-m\libc.a(lib_a-readr.o)
 .ARM.attributes
                0x00000c80       0x2d c:/program files (x86)/atmel/studio/7.0/toolchain/arm/arm-gnu-toolchain/bin/../lib/gcc/arm-none-eabi/6.3.1/../../../../arm-none-eabi/lib/thumb/v7-m\libc.a(lib_a-reent.o)
 .ARM.attributes
                0x00000cad       0x1d c:/program files (x86)/atmel/studio/7.0/toolchain/arm/arm-gnu-toolchain/bin/../lib/gcc/arm-none-eabi/6.3.1/thumb/v7-m\libgcc.a(_aeabi_uldivmod.o)
 .ARM.attributes
                0x00000cca       0x2d c:/program files (x86)/atmel/studio/7.0/toolchain/arm/arm-gnu-toolchain/bin/../lib/gcc/arm-none-eabi/6.3.1/thumb/v7-m\libgcc.a(_udivmoddi4.o)
 .ARM.attributes
                0x00000cf7       0x1d c:/program files (x86)/atmel/studio/7.0/toolchain/arm/arm-gnu-toolchain/bin/../lib/gcc/arm-none-eabi/6.3.1/thumb/v7-m\libgcc.a(_dvmd_tls.o)
 .ARM.attributes
                0x00000d14       0x1d c:/program files (x86)/atmel/studio/7.0/toolchain/arm/arm-gnu-toolchain/bin/../lib/gcc/arm-none-eabi/6.3.1/thumb/v7-m/crtn.o

.comment        0x00000000       0x59
 .comment       0x00000000       0x59 src/sampling.o
                                 0x5a (size before relaxing)
 .comment       0x00000059       0x5a src/timer_counter.o
 .comment       0x00000059       0x5a src/adc_with_pdc.o
 .comment       0x00000059       0x5a src/ASF/common/utils/stdio/read.o
 .comment       0x00000059       0x5a src/ASF/sam/drivers/adc/adc.o
 .comment       0x00000059       0x5a src/ASF/sam/drivers/tc/tc.o
 .comment       0x00000059       0x5a src/ASF/sam/drivers/usart/usart.o
 .comment       0x00000059       0x5a src/ASF/thirdparty/wireless/addons/sio2host/uart/sio2host.o
 .comment       0x00000059       0x5a src/ASF/common/utils/stdio/write.o
 .comment       0x00000059       0x5a src/ASF/common/services/serial/usart_serial.o
 .comment       0x00000059       0x5a src/ASF/sam/drivers/uart/uart.o
 .comment       0x00000059       0x5a src/ASF/common/services/clock/sam3x/sysclk.o
 .comment       0x00000059       0x5a src/ASF/common/utils/interrupt/interrupt_sam_nvic.o
 .comment       0x00000059       0x5a src/ASF/sam/boards/arduino_due_x/init.o
 .comment       0x00000059       0x5a src/ASF/sam/drivers/pio/pio.o
 .comment       0x00000059       0x5a src/ASF/sam/drivers/pio/pio_handler.o
 .comment       0x00000059       0x5a src/ASF/sam/drivers/pmc/pmc.o
 .comment       0x00000059       0x5a src/ASF/sam/utils/cmsis/sam3x/source/templates/exceptions.o
 .comment       0x00000059       0x5a src/ASF/sam/utils/cmsis/sam3x/source/templates/gcc/startup_sam3x.o
 .comment       0x00000059       0x5a src/ASF/sam/utils/cmsis/sam3x/source/templates/system_sam3x.o
 .comment       0x00000059       0x5a src/ASF/sam/utils/syscalls/gcc/syscalls.o
 .comment       0x00000059       0x5a src/main.o

.debug_info     0x00000000    0x19d0c
 .debug_info    0x00000000      0xf5d src/sampling.o
 .debug_info    0x00000f5d      0xb7f src/timer_counter.o
 .debug_info    0x00001adc     0x1b5f src/adc_with_pdc.o
 .debug_info    0x0000363b      0xac9 src/ASF/common/utils/stdio/read.o
 .debug_info    0x00004104     0x1af7 src/ASF/sam/drivers/adc/adc.o
 .debug_info    0x00005bfb     0x1260 src/ASF/sam/drivers/tc/tc.o
 .debug_info    0x00006e5b     0x24e6 src/ASF/sam/drivers/usart/usart.o
 .debug_info    0x00009341     0x19a3 src/ASF/thirdparty/wireless/addons/sio2host/uart/sio2host.o
 .debug_info    0x0000ace4      0xac6 src/ASF/common/utils/stdio/write.o
 .debug_info    0x0000b7aa     0x113c src/ASF/common/services/serial/usart_serial.o
 .debug_info    0x0000c8e6     0x119e src/ASF/sam/drivers/uart/uart.o
 .debug_info    0x0000da84     0x11ad src/ASF/common/services/clock/sam3x/sysclk.o
 .debug_info    0x0000ec31      0xb01 src/ASF/common/utils/interrupt/interrupt_sam_nvic.o
 .debug_info    0x0000f732     0x108a src/ASF/sam/boards/arduino_due_x/init.o
 .debug_info    0x000107bc     0x1c61 src/ASF/sam/drivers/pio/pio.o
 .debug_info    0x0001241d     0x17be src/ASF/sam/drivers/pio/pio_handler.o
 .debug_info    0x00013bdb     0x19df src/ASF/sam/drivers/pmc/pmc.o
 .debug_info    0x000155ba      0xa39 src/ASF/sam/utils/cmsis/sam3x/source/templates/exceptions.o
 .debug_info    0x00015ff3      0xd1b src/ASF/sam/utils/cmsis/sam3x/source/templates/gcc/startup_sam3x.o
 .debug_info    0x00016d0e      0xdc2 src/ASF/sam/utils/cmsis/sam3x/source/templates/system_sam3x.o
 .debug_info    0x00017ad0      0xdb0 src/ASF/sam/utils/syscalls/gcc/syscalls.o
 .debug_info    0x00018880     0x148c src/main.o

.debug_abbrev   0x00000000     0x3bb4
 .debug_abbrev  0x00000000      0x20d src/sampling.o
 .debug_abbrev  0x0000020d      0x23d src/timer_counter.o
 .debug_abbrev  0x0000044a      0x3aa src/adc_with_pdc.o
 .debug_abbrev  0x000007f4      0x1fe src/ASF/common/utils/stdio/read.o
 .debug_abbrev  0x000009f2      0x337 src/ASF/sam/drivers/adc/adc.o
 .debug_abbrev  0x00000d29      0x293 src/ASF/sam/drivers/tc/tc.o
 .debug_abbrev  0x00000fbc      0x406 src/ASF/sam/drivers/usart/usart.o
 .debug_abbrev  0x000013c2      0x3ea src/ASF/thirdparty/wireless/addons/sio2host/uart/sio2host.o
 .debug_abbrev  0x000017ac      0x1e9 src/ASF/common/utils/stdio/write.o
 .debug_abbrev  0x00001995      0x2b1 src/ASF/common/services/serial/usart_serial.o
 .debug_abbrev  0x00001c46      0x288 src/ASF/sam/drivers/uart/uart.o
 .debug_abbrev  0x00001ece      0x330 src/ASF/common/services/clock/sam3x/sysclk.o
 .debug_abbrev  0x000021fe      0x212 src/ASF/common/utils/interrupt/interrupt_sam_nvic.o
 .debug_abbrev  0x00002410      0x262 src/ASF/sam/boards/arduino_due_x/init.o
 .debug_abbrev  0x00002672      0x3c7 src/ASF/sam/drivers/pio/pio.o
 .debug_abbrev  0x00002a39      0x329 src/ASF/sam/drivers/pio/pio_handler.o
 .debug_abbrev  0x00002d62      0x306 src/ASF/sam/drivers/pmc/pmc.o
 .debug_abbrev  0x00003068      0x1a4 src/ASF/sam/utils/cmsis/sam3x/source/templates/exceptions.o
 .debug_abbrev  0x0000320c      0x1f2 src/ASF/sam/utils/cmsis/sam3x/source/templates/gcc/startup_sam3x.o
 .debug_abbrev  0x000033fe      0x1f4 src/ASF/sam/utils/cmsis/sam3x/source/templates/system_sam3x.o
 .debug_abbrev  0x000035f2      0x264 src/ASF/sam/utils/syscalls/gcc/syscalls.o
 .debug_abbrev  0x00003856      0x35e src/main.o

.debug_loc      0x00000000     0x5145
 .debug_loc     0x00000000       0x38 src/sampling.o
 .debug_loc     0x00000038       0x43 src/timer_counter.o
 .debug_loc     0x0000007b      0x2f1 src/adc_with_pdc.o
 .debug_loc     0x0000036c       0xb3 src/ASF/common/utils/stdio/read.o
 .debug_loc     0x0000041f      0x9a4 src/ASF/sam/drivers/adc/adc.o
 .debug_loc     0x00000dc3      0x5a4 src/ASF/sam/drivers/tc/tc.o
 .debug_loc     0x00001367     0x1062 src/ASF/sam/drivers/usart/usart.o
 .debug_loc     0x000023c9      0x5b0 src/ASF/thirdparty/wireless/addons/sio2host/uart/sio2host.o
 .debug_loc     0x00002979      0x12b src/ASF/common/utils/stdio/write.o
 .debug_loc     0x00002aa4      0x2a7 src/ASF/common/services/serial/usart_serial.o
 .debug_loc     0x00002d4b      0x241 src/ASF/sam/drivers/uart/uart.o
 .debug_loc     0x00002f8c      0x183 src/ASF/common/services/clock/sam3x/sysclk.o
 .debug_loc     0x0000310f       0x70 src/ASF/sam/boards/arduino_due_x/init.o
 .debug_loc     0x0000317f      0xacc src/ASF/sam/drivers/pio/pio.o
 .debug_loc     0x00003c4b      0x569 src/ASF/sam/drivers/pio/pio_handler.o
 .debug_loc     0x000041b4      0xaeb src/ASF/sam/drivers/pmc/pmc.o
 .debug_loc     0x00004c9f       0x6b src/ASF/sam/utils/cmsis/sam3x/source/templates/gcc/startup_sam3x.o
 .debug_loc     0x00004d0a       0xfd src/ASF/sam/utils/syscalls/gcc/syscalls.o
 .debug_loc     0x00004e07      0x33e src/main.o

.debug_aranges  0x00000000      0xc40
 .debug_aranges
                0x00000000       0x20 src/sampling.o
 .debug_aranges
                0x00000020       0x28 src/timer_counter.o
 .debug_aranges
                0x00000048       0x30 src/adc_with_pdc.o
 .debug_aranges
                0x00000078       0x20 src/ASF/common/utils/stdio/read.o
 .debug_aranges
                0x00000098      0x178 src/ASF/sam/drivers/adc/adc.o
 .debug_aranges
                0x00000210       0xd0 src/ASF/sam/drivers/tc/tc.o
 .debug_aranges
                0x000002e0      0x2a8 src/ASF/sam/drivers/usart/usart.o
 .debug_aranges
                0x00000588       0x60 src/ASF/thirdparty/wireless/addons/sio2host/uart/sio2host.o
 .debug_aranges
                0x000005e8       0x20 src/ASF/common/utils/stdio/write.o
 .debug_aranges
                0x00000608       0x28 src/ASF/common/services/serial/usart_serial.o
 .debug_aranges
                0x00000630       0xe8 src/ASF/sam/drivers/uart/uart.o
 .debug_aranges
                0x00000718       0x40 src/ASF/common/services/clock/sam3x/sysclk.o
 .debug_aranges
                0x00000758       0x28 src/ASF/common/utils/interrupt/interrupt_sam_nvic.o
 .debug_aranges
                0x00000780       0x20 src/ASF/sam/boards/arduino_due_x/init.o
 .debug_aranges
                0x000007a0      0x148 src/ASF/sam/drivers/pio/pio.o
 .debug_aranges
                0x000008e8       0x58 src/ASF/sam/drivers/pio/pio_handler.o
 .debug_aranges
                0x00000940      0x200 src/ASF/sam/drivers/pmc/pmc.o
 .debug_aranges
                0x00000b40       0x20 src/ASF/sam/utils/cmsis/sam3x/source/templates/exceptions.o
 .debug_aranges
                0x00000b60       0x20 src/ASF/sam/utils/cmsis/sam3x/source/templates/gcc/startup_sam3x.o
 .debug_aranges
                0x00000b80       0x30 src/ASF/sam/utils/cmsis/sam3x/source/templates/system_sam3x.o
 .debug_aranges
                0x00000bb0       0x60 src/ASF/sam/utils/syscalls/gcc/syscalls.o
 .debug_aranges
                0x00000c10       0x30 src/main.o

.debug_ranges   0x00000000      0xba0
 .debug_ranges  0x00000000       0x10 src/sampling.o
 .debug_ranges  0x00000010       0x30 src/timer_counter.o
 .debug_ranges  0x00000040       0x68 src/adc_with_pdc.o
 .debug_ranges  0x000000a8       0x10 src/ASF/common/utils/stdio/read.o
 .debug_ranges  0x000000b8      0x168 src/ASF/sam/drivers/adc/adc.o
 .debug_ranges  0x00000220       0xc0 src/ASF/sam/drivers/tc/tc.o
 .debug_ranges  0x000002e0      0x298 src/ASF/sam/drivers/usart/usart.o
 .debug_ranges  0x00000578       0x50 src/ASF/thirdparty/wireless/addons/sio2host/uart/sio2host.o
 .debug_ranges  0x000005c8       0x10 src/ASF/common/utils/stdio/write.o
 .debug_ranges  0x000005d8       0x48 src/ASF/common/services/serial/usart_serial.o
 .debug_ranges  0x00000620       0xd8 src/ASF/sam/drivers/uart/uart.o
 .debug_ranges  0x000006f8       0x30 src/ASF/common/services/clock/sam3x/sysclk.o
 .debug_ranges  0x00000728       0x18 src/ASF/common/utils/interrupt/interrupt_sam_nvic.o
 .debug_ranges  0x00000740       0x10 src/ASF/sam/boards/arduino_due_x/init.o
 .debug_ranges  0x00000750      0x150 src/ASF/sam/drivers/pio/pio.o
 .debug_ranges  0x000008a0       0x60 src/ASF/sam/drivers/pio/pio_handler.o
 .debug_ranges  0x00000900      0x1f0 src/ASF/sam/drivers/pmc/pmc.o
 .debug_ranges  0x00000af0       0x10 src/ASF/sam/utils/cmsis/sam3x/source/templates/exceptions.o
 .debug_ranges  0x00000b00       0x10 src/ASF/sam/utils/cmsis/sam3x/source/templates/gcc/startup_sam3x.o
 .debug_ranges  0x00000b10       0x20 src/ASF/sam/utils/cmsis/sam3x/source/templates/system_sam3x.o
 .debug_ranges  0x00000b30       0x50 src/ASF/sam/utils/syscalls/gcc/syscalls.o
 .debug_ranges  0x00000b80       0x20 src/main.o

.debug_macro    0x00000000     0x9bc7
 .debug_macro   0x00000000      0x6c8 src/sampling.o
 .debug_macro   0x000006c8       0x52 src/sampling.o
 .debug_macro   0x0000071a       0x8d src/sampling.o
 .debug_macro   0x000007a7       0x57 src/sampling.o
 .debug_macro   0x000007fe       0x82 src/sampling.o
 .debug_macro   0x00000880      0x45d src/sampling.o
 .debug_macro   0x00000cdd       0xfd src/sampling.o
 .debug_macro   0x00000dda       0x26 src/sampling.o
 .debug_macro   0x00000e00       0xa2 src/sampling.o
 .debug_macro   0x00000ea2       0x1c src/sampling.o
 .debug_macro   0x00000ebe       0x34 src/sampling.o
 .debug_macro   0x00000ef2      0x2c6 src/sampling.o
 .debug_macro   0x000011b8      0x790 src/sampling.o
 .debug_macro   0x00001948       0x5e src/sampling.o
 .debug_macro   0x000019a6       0x64 src/sampling.o
 .debug_macro   0x00001a0a       0x5f src/sampling.o
 .debug_macro   0x00001a69       0x90 src/sampling.o
 .debug_macro   0x00001af9       0x28 src/sampling.o
 .debug_macro   0x00001b21       0x23 src/sampling.o
 .debug_macro   0x00001b44       0x94 src/sampling.o
 .debug_macro   0x00001bd8       0x40 src/sampling.o
 .debug_macro   0x00001c18       0x70 src/sampling.o
 .debug_macro   0x00001c88       0x34 src/sampling.o
 .debug_macro   0x00001cbc       0x1c src/sampling.o
 .debug_macro   0x00001cd8       0x2e src/sampling.o
 .debug_macro   0x00001d06       0x1c src/sampling.o
 .debug_macro   0x00001d22      0x6c7 src/timer_counter.o
 .debug_macro   0x000023e9       0x34 src/timer_counter.o
 .debug_macro   0x0000241d      0x707 src/adc_with_pdc.o
 .debug_macro   0x00002b24       0x28 src/adc_with_pdc.o
 .debug_macro   0x00002b4c       0x16 src/adc_with_pdc.o
 .debug_macro   0x00002b62      0x550 src/ASF/common/utils/stdio/read.o
 .debug_macro   0x000030b2      0x570 src/ASF/sam/drivers/adc/adc.o
 .debug_macro   0x00003622      0x56c src/ASF/sam/drivers/tc/tc.o
 .debug_macro   0x00003b8e       0x16 src/ASF/sam/drivers/tc/tc.o
 .debug_macro   0x00003ba4       0x1c src/ASF/sam/drivers/tc/tc.o
 .debug_macro   0x00003bc0      0x59b src/ASF/sam/drivers/usart/usart.o
 .debug_macro   0x0000415b       0x28 src/ASF/sam/drivers/usart/usart.o
 .debug_macro   0x00004183      0x6c5 src/ASF/thirdparty/wireless/addons/sio2host/uart/sio2host.o
 .debug_macro   0x00004848       0x40 src/ASF/thirdparty/wireless/addons/sio2host/uart/sio2host.o
 .debug_macro   0x00004888      0x550 src/ASF/common/utils/stdio/write.o
 .debug_macro   0x00004dd8      0x60a src/ASF/common/services/serial/usart_serial.o
 .debug_macro   0x000053e2      0x55f src/ASF/sam/drivers/uart/uart.o
 .debug_macro   0x00005941       0x16 src/ASF/sam/drivers/uart/uart.o
 .debug_macro   0x00005957      0x5d1 src/ASF/common/services/clock/sam3x/sysclk.o
 .debug_macro   0x00005f28      0x2c0 src/ASF/common/services/clock/sam3x/sysclk.o
 .debug_macro   0x000061e8      0x55a src/ASF/common/utils/interrupt/interrupt_sam_nvic.o
 .debug_macro   0x00006742       0x3f src/ASF/common/utils/interrupt/interrupt_sam_nvic.o
 .debug_macro   0x00006781      0x616 src/ASF/sam/boards/arduino_due_x/init.o
 .debug_macro   0x00006d97       0x16 src/ASF/sam/boards/arduino_due_x/init.o
 .debug_macro   0x00006dad       0x6a src/ASF/sam/boards/arduino_due_x/init.o
 .debug_macro   0x00006e17      0x56b src/ASF/sam/drivers/pio/pio.o
 .debug_macro   0x00007382       0x8e src/ASF/sam/drivers/pio/pio.o
 .debug_macro   0x00007410      0x56f src/ASF/sam/drivers/pio/pio_handler.o
 .debug_macro   0x0000797f      0x565 src/ASF/sam/drivers/pmc/pmc.o
 .debug_macro   0x00007ee4       0x58 src/ASF/sam/drivers/pmc/pmc.o
 .debug_macro   0x00007f3c      0x564 src/ASF/sam/utils/cmsis/sam3x/source/templates/exceptions.o
 .debug_macro   0x000084a0      0x572 src/ASF/sam/utils/cmsis/sam3x/source/templates/gcc/startup_sam3x.o
 .debug_macro   0x00008a12      0x572 src/ASF/sam/utils/cmsis/sam3x/source/templates/system_sam3x.o
 .debug_macro   0x00008f84      0x1d6 src/ASF/sam/utils/syscalls/gcc/syscalls.o
 .debug_macro   0x0000915a       0x97 src/ASF/sam/utils/syscalls/gcc/syscalls.o
 .debug_macro   0x000091f1       0xf6 src/ASF/sam/utils/syscalls/gcc/syscalls.o
 .debug_macro   0x000092e7       0x4c src/ASF/sam/utils/syscalls/gcc/syscalls.o
 .debug_macro   0x00009333       0x16 src/ASF/sam/utils/syscalls/gcc/syscalls.o
 .debug_macro   0x00009349       0x10 src/ASF/sam/utils/syscalls/gcc/syscalls.o
 .debug_macro   0x00009359       0x10 src/ASF/sam/utils/syscalls/gcc/syscalls.o
 .debug_macro   0x00009369       0x35 src/ASF/sam/utils/syscalls/gcc/syscalls.o
 .debug_macro   0x0000939e      0x122 src/ASF/sam/utils/syscalls/gcc/syscalls.o
 .debug_macro   0x000094c0      0x707 src/main.o

.debug_line     0x00000000    0x126e0
 .debug_line    0x00000000      0xf61 src/sampling.o
 .debug_line    0x00000f61      0xf82 src/timer_counter.o
 .debug_line    0x00001ee3     0x1030 src/adc_with_pdc.o
 .debug_line    0x00002f13      0xb48 src/ASF/common/utils/stdio/read.o
 .debug_line    0x00003a5b      0xeea src/ASF/sam/drivers/adc/adc.o
 .debug_line    0x00004945      0xce6 src/ASF/sam/drivers/tc/tc.o
 .debug_line    0x0000562b     0x1222 src/ASF/sam/drivers/usart/usart.o
 .debug_line    0x0000684d     0x1119 src/ASF/thirdparty/wireless/addons/sio2host/uart/sio2host.o
 .debug_line    0x00007966      0xb40 src/ASF/common/utils/stdio/write.o
 .debug_line    0x000084a6      0xd98 src/ASF/common/services/serial/usart_serial.o
 .debug_line    0x0000923e      0xcfb src/ASF/sam/drivers/uart/uart.o
 .debug_line    0x00009f39      0xcba src/ASF/common/services/clock/sam3x/sysclk.o
 .debug_line    0x0000abf3      0xb62 src/ASF/common/utils/interrupt/interrupt_sam_nvic.o
 .debug_line    0x0000b755      0xd4d src/ASF/sam/boards/arduino_due_x/init.o
 .debug_line    0x0000c4a2      0xec9 src/ASF/sam/drivers/pio/pio.o
 .debug_line    0x0000d36b      0xc0d src/ASF/sam/drivers/pio/pio_handler.o
 .debug_line    0x0000df78     0x10c0 src/ASF/sam/drivers/pmc/pmc.o
 .debug_line    0x0000f038      0xb23 src/ASF/sam/utils/cmsis/sam3x/source/templates/exceptions.o
 .debug_line    0x0000fb5b      0xb6c src/ASF/sam/utils/cmsis/sam3x/source/templates/gcc/startup_sam3x.o
 .debug_line    0x000106c7      0xb9e src/ASF/sam/utils/cmsis/sam3x/source/templates/system_sam3x.o
 .debug_line    0x00011265      0x40b src/ASF/sam/utils/syscalls/gcc/syscalls.o
 .debug_line    0x00011670     0x1070 src/main.o

.debug_str      0x00000000    0x661c4
 .debug_str     0x00000000    0x62031 src/sampling.o
                              0x623ec (size before relaxing)
 .debug_str     0x00062031      0x131 src/timer_counter.o
                              0x622f9 (size before relaxing)
 .debug_str     0x00062162      0xa09 src/adc_with_pdc.o
                              0x62e18 (size before relaxing)
 .debug_str     0x00062b6b       0x73 src/ASF/common/utils/stdio/read.o
                              0x5c7bb (size before relaxing)
 .debug_str     0x00062bde      0x551 src/ASF/sam/drivers/adc/adc.o
                              0x5d2b1 (size before relaxing)
 .debug_str     0x0006312f      0x2fc src/ASF/sam/drivers/tc/tc.o
                              0x5cb6a (size before relaxing)
 .debug_str     0x0006342b      0xb1a src/ASF/sam/drivers/usart/usart.o
                              0x5d438 (size before relaxing)
 .debug_str     0x00063f45      0x63c src/ASF/thirdparty/wireless/addons/sio2host/uart/sio2host.o
                              0x61d55 (size before relaxing)
 .debug_str     0x00064581       0x26 src/ASF/common/utils/stdio/write.o
                              0x5c7bc (size before relaxing)
 .debug_str     0x000645a7       0x31 src/ASF/common/services/serial/usart_serial.o
                              0x60986 (size before relaxing)
 .debug_str     0x000645d8      0x1e3 src/ASF/sam/drivers/uart/uart.o
                              0x5cb87 (size before relaxing)
 .debug_str     0x000647bb      0x352 src/ASF/common/services/clock/sam3x/sysclk.o
                              0x6086d (size before relaxing)
 .debug_str     0x00064b0d       0x73 src/ASF/common/utils/interrupt/interrupt_sam_nvic.o
                              0x5c812 (size before relaxing)
 .debug_str     0x00064b80       0xda src/ASF/sam/boards/arduino_due_x/init.o
                              0x60f4f (size before relaxing)
 .debug_str     0x00064c5a      0x3cf src/ASF/sam/drivers/pio/pio.o
                              0x5d166 (size before relaxing)
 .debug_str     0x00065029      0x1bf src/ASF/sam/drivers/pio/pio_handler.o
                              0x5d25f (size before relaxing)
 .debug_str     0x000651e8      0x574 src/ASF/sam/drivers/pmc/pmc.o
                              0x5d1e2 (size before relaxing)
 .debug_str     0x0006575c       0x4d src/ASF/sam/utils/cmsis/sam3x/source/templates/exceptions.o
                              0x5c7db (size before relaxing)
 .debug_str     0x000657a9       0xd9 src/ASF/sam/utils/cmsis/sam3x/source/templates/gcc/startup_sam3x.o
                              0x5c8d7 (size before relaxing)
 .debug_str     0x00065882      0x195 src/ASF/sam/utils/cmsis/sam3x/source/templates/system_sam3x.o
                              0x5cab3 (size before relaxing)
 .debug_str     0x00065a17      0x761 src/ASF/sam/utils/syscalls/gcc/syscalls.o
                               0x740f (size before relaxing)
 .debug_str     0x00066178       0x4c src/main.o
                              0x62863 (size before relaxing)

.debug_frame    0x00000000     0x27b0
 .debug_frame   0x00000000       0x2c src/sampling.o
 .debug_frame   0x0000002c       0x38 src/timer_counter.o
 .debug_frame   0x00000064       0x80 src/adc_with_pdc.o
 .debug_frame   0x000000e4       0x30 src/ASF/common/utils/stdio/read.o
 .debug_frame   0x00000114      0x320 src/ASF/sam/drivers/adc/adc.o
 .debug_frame   0x00000434      0x1a8 src/ASF/sam/drivers/tc/tc.o
 .debug_frame   0x000005dc      0x5cc src/ASF/sam/drivers/usart/usart.o
 .debug_frame   0x00000ba8      0x134 src/ASF/thirdparty/wireless/addons/sio2host/uart/sio2host.o
 .debug_frame   0x00000cdc       0x48 src/ASF/common/utils/stdio/write.o
 .debug_frame   0x00000d24       0x80 src/ASF/common/services/serial/usart_serial.o
 .debug_frame   0x00000da4      0x1bc src/ASF/sam/drivers/uart/uart.o
 .debug_frame   0x00000f60       0x88 src/ASF/common/services/clock/sam3x/sysclk.o
 .debug_frame   0x00000fe8       0x30 src/ASF/common/utils/interrupt/interrupt_sam_nvic.o
 .debug_frame   0x00001018       0x28 src/ASF/sam/boards/arduino_due_x/init.o
 .debug_frame   0x00001040      0x2b8 src/ASF/sam/drivers/pio/pio.o
 .debug_frame   0x000012f8       0xf8 src/ASF/sam/drivers/pio/pio_handler.o
 .debug_frame   0x000013f0      0x3ec src/ASF/sam/drivers/pmc/pmc.o
 .debug_frame   0x000017dc       0x20 src/ASF/sam/utils/cmsis/sam3x/source/templates/exceptions.o
 .debug_frame   0x000017fc       0x28 src/ASF/sam/utils/cmsis/sam3x/source/templates/gcc/startup_sam3x.o
 .debug_frame   0x00001824       0x40 src/ASF/sam/utils/cmsis/sam3x/source/templates/system_sam3x.o
 .debug_frame   0x00001864       0xa0 src/ASF/sam/utils/syscalls/gcc/syscalls.o
 .debug_frame   0x00001904       0x6c src/main.o
 .debug_frame   0x00001970       0x4c c:/program files (x86)/atmel/studio/7.0/toolchain/arm/arm-gnu-toolchain/bin/../lib/gcc/arm-none-eabi/6.3.1/thumb/v7-m\libgcc.a(_arm_addsubsf3.o)
 .debug_frame   0x000019bc       0x38 c:/program files (x86)/atmel/studio/7.0/toolchain/arm/arm-gnu-toolchain/bin/../lib/gcc/arm-none-eabi/6.3.1/thumb/v7-m\libgcc.a(_arm_muldivsf3.o)
 .debug_frame   0x000019f4       0x24 c:/program files (x86)/atmel/studio/7.0/toolchain/arm/arm-gnu-toolchain/bin/../lib/gcc/arm-none-eabi/6.3.1/thumb/v7-m\libgcc.a(_arm_fixunssfsi.o)
 .debug_frame   0x00001a18       0x2c c:/program files (x86)/atmel/studio/7.0/toolchain/arm/arm-gnu-toolchain/bin/../lib/gcc/arm-none-eabi/6.3.1/../../../../arm-none-eabi/lib/thumb/v7-m\libc.a(lib_a-init.o)
 .debug_frame   0x00001a44       0x78 c:/program files (x86)/atmel/studio/7.0/toolchain/arm/arm-gnu-toolchain/bin/../lib/gcc/arm-none-eabi/6.3.1/../../../../arm-none-eabi/lib/thumb/v7-m\libc.a(lib_a-iprintf.o)
 .debug_frame   0x00001abc       0x34 c:/program files (x86)/atmel/studio/7.0/toolchain/arm/arm-gnu-toolchain/bin/../lib/gcc/arm-none-eabi/6.3.1/../../../../arm-none-eabi/lib/thumb/v7-m\libc.a(lib_a-memset.o)
 .debug_frame   0x00001af0       0x20 c:/program files (x86)/atmel/studio/7.0/toolchain/arm/arm-gnu-toolchain/bin/../lib/gcc/arm-none-eabi/6.3.1/../../../../arm-none-eabi/lib/thumb/v7-m\libc.a(lib_a-setbuf.o)
 .debug_frame   0x00001b10       0x48 c:/program files (x86)/atmel/studio/7.0/toolchain/arm/arm-gnu-toolchain/bin/../lib/gcc/arm-none-eabi/6.3.1/../../../../arm-none-eabi/lib/thumb/v7-m\libc.a(lib_a-setvbuf.o)
 .debug_frame   0x00001b58       0x20 c:/program files (x86)/atmel/studio/7.0/toolchain/arm/arm-gnu-toolchain/bin/../lib/gcc/arm-none-eabi/6.3.1/../../../../arm-none-eabi/lib/thumb/v7-m\libc.a(lib_a-strlen-stub.o)
 .debug_frame   0x00001b78       0xd8 c:/program files (x86)/atmel/studio/7.0/toolchain/arm/arm-gnu-toolchain/bin/../lib/gcc/arm-none-eabi/6.3.1/../../../../arm-none-eabi/lib/thumb/v7-m\libc.a(lib_a-vfiprintf.o)
 .debug_frame   0x00001c50       0x2c c:/program files (x86)/atmel/studio/7.0/toolchain/arm/arm-gnu-toolchain/bin/../lib/gcc/arm-none-eabi/6.3.1/../../../../arm-none-eabi/lib/thumb/v7-m\libc.a(lib_a-wsetup.o)
 .debug_frame   0x00001c7c       0x5c c:/program files (x86)/atmel/studio/7.0/toolchain/arm/arm-gnu-toolchain/bin/../lib/gcc/arm-none-eabi/6.3.1/../../../../arm-none-eabi/lib/thumb/v7-m\libc.a(lib_a-__call_atexit.o)
 .debug_frame   0x00001cd8       0x20 c:/program files (x86)/atmel/studio/7.0/toolchain/arm/arm-gnu-toolchain/bin/../lib/gcc/arm-none-eabi/6.3.1/../../../../arm-none-eabi/lib/thumb/v7-m\libc.a(lib_a-atexit.o)
 .debug_frame   0x00001cf8       0x5c c:/program files (x86)/atmel/studio/7.0/toolchain/arm/arm-gnu-toolchain/bin/../lib/gcc/arm-none-eabi/6.3.1/../../../../arm-none-eabi/lib/thumb/v7-m\libc.a(lib_a-fflush.o)
 .debug_frame   0x00001d54      0x150 c:/program files (x86)/atmel/studio/7.0/toolchain/arm/arm-gnu-toolchain/bin/../lib/gcc/arm-none-eabi/6.3.1/../../../../arm-none-eabi/lib/thumb/v7-m\libc.a(lib_a-findfp.o)
 .debug_frame   0x00001ea4       0x34 c:/program files (x86)/atmel/studio/7.0/toolchain/arm/arm-gnu-toolchain/bin/../lib/gcc/arm-none-eabi/6.3.1/../../../../arm-none-eabi/lib/thumb/v7-m\libc.a(lib_a-fini.o)
 .debug_frame   0x00001ed8       0x90 c:/program files (x86)/atmel/studio/7.0/toolchain/arm/arm-gnu-toolchain/bin/../lib/gcc/arm-none-eabi/6.3.1/../../../../arm-none-eabi/lib/thumb/v7-m\libc.a(lib_a-fputwc.o)
 .debug_frame   0x00001f68       0x74 c:/program files (x86)/atmel/studio/7.0/toolchain/arm/arm-gnu-toolchain/bin/../lib/gcc/arm-none-eabi/6.3.1/../../../../arm-none-eabi/lib/thumb/v7-m\libc.a(lib_a-freer.o)
 .debug_frame   0x00001fdc       0x68 c:/program files (x86)/atmel/studio/7.0/toolchain/arm/arm-gnu-toolchain/bin/../lib/gcc/arm-none-eabi/6.3.1/../../../../arm-none-eabi/lib/thumb/v7-m\libc.a(lib_a-fvwrite.o)
 .debug_frame   0x00002044       0x54 c:/program files (x86)/atmel/studio/7.0/toolchain/arm/arm-gnu-toolchain/bin/../lib/gcc/arm-none-eabi/6.3.1/../../../../arm-none-eabi/lib/thumb/v7-m\libc.a(lib_a-fwalk.o)
 .debug_frame   0x00002098       0x6c c:/program files (x86)/atmel/studio/7.0/toolchain/arm/arm-gnu-toolchain/bin/../lib/gcc/arm-none-eabi/6.3.1/../../../../arm-none-eabi/lib/thumb/v7-m\libc.a(lib_a-locale.o)
 .debug_frame   0x00002104       0xb0 c:/program files (x86)/atmel/studio/7.0/toolchain/arm/arm-gnu-toolchain/bin/../lib/gcc/arm-none-eabi/6.3.1/../../../../arm-none-eabi/lib/thumb/v7-m\libc.a(lib_a-lock.o)
 .debug_frame   0x000021b4       0x68 c:/program files (x86)/atmel/studio/7.0/toolchain/arm/arm-gnu-toolchain/bin/../lib/gcc/arm-none-eabi/6.3.1/../../../../arm-none-eabi/lib/thumb/v7-m\libc.a(lib_a-makebuf.o)
 .debug_frame   0x0000221c       0x30 c:/program files (x86)/atmel/studio/7.0/toolchain/arm/arm-gnu-toolchain/bin/../lib/gcc/arm-none-eabi/6.3.1/../../../../arm-none-eabi/lib/thumb/v7-m\libc.a(lib_a-malloc.o)
 .debug_frame   0x0000224c       0x54 c:/program files (x86)/atmel/studio/7.0/toolchain/arm/arm-gnu-toolchain/bin/../lib/gcc/arm-none-eabi/6.3.1/../../../../arm-none-eabi/lib/thumb/v7-m\libc.a(lib_a-mallocr.o)
 .debug_frame   0x000022a0       0x4c c:/program files (x86)/atmel/studio/7.0/toolchain/arm/arm-gnu-toolchain/bin/../lib/gcc/arm-none-eabi/6.3.1/../../../../arm-none-eabi/lib/thumb/v7-m\libc.a(lib_a-mbtowc_r.o)
 .debug_frame   0x000022ec       0x34 c:/program files (x86)/atmel/studio/7.0/toolchain/arm/arm-gnu-toolchain/bin/../lib/gcc/arm-none-eabi/6.3.1/../../../../arm-none-eabi/lib/thumb/v7-m\libc.a(lib_a-memchr-stub.o)
 .debug_frame   0x00002320       0x30 c:/program files (x86)/atmel/studio/7.0/toolchain/arm/arm-gnu-toolchain/bin/../lib/gcc/arm-none-eabi/6.3.1/../../../../arm-none-eabi/lib/thumb/v7-m\libc.a(lib_a-memmove.o)
 .debug_frame   0x00002350       0x30 c:/program files (x86)/atmel/studio/7.0/toolchain/arm/arm-gnu-toolchain/bin/../lib/gcc/arm-none-eabi/6.3.1/../../../../arm-none-eabi/lib/thumb/v7-m\libc.a(lib_a-mlock.o)
 .debug_frame   0x00002380       0x68 c:/program files (x86)/atmel/studio/7.0/toolchain/arm/arm-gnu-toolchain/bin/../lib/gcc/arm-none-eabi/6.3.1/../../../../arm-none-eabi/lib/thumb/v7-m\libc.a(lib_a-reallocr.o)
 .debug_frame   0x000023e8       0x2c c:/program files (x86)/atmel/studio/7.0/toolchain/arm/arm-gnu-toolchain/bin/../lib/gcc/arm-none-eabi/6.3.1/../../../../arm-none-eabi/lib/thumb/v7-m\libc.a(lib_a-sbrkr.o)
 .debug_frame   0x00002414       0x88 c:/program files (x86)/atmel/studio/7.0/toolchain/arm/arm-gnu-toolchain/bin/../lib/gcc/arm-none-eabi/6.3.1/../../../../arm-none-eabi/lib/thumb/v7-m\libc.a(lib_a-stdio.o)
 .debug_frame   0x0000249c       0x40 c:/program files (x86)/atmel/studio/7.0/toolchain/arm/arm-gnu-toolchain/bin/../lib/gcc/arm-none-eabi/6.3.1/../../../../arm-none-eabi/lib/thumb/v7-m\libc.a(lib_a-wbuf.o)
 .debug_frame   0x000024dc       0x5c c:/program files (x86)/atmel/studio/7.0/toolchain/arm/arm-gnu-toolchain/bin/../lib/gcc/arm-none-eabi/6.3.1/../../../../arm-none-eabi/lib/thumb/v7-m\libc.a(lib_a-wcrtomb.o)
 .debug_frame   0x00002538       0x3c c:/program files (x86)/atmel/studio/7.0/toolchain/arm/arm-gnu-toolchain/bin/../lib/gcc/arm-none-eabi/6.3.1/../../../../arm-none-eabi/lib/thumb/v7-m\libc.a(lib_a-wctomb_r.o)
 .debug_frame   0x00002574       0x30 c:/program files (x86)/atmel/studio/7.0/toolchain/arm/arm-gnu-toolchain/bin/../lib/gcc/arm-none-eabi/6.3.1/../../../../arm-none-eabi/lib/thumb/v7-m\libc.a(lib_a-writer.o)
 .debug_frame   0x000025a4       0x34 c:/program files (x86)/atmel/studio/7.0/toolchain/arm/arm-gnu-toolchain/bin/../lib/gcc/arm-none-eabi/6.3.1/../../../../arm-none-eabi/lib/thumb/v7-m\libc.a(lib_a-__atexit.o)
 .debug_frame   0x000025d8       0x2c c:/program files (x86)/atmel/studio/7.0/toolchain/arm/arm-gnu-toolchain/bin/../lib/gcc/arm-none-eabi/6.3.1/../../../../arm-none-eabi/lib/thumb/v7-m\libc.a(lib_a-closer.o)
 .debug_frame   0x00002604       0x3c c:/program files (x86)/atmel/studio/7.0/toolchain/arm/arm-gnu-toolchain/bin/../lib/gcc/arm-none-eabi/6.3.1/../../../../arm-none-eabi/lib/thumb/v7-m\libc.a(lib_a-fclose.o)
 .debug_frame   0x00002640       0x2c c:/program files (x86)/atmel/studio/7.0/toolchain/arm/arm-gnu-toolchain/bin/../lib/gcc/arm-none-eabi/6.3.1/../../../../arm-none-eabi/lib/thumb/v7-m\libc.a(lib_a-fstatr.o)
 .debug_frame   0x0000266c       0x2c c:/program files (x86)/atmel/studio/7.0/toolchain/arm/arm-gnu-toolchain/bin/../lib/gcc/arm-none-eabi/6.3.1/../../../../arm-none-eabi/lib/thumb/v7-m\libc.a(lib_a-isattyr.o)
 .debug_frame   0x00002698       0x30 c:/program files (x86)/atmel/studio/7.0/toolchain/arm/arm-gnu-toolchain/bin/../lib/gcc/arm-none-eabi/6.3.1/../../../../arm-none-eabi/lib/thumb/v7-m\libc.a(lib_a-lseekr.o)
 .debug_frame   0x000026c8       0x30 c:/program files (x86)/atmel/studio/7.0/toolchain/arm/arm-gnu-toolchain/bin/../lib/gcc/arm-none-eabi/6.3.1/../../../../arm-none-eabi/lib/thumb/v7-m\libc.a(lib_a-readr.o)
 .debug_frame   0x000026f8       0x58 c:/program files (x86)/atmel/studio/7.0/toolchain/arm/arm-gnu-toolchain/bin/../lib/gcc/arm-none-eabi/6.3.1/../../../../arm-none-eabi/lib/thumb/v7-m\libc.a(lib_a-reent.o)
 .debug_frame   0x00002750       0x2c c:/program files (x86)/atmel/studio/7.0/toolchain/arm/arm-gnu-toolchain/bin/../lib/gcc/arm-none-eabi/6.3.1/thumb/v7-m\libgcc.a(_aeabi_uldivmod.o)
 .debug_frame   0x0000277c       0x34 c:/program files (x86)/atmel/studio/7.0/toolchain/arm/arm-gnu-toolchain/bin/../lib/gcc/arm-none-eabi/6.3.1/thumb/v7-m\libgcc.a(_udivmoddi4.o)

Cross Reference Table

Symbol                                            File
ADC_Handler                                       src/adc_with_pdc.o
                                                  src/ASF/sam/utils/cmsis/sam3x/source/templates/gcc/startup_sam3x.o
BusFault_Handler                                  src/ASF/sam/utils/cmsis/sam3x/source/templates/exceptions.o
                                                  src/ASF/sam/utils/cmsis/sam3x/source/templates/gcc/startup_sam3x.o
CAN0_Handler                                      src/ASF/sam/utils/cmsis/sam3x/source/templates/exceptions.o
                                                  src/ASF/sam/utils/cmsis/sam3x/source/templates/gcc/startup_sam3x.o
CAN1_Handler                                      src/ASF/sam/utils/cmsis/sam3x/source/templates/exceptions.o
                                                  src/ASF/sam/utils/cmsis/sam3x/source/templates/gcc/startup_sam3x.o
DACC_Handler                                      src/ASF/sam/utils/cmsis/sam3x/source/templates/exceptions.o
                                                  src/ASF/sam/utils/cmsis/sam3x/source/templates/gcc/startup_sam3x.o
DMAC_Handler                                      src/ASF/sam/utils/cmsis/sam3x/source/templates/exceptions.o
                                                  src/ASF/sam/utils/cmsis/sam3x/source/templates/gcc/startup_sam3x.o
DebugMon_Handler                                  src/ASF/sam/utils/cmsis/sam3x/source/templates/exceptions.o
                                                  src/ASF/sam/utils/cmsis/sam3x/source/templates/gcc/startup_sam3x.o
Dummy_Handler                                     src/ASF/sam/utils/cmsis/sam3x/source/templates/exceptions.o
EFC0_Handler                                      src/ASF/sam/utils/cmsis/sam3x/source/templates/exceptions.o
                                                  src/ASF/sam/utils/cmsis/sam3x/source/templates/gcc/startup_sam3x.o
EFC1_Handler                                      src/ASF/sam/utils/cmsis/sam3x/source/templates/exceptions.o
                                                  src/ASF/sam/utils/cmsis/sam3x/source/templates/gcc/startup_sam3x.o
EMAC_Handler                                      src/ASF/sam/utils/cmsis/sam3x/source/templates/exceptions.o
                                                  src/ASF/sam/utils/cmsis/sam3x/source/templates/gcc/startup_sam3x.o
HSMCI_Handler                                     src/ASF/sam/utils/cmsis/sam3x/source/templates/exceptions.o
                                                  src/ASF/sam/utils/cmsis/sam3x/source/templates/gcc/startup_sam3x.o
HardFault_Handler                                 src/ASF/sam/utils/cmsis/sam3x/source/templates/exceptions.o
                                                  src/ASF/sam/utils/cmsis/sam3x/source/templates/gcc/startup_sam3x.o
MemManage_Handler                                 src/ASF/sam/utils/cmsis/sam3x/source/templates/exceptions.o
                                                  src/ASF/sam/utils/cmsis/sam3x/source/templates/gcc/startup_sam3x.o
NMI_Handler                                       src/ASF/sam/utils/cmsis/sam3x/source/templates/exceptions.o
                                                  src/ASF/sam/utils/cmsis/sam3x/source/templates/gcc/startup_sam3x.o
PIOA_Handler                                      src/ASF/sam/drivers/pio/pio_handler.o
                                                  src/ASF/sam/utils/cmsis/sam3x/source/templates/gcc/startup_sam3x.o
PIOB_Handler                                      src/ASF/sam/drivers/pio/pio_handler.o
                                                  src/ASF/sam/utils/cmsis/sam3x/source/templates/gcc/startup_sam3x.o
PIOC_Handler                                      src/ASF/sam/drivers/pio/pio_handler.o
                                                  src/ASF/sam/utils/cmsis/sam3x/source/templates/gcc/startup_sam3x.o
PIOD_Handler                                      src/ASF/sam/drivers/pio/pio_handler.o
                                                  src/ASF/sam/utils/cmsis/sam3x/source/templates/gcc/startup_sam3x.o
PMC_Handler                                       src/ASF/sam/utils/cmsis/sam3x/source/templates/exceptions.o
                                                  src/ASF/sam/utils/cmsis/sam3x/source/templates/gcc/startup_sam3x.o
PWM_Handler                                       src/ASF/sam/utils/cmsis/sam3x/source/templates/exceptions.o